******************************************************************************
                  TI ARM Linker PC v20.2.5                     
******************************************************************************
>> Linked Fri Oct 22 15:52:53 2021

OUTPUT FILE NAME:   <ESD-Lab3.out>
ENTRY POINT SYMBOL: "_c_int00_noargs"  address: 000033d5


MEMORY CONFIGURATION

         name            origin    length      used     unused   attr    fill
----------------------  --------  ---------  --------  --------  ----  --------
  MAIN                  00000000   00040000  00003691  0003c96f  R  X
  INFO                  00200000   00004000  00000000  00004000  R  X
  SRAM_CODE             01000000   00010000  00000e48  0000f1b8  RW X
  SRAM_DATA             20000000   00010000  00000e48  0000f1b8  RW  


SEGMENT ALLOCATION MAP

run origin  load origin   length   init length attrs members
----------  ----------- ---------- ----------- ----- -------
00000000    00000000    00003698   00003698    r-x
  00000000    00000000    000000e4   000000e4    r-- .intvecs
  000000e4    000000e4    0000346c   0000346c    r-x .text
  00003550    00003550    00000101   00000101    r-- .const
  00003658    00003658    00000040   00000040    r-- .cinit
20000000    20000000    00000c48   00000000    rw-
  20000000    20000000    0000082c   00000000    rw- .bss
  2000082c    2000082c    0000041c   00000000    rw- .data
2000fe00    2000fe00    00000200   00000000    rw-
  2000fe00    2000fe00    00000200   00000000    rw- .stack


SECTION ALLOCATION MAP

 output                                  attributes/
section   page    origin      length       input sections
--------  ----  ----------  ----------   ----------------
.intvecs   0    00000000    000000e4     
                  00000000    000000e4     startup_msp432p401r_ccs.obj (.intvecs:retain)

.text      0    000000e4    0000346c     
                  000000e4    00000a4e     rtsv7M4_T_le_v4SPD16_eabi.lib : _printfi.c.obj (.text:__TI_printfi)
                  00000b32    00000002                                   : div0.asm.obj (.text)
                  00000b34    0000058c     cmd_processor.obj (.text)
                  000010c0    00000364     uart.obj (.text)
                  00001424    00000334     system_msp432p401r.obj (.text)
                  00001758    00000308     irq.obj (.text)
                  00001a60    00000270     rtsv7M4_T_le_v4SPD16_eabi.lib : _printfi.c.obj (.text:_pconv_a)
                  00001cd0    000001d4     main.obj (.text)
                  00001ea4    000001d0     rtsv7M4_T_le_v4SPD16_eabi.lib : _printfi.c.obj (.text:_pconv_g)
                  00002074    000001b6                                   : fd_add_t2.asm.obj (.text)
                  0000222a    00000002     --HOLE-- [fill = 0]
                  0000222c    00000188     timers.obj (.text)
                  000023b4    00000170     gpio.obj (.text)
                  00002524    00000156     cbfifo.obj (.text)
                  0000267a    00000002     --HOLE-- [fill = 0]
                  0000267c    0000013c     rtsv7M4_T_le_v4SPD16_eabi.lib : _printfi.c.obj (.text:_pconv_e)
                  000027b8    00000136                                   : fd_div_t2.asm.obj (.text)
                  000028ee    00000002     --HOLE-- [fill = 0]
                  000028f0    00000124                                   : _printfi.c.obj (.text:fcvt)
                  00002a14    00000110                                   : s_scalbn.c.obj (.text:scalbn)
                  00002b24    000000fc                                   : fd_mul_t2.asm.obj (.text)
                  00002c20    000000b1                                   : _printfi.c.obj (.text:_ltostr)
                  00002cd1    00000001     --HOLE-- [fill = 0]
                  00002cd2    0000009c                                   : memcpy_t2.asm.obj (.text)
                  00002d6e    00000096                                   : ull_div_t2.asm.obj (.text)
                  00002e04    00000086                                   : fd_cmp_t2.asm.obj (.text:__aeabi_cdcmple)
                  00002e8a    00000086                                   : fd_cmp_t2.asm.obj (.text:__aeabi_cdrcmple)
                  00002f10    00000084     temp.obj (.text)
                  00002f94    0000007a     rtsv7M4_T_le_v4SPD16_eabi.lib : memset_t2.asm.obj (.text)
                  0000300e    0000006e                                   : _printfi.c.obj (.text:_mcpy)
                  0000307c    00000068                                   : copy_decompress_lzss.c.obj (.text:decompress:lzss:__TI_decompress_lzss)
                  000030e4    00000064                                   : s_frexp.c.obj (.text:frexp)
                  00003148    00000056                                   : _printfi.c.obj (.text:_pconv_f)
                  0000319e    00000054                                   : _ltoa.c.obj (.text:__TI_ltoa)
                  000031f2    00000052                                   : _printfi.c.obj (.text:_ecpy)
                  00003244    0000004c                                   : atoi.c.obj (.text:atoi)
                  00003290    00000048                                   : fd_toi_t2.asm.obj (.text)
                  000032d8    00000044                                   : autoinit.c.obj (.text:__TI_auto_init_nobinit_nopinit:__TI_auto_init_nobinit_nopinit)
                  0000331c    00000040                                   : sprintf.c.obj (.text:sprintf)
                  0000335c    0000003e                                   : _printfi.c.obj (.text:_fcpy)
                  0000339a    00000038                                   : fs_tod_t2.asm.obj (.text)
                  000033d2    00000002     --HOLE-- [fill = 0]
                  000033d4    00000034                                   : boot_cortex_m.c.obj (.text:_c_int00_noargs:_c_int00_noargs)
                  00003408    0000002e                                   : i_tofd_t2.asm.obj (.text)
                  00003436    0000002e                                   : strncat.c.obj (.text:strncat)
                  00003464    0000001e                                   : strcat.c.obj (.text:strcat)
                  00003482    0000001c                                   : memccpy.c.obj (.text:memccpy)
                  0000349e    0000001a                                   : s_copysign.c.obj (.text:copysign)
                  000034b8    00000018                                   : sprintf.c.obj (.text:_outs)
                  000034d0    00000016                                   : strchr.c.obj (.text:strchr)
                  000034e6    00000014                                   : strlen.c.obj (.text:strlen)
                  000034fa    00000012                                   : wcslen.c.obj (.text:wcslen)
                  0000350c    0000000e                                   : copy_decompress_none.c.obj (.text:decompress:none:__TI_decompress_none)
                  0000351a    0000000e     startup_msp432p401r_ccs.obj (.text)
                  00003528    0000000c     rtsv7M4_T_le_v4SPD16_eabi.lib : copy_zero_init.c.obj (.text:decompress:ZI:__TI_zero_init)
                  00003534    0000000a                                   : sprintf.c.obj (.text:_outc)
                  0000353e    00000002     --HOLE-- [fill = 0]
                  00003540    00000008                                   : errno.c.obj (.text:__aeabi_errno_addr)
                  00003548    00000004                                   : pre_init.c.obj (.text:_system_pre_init)
                  0000354c    00000004                                   : exit.c.obj (.text:abort:abort)

.const     0    00003550    00000101     
                  00003550    00000101     rtsv7M4_T_le_v4SPD16_eabi.lib : ctype.c.obj (.const:.string:_ctypes_)

.cinit     0    00003658    00000040     
                  00003658    0000001a     (.cinit..data.load) [load image, compression = lzss]
                  00003672    00000002     --HOLE-- [fill = 0]
                  00003674    0000000c     (__TI_handler_table)
                  00003680    00000008     (.cinit..bss.load) [load image, compression = zero_init]
                  00003688    00000010     (__TI_cinit_table)

.init_array 
*          0    00000000    00000000     UNINITIALIZED

.binit     0    00000000    00000000     

.bss       0    20000000    0000082c     UNINITIALIZED
                  20000000    00000410     (.common:cbfifo_receive)
                  20000410    00000410     (.common:cbfifo_transmit)
                  20000820    00000004     uart.obj (.bss)
                  20000824    00000004     (.common:IntDegF)
                  20000828    00000004     (.common:temp)

.data      0    2000082c    0000041c     UNINITIALIZED
                  2000082c    00000400     uart.obj (.data:input_raw$1)
                  20000c2c    0000000a     irq.obj (.data)
                  20000c36    00000002     --HOLE--
                  20000c38    00000004     rtsv7M4_T_le_v4SPD16_eabi.lib : errno.c.obj (.data)
                  20000c3c    00000004     system_msp432p401r.obj (.data)
                  20000c40    00000004     timers.obj (.data)
                  20000c44    00000004     uart.obj (.data)

.stack     0    2000fe00    00000200     UNINITIALIZED
                  2000fe00    00000004     rtsv7M4_T_le_v4SPD16_eabi.lib : boot_cortex_m.c.obj (.stack)
                  2000fe04    000001fc     --HOLE--

__llvm_prf_cnts 
*          0    20000000    00000000     UNINITIALIZED

MODULE SUMMARY

       Module                        code    ro data   rw data
       ------                        ----    -------   -------
    .\
       cbfifo.obj                    342     0         4160   
       uart.obj                      868     0         2064   
       cmd_processor.obj             1420    0         0      
       system_msp432p401r.obj        820     0         8      
       irq.obj                       776     0         36     
       main.obj                      468     0         0      
       timers.obj                    392     0         8      
       gpio.obj                      368     0         0      
       startup_msp432p401r_ccs.obj   14      228       0      
       temp.obj                      132     0         0      
    +--+-----------------------------+-------+---------+---------+
       Total:                        5600    228       6276   
                                                              
    C:\ti\ccs1040\ccs\tools\compiler\ti-cgt-arm_20.2.5.LTS\lib\rtsv7M4_T_le_v4SPD16_eabi.lib
       _printfi.c.obj                4851    0         0      
       fd_add_t2.asm.obj             438     0         0      
       fd_div_t2.asm.obj             310     0         0      
       s_scalbn.c.obj                272     0         0      
       fd_cmp_t2.asm.obj             268     0         0      
       ctype.c.obj                   0       257       0      
       fd_mul_t2.asm.obj             252     0         0      
       memcpy_t2.asm.obj             156     0         0      
       ull_div_t2.asm.obj            150     0         0      
       memset_t2.asm.obj             122     0         0      
       copy_decompress_lzss.c.obj    104     0         0      
       s_frexp.c.obj                 100     0         0      
       sprintf.c.obj                 98      0         0      
       _ltoa.c.obj                   84      0         0      
       atoi.c.obj                    76      0         0      
       fd_toi_t2.asm.obj             72      0         0      
       autoinit.c.obj                68      0         0      
       fs_tod_t2.asm.obj             56      0         0      
       boot_cortex_m.c.obj           52      0         0      
       i_tofd_t2.asm.obj             46      0         0      
       strncat.c.obj                 46      0         0      
       strcat.c.obj                  30      0         0      
       memccpy.c.obj                 28      0         0      
       s_copysign.c.obj              26      0         0      
       strchr.c.obj                  22      0         0      
       strlen.c.obj                  20      0         0      
       wcslen.c.obj                  18      0         0      
       errno.c.obj                   8       0         8      
       copy_decompress_none.c.obj    14      0         0      
       copy_zero_init.c.obj          12      0         0      
       exit.c.obj                    4       0         0      
       pre_init.c.obj                4       0         0      
       div0.asm.obj                  2       0         0      
    +--+-----------------------------+-------+---------+---------+
       Total:                        7809    257       8      
                                                              
       Stack:                        0       0         1024   
       Linker Generated:             0       62        0      
    +--+-----------------------------+-------+---------+---------+
       Grand Total:                  13409   547       7308   


LINKER GENERATED COPY TABLES

__TI_cinit_table @ 00003688 records: 2, size/record: 8, table size: 16
	.data: load addr=00003658, load size=0000001a bytes, run addr=2000082c, run size=0000041c bytes, compression=lzss
	.bss: load addr=00003680, load size=00000008 bytes, run addr=20000000, run size=0000082c bytes, compression=zero_init


LINKER GENERATED HANDLER TABLE

__TI_handler_table @ 00003674 records: 3, size/record: 4, table size: 12
	index: 0, handler: __TI_decompress_lzss
	index: 1, handler: __TI_decompress_none
	index: 2, handler: __TI_zero_init


GLOBAL SYMBOLS: SORTED ALPHABETICALLY BY Name 

address   name                          
-------   ----                          
000018db  ADC14_IRQHandler              
000018db  ADC14_IRQHandler              
00003527  AES256_IRQHandler             
00003527  BusFault_Handler              
0000354d  C$$EXIT                       
00003527  COMP_E0_IRQHandler            
00003527  COMP_E1_IRQHandler            
00003527  CS_IRQHandler                 
00003527  DMA_ERR_IRQHandler            
00003527  DMA_INT0_IRQHandler           
00003527  DMA_INT1_IRQHandler           
00003527  DMA_INT2_IRQHandler           
00003527  DMA_INT3_IRQHandler           
00003527  DebugMon_Handler              
00003527  Default_Handler               
00001759  EUSCIA0_IRQHandler            
00001759  EUSCIA0_IRQHandler            
00003527  EUSCIA1_IRQHandler            
00003527  EUSCIA2_IRQHandler            
00003527  EUSCIA3_IRQHandler            
00003527  EUSCIB0_IRQHandler            
00003527  EUSCIB1_IRQHandler            
00003527  EUSCIB2_IRQHandler            
00003527  EUSCIB3_IRQHandler            
00003527  FLCTL_IRQHandler              
00003527  FPU_IRQHandler                
00003527  HardFault_Handler             
20000824  IntDegF                       
00003527  MemManage_Handler             
00003527  NMI_Handler                   
00003527  PCM_IRQHandler                
0000181b  PORT1_IRQHandler              
0000181b  PORT1_IRQHandler              
00003527  PORT2_IRQHandler              
00003527  PORT3_IRQHandler              
00003527  PORT4_IRQHandler              
00003527  PORT5_IRQHandler              
00003527  PORT6_IRQHandler              
00003527  PSS_IRQHandler                
00003527  PendSV_Handler                
00002427  Port_Mapping                  
00003527  RTC_C_IRQHandler              
0000351b  Reset_Handler                 
00003527  SVC_Handler                   
00003527  SysTick_Handler               
20000c3c  SystemCoreClock               
00001425  SystemCoreClockUpdate         
0000169d  SystemInit                    
00003527  T32_INT1_IRQHandler           
00003527  T32_INT2_IRQHandler           
00003527  T32_INTC_IRQHandler           
00003527  TA0_0_IRQHandler              
00003527  TA0_N_IRQHandler              
00003527  TA1_0_IRQHandler              
00003527  TA1_N_IRQHandler              
000017ff  TA2_0_IRQHandler              
000017ff  TA2_0_IRQHandler              
00003527  TA2_N_IRQHandler              
000017e7  TA3_0_IRQHandler              
000017e7  TA3_0_IRQHandler              
00003527  TA3_N_IRQHandler              
00003527  UsageFault_Handler            
4000480c  WDTCTL_SYM                    
00003527  WDT_A_IRQHandler              
20010000  __STACK_END                   
00000200  __STACK_SIZE                  
00003688  __TI_CINIT_Base               
00003698  __TI_CINIT_Limit              
00003674  __TI_Handler_Table_Base       
00003680  __TI_Handler_Table_Limit      
000032d9  __TI_auto_init_nobinit_nopinit
0000307d  __TI_decompress_lzss          
0000350d  __TI_decompress_none          
0000319f  __TI_ltoa                     
ffffffff  __TI_pprof_out_hndl           
000000e5  __TI_printfi                  
ffffffff  __TI_prof_data_size           
ffffffff  __TI_prof_data_start          
00000000  __TI_static_base__            
00003529  __TI_zero_init                
00002e05  __aeabi_cdcmpeq               
00002e05  __aeabi_cdcmple               
00002e8b  __aeabi_cdrcmple              
00003291  __aeabi_d2iz                  
0000207f  __aeabi_dadd                  
000027b9  __aeabi_ddiv                  
00002b25  __aeabi_dmul                  
00002075  __aeabi_dsub                  
00003541  __aeabi_errno_addr            
0000339b  __aeabi_f2d                   
00003409  __aeabi_i2d                   
00000b33  __aeabi_idiv0                 
00000b33  __aeabi_ldiv0                 
00002f95  __aeabi_memclr                
00002f95  __aeabi_memclr4               
00002f95  __aeabi_memclr8               
00002cd3  __aeabi_memcpy                
00002cd3  __aeabi_memcpy4               
00002cd3  __aeabi_memcpy8               
00002f97  __aeabi_memset                
00002f97  __aeabi_memset4               
00002f97  __aeabi_memset8               
00002d6f  __aeabi_uldivmod              
ffffffff  __binit__                     
ffffffff  __c_args__                    
UNDEFED   __mpu_init                    
2000fe00  __stack                       
20000000  __start___llvm_prf_cnts       
20000000  __stop___llvm_prf_cnts        
000033d5  _c_int00_noargs               
00003550  _ctypes_                      
UNDEFED   _system_post_cinit            
00003549  _system_pre_init              
0000354d  abort                         
000012b5  accept_number_from_user       
00003245  atoi                          
ffffffff  binit                         
0000266d  cbfifo_capacity               
000025c7  cbfifo_dequeue                
00002525  cbfifo_enqueue                
0000265d  cbfifo_length                 
20000000  cbfifo_receive                
20000410  cbfifo_transmit               
0000349f  copysign                      
0000349f  copysignl                     
20000c2f  debounce_period_elapsed       
00002339  delay                         
00001111  echo                          
20000c38  errno                         
000030e5  frexp                         
000030e5  frexpl                        
0000114f  get_line_of_command_raw       
000022d1  get_pwm_duty_cycle            
0000197d  get_temp                      
0000126d  getchar                       
000023b5  init_gpio                     
00002f11  init_temp                     
0000222d  init_timer                    
00000000  interruptVectors              
00002a15  ldexp                         
00002a15  ldexpl                        
00002313  led_pattern                   
20000c2c  led_status                    
00001cd1  main                          
00003483  memccpy                       
00002cd3  memcpy                        
00002f9d  memset                        
000011cd  num_to_str                    
20000c2d  prev_led_status               
00000b35  process_char_command          
000011f9  putstr                        
00002a15  scalbn                        
00002a15  scalbnl                       
00002473  set_led                       
000022d7  set_pwm_duty_cycle            
000022fd  set_pwm_period                
0000331d  sprintf                       
00002f6b  start_temp_measurement        
00003465  strcat                        
000034d1  strchr                        
000034e7  strlen                        
00003437  strncat                       
20000828  temp                          
20000c34  temp_ready_status             
20000c35  temp_unit                     
20000c2e  toggle_state_by_switch        
000010c1  uart_init                     
000034fb  wcslen                        


GLOBAL SYMBOLS: SORTED BY Symbol Address 

address   name                          
-------   ----                          
00000000  __TI_static_base__            
00000000  interruptVectors              
000000e5  __TI_printfi                  
00000200  __STACK_SIZE                  
00000b33  __aeabi_idiv0                 
00000b33  __aeabi_ldiv0                 
00000b35  process_char_command          
000010c1  uart_init                     
00001111  echo                          
0000114f  get_line_of_command_raw       
000011cd  num_to_str                    
000011f9  putstr                        
0000126d  getchar                       
000012b5  accept_number_from_user       
00001425  SystemCoreClockUpdate         
0000169d  SystemInit                    
00001759  EUSCIA0_IRQHandler            
00001759  EUSCIA0_IRQHandler            
000017e7  TA3_0_IRQHandler              
000017e7  TA3_0_IRQHandler              
000017ff  TA2_0_IRQHandler              
000017ff  TA2_0_IRQHandler              
0000181b  PORT1_IRQHandler              
0000181b  PORT1_IRQHandler              
000018db  ADC14_IRQHandler              
000018db  ADC14_IRQHandler              
0000197d  get_temp                      
00001cd1  main                          
00002075  __aeabi_dsub                  
0000207f  __aeabi_dadd                  
0000222d  init_timer                    
000022d1  get_pwm_duty_cycle            
000022d7  set_pwm_duty_cycle            
000022fd  set_pwm_period                
00002313  led_pattern                   
00002339  delay                         
000023b5  init_gpio                     
00002427  Port_Mapping                  
00002473  set_led                       
00002525  cbfifo_enqueue                
000025c7  cbfifo_dequeue                
0000265d  cbfifo_length                 
0000266d  cbfifo_capacity               
000027b9  __aeabi_ddiv                  
00002a15  ldexp                         
00002a15  ldexpl                        
00002a15  scalbn                        
00002a15  scalbnl                       
00002b25  __aeabi_dmul                  
00002cd3  __aeabi_memcpy                
00002cd3  __aeabi_memcpy4               
00002cd3  __aeabi_memcpy8               
00002cd3  memcpy                        
00002d6f  __aeabi_uldivmod              
00002e05  __aeabi_cdcmpeq               
00002e05  __aeabi_cdcmple               
00002e8b  __aeabi_cdrcmple              
00002f11  init_temp                     
00002f6b  start_temp_measurement        
00002f95  __aeabi_memclr                
00002f95  __aeabi_memclr4               
00002f95  __aeabi_memclr8               
00002f97  __aeabi_memset                
00002f97  __aeabi_memset4               
00002f97  __aeabi_memset8               
00002f9d  memset                        
0000307d  __TI_decompress_lzss          
000030e5  frexp                         
000030e5  frexpl                        
0000319f  __TI_ltoa                     
00003245  atoi                          
00003291  __aeabi_d2iz                  
000032d9  __TI_auto_init_nobinit_nopinit
0000331d  sprintf                       
0000339b  __aeabi_f2d                   
000033d5  _c_int00_noargs               
00003409  __aeabi_i2d                   
00003437  strncat                       
00003465  strcat                        
00003483  memccpy                       
0000349f  copysign                      
0000349f  copysignl                     
000034d1  strchr                        
000034e7  strlen                        
000034fb  wcslen                        
0000350d  __TI_decompress_none          
0000351b  Reset_Handler                 
00003527  AES256_IRQHandler             
00003527  BusFault_Handler              
00003527  COMP_E0_IRQHandler            
00003527  COMP_E1_IRQHandler            
00003527  CS_IRQHandler                 
00003527  DMA_ERR_IRQHandler            
00003527  DMA_INT0_IRQHandler           
00003527  DMA_INT1_IRQHandler           
00003527  DMA_INT2_IRQHandler           
00003527  DMA_INT3_IRQHandler           
00003527  DebugMon_Handler              
00003527  Default_Handler               
00003527  EUSCIA1_IRQHandler            
00003527  EUSCIA2_IRQHandler            
00003527  EUSCIA3_IRQHandler            
00003527  EUSCIB0_IRQHandler            
00003527  EUSCIB1_IRQHandler            
00003527  EUSCIB2_IRQHandler            
00003527  EUSCIB3_IRQHandler            
00003527  FLCTL_IRQHandler              
00003527  FPU_IRQHandler                
00003527  HardFault_Handler             
00003527  MemManage_Handler             
00003527  NMI_Handler                   
00003527  PCM_IRQHandler                
00003527  PORT2_IRQHandler              
00003527  PORT3_IRQHandler              
00003527  PORT4_IRQHandler              
00003527  PORT5_IRQHandler              
00003527  PORT6_IRQHandler              
00003527  PSS_IRQHandler                
00003527  PendSV_Handler                
00003527  RTC_C_IRQHandler              
00003527  SVC_Handler                   
00003527  SysTick_Handler               
00003527  T32_INT1_IRQHandler           
00003527  T32_INT2_IRQHandler           
00003527  T32_INTC_IRQHandler           
00003527  TA0_0_IRQHandler              
00003527  TA0_N_IRQHandler              
00003527  TA1_0_IRQHandler              
00003527  TA1_N_IRQHandler              
00003527  TA2_N_IRQHandler              
00003527  TA3_N_IRQHandler              
00003527  UsageFault_Handler            
00003527  WDT_A_IRQHandler              
00003529  __TI_zero_init                
00003541  __aeabi_errno_addr            
00003549  _system_pre_init              
0000354d  C$$EXIT                       
0000354d  abort                         
00003550  _ctypes_                      
00003674  __TI_Handler_Table_Base       
00003680  __TI_Handler_Table_Limit      
00003688  __TI_CINIT_Base               
00003698  __TI_CINIT_Limit              
20000000  __start___llvm_prf_cnts       
20000000  __stop___llvm_prf_cnts        
20000000  cbfifo_receive                
20000410  cbfifo_transmit               
20000824  IntDegF                       
20000828  temp                          
20000c2c  led_status                    
20000c2d  prev_led_status               
20000c2e  toggle_state_by_switch        
20000c2f  debounce_period_elapsed       
20000c34  temp_ready_status             
20000c35  temp_unit                     
20000c38  errno                         
20000c3c  SystemCoreClock               
2000fe00  __stack                       
20010000  __STACK_END                   
4000480c  WDTCTL_SYM                    
ffffffff  __TI_pprof_out_hndl           
ffffffff  __TI_prof_data_size           
ffffffff  __TI_prof_data_start          
ffffffff  __binit__                     
ffffffff  __c_args__                    
ffffffff  binit                         
UNDEFED   __mpu_init                    
UNDEFED   _system_post_cinit            

[168 symbols]
