<?xml version="1.0" encoding="ISO-8859-1" ?>
<link_info>
   <banner>TI ARM Linker PC v20.2.5.LTS</banner>
   <copyright>Copyright (c) 1996-2018 Texas Instruments Incorporated</copyright>
   <link_time>0x617332b5</link_time>
   <link_errors>0x0</link_errors>
   <output_file>ESD-Lab3.out</output_file>
   <entry_point>
      <name>_c_int00_noargs</name>
      <address>0x33d5</address>
   </entry_point>
   <input_file_list>
      <input_file id="fl-2">
         <path>.\</path>
         <kind>object</kind>
         <file>cbfifo.obj</file>
         <name>cbfifo.obj</name>
      </input_file>
      <input_file id="fl-3">
         <path>.\</path>
         <kind>object</kind>
         <file>cmd_processor.obj</file>
         <name>cmd_processor.obj</name>
      </input_file>
      <input_file id="fl-4">
         <path>.\</path>
         <kind>object</kind>
         <file>gpio.obj</file>
         <name>gpio.obj</name>
      </input_file>
      <input_file id="fl-5">
         <path>.\</path>
         <kind>object</kind>
         <file>irq.obj</file>
         <name>irq.obj</name>
      </input_file>
      <input_file id="fl-6">
         <path>.\</path>
         <kind>object</kind>
         <file>main.obj</file>
         <name>main.obj</name>
      </input_file>
      <input_file id="fl-7">
         <path>.\</path>
         <kind>object</kind>
         <file>startup_msp432p401r_ccs.obj</file>
         <name>startup_msp432p401r_ccs.obj</name>
      </input_file>
      <input_file id="fl-8">
         <path>.\</path>
         <kind>object</kind>
         <file>system_msp432p401r.obj</file>
         <name>system_msp432p401r.obj</name>
      </input_file>
      <input_file id="fl-9">
         <path>.\</path>
         <kind>object</kind>
         <file>temp.obj</file>
         <name>temp.obj</name>
      </input_file>
      <input_file id="fl-a">
         <path>.\</path>
         <kind>object</kind>
         <file>timers.obj</file>
         <name>timers.obj</name>
      </input_file>
      <input_file id="fl-b">
         <path>.\</path>
         <kind>object</kind>
         <file>uart.obj</file>
         <name>uart.obj</name>
      </input_file>
      <input_file id="fl-f">
         <kind>object</kind>
         <file>&lt;internal&gt;</file>
         <name>&lt;internal&gt;</name>
      </input_file>
      <input_file id="fl-c5">
         <path>C:\ti\ccs1040\ccs\tools\compiler\ti-cgt-arm_20.2.5.LTS\lib\</path>
         <kind>archive</kind>
         <file>rtsv7M4_T_le_v4SPD16_eabi.lib</file>
         <name>sprintf.c.obj</name>
      </input_file>
      <input_file id="fl-c6">
         <path>C:\ti\ccs1040\ccs\tools\compiler\ti-cgt-arm_20.2.5.LTS\lib\</path>
         <kind>archive</kind>
         <file>rtsv7M4_T_le_v4SPD16_eabi.lib</file>
         <name>fs_tod_t2.asm.obj</name>
      </input_file>
      <input_file id="fl-c7">
         <path>C:\ti\ccs1040\ccs\tools\compiler\ti-cgt-arm_20.2.5.LTS\lib\</path>
         <kind>archive</kind>
         <file>rtsv7M4_T_le_v4SPD16_eabi.lib</file>
         <name>memcpy_t2.asm.obj</name>
      </input_file>
      <input_file id="fl-c8">
         <path>C:\ti\ccs1040\ccs\tools\compiler\ti-cgt-arm_20.2.5.LTS\lib\</path>
         <kind>archive</kind>
         <file>rtsv7M4_T_le_v4SPD16_eabi.lib</file>
         <name>memset_t2.asm.obj</name>
      </input_file>
      <input_file id="fl-c9">
         <path>C:\ti\ccs1040\ccs\tools\compiler\ti-cgt-arm_20.2.5.LTS\lib\</path>
         <kind>archive</kind>
         <file>rtsv7M4_T_le_v4SPD16_eabi.lib</file>
         <name>copy_zero_init.c.obj</name>
      </input_file>
      <input_file id="fl-ca">
         <path>C:\ti\ccs1040\ccs\tools\compiler\ti-cgt-arm_20.2.5.LTS\lib\</path>
         <kind>archive</kind>
         <file>rtsv7M4_T_le_v4SPD16_eabi.lib</file>
         <name>copy_decompress_none.c.obj</name>
      </input_file>
      <input_file id="fl-cb">
         <path>C:\ti\ccs1040\ccs\tools\compiler\ti-cgt-arm_20.2.5.LTS\lib\</path>
         <kind>archive</kind>
         <file>rtsv7M4_T_le_v4SPD16_eabi.lib</file>
         <name>copy_decompress_lzss.c.obj</name>
      </input_file>
      <input_file id="fl-cc">
         <path>C:\ti\ccs1040\ccs\tools\compiler\ti-cgt-arm_20.2.5.LTS\lib\</path>
         <kind>archive</kind>
         <file>rtsv7M4_T_le_v4SPD16_eabi.lib</file>
         <name>atoi.c.obj</name>
      </input_file>
      <input_file id="fl-cd">
         <path>C:\ti\ccs1040\ccs\tools\compiler\ti-cgt-arm_20.2.5.LTS\lib\</path>
         <kind>archive</kind>
         <file>rtsv7M4_T_le_v4SPD16_eabi.lib</file>
         <name>ctype.c.obj</name>
      </input_file>
      <input_file id="fl-ce">
         <path>C:\ti\ccs1040\ccs\tools\compiler\ti-cgt-arm_20.2.5.LTS\lib\</path>
         <kind>archive</kind>
         <file>rtsv7M4_T_le_v4SPD16_eabi.lib</file>
         <name>strcat.c.obj</name>
      </input_file>
      <input_file id="fl-cf">
         <path>C:\ti\ccs1040\ccs\tools\compiler\ti-cgt-arm_20.2.5.LTS\lib\</path>
         <kind>archive</kind>
         <file>rtsv7M4_T_le_v4SPD16_eabi.lib</file>
         <name>strlen.c.obj</name>
      </input_file>
      <input_file id="fl-d0">
         <path>C:\ti\ccs1040\ccs\tools\compiler\ti-cgt-arm_20.2.5.LTS\lib\</path>
         <kind>archive</kind>
         <file>rtsv7M4_T_le_v4SPD16_eabi.lib</file>
         <name>strncat.c.obj</name>
      </input_file>
      <input_file id="fl-d1">
         <path>C:\ti\ccs1040\ccs\tools\compiler\ti-cgt-arm_20.2.5.LTS\lib\</path>
         <kind>archive</kind>
         <file>rtsv7M4_T_le_v4SPD16_eabi.lib</file>
         <name>boot_cortex_m.c.obj</name>
      </input_file>
      <input_file id="fl-d2">
         <path>C:\ti\ccs1040\ccs\tools\compiler\ti-cgt-arm_20.2.5.LTS\lib\</path>
         <kind>archive</kind>
         <file>rtsv7M4_T_le_v4SPD16_eabi.lib</file>
         <name>_printfi.c.obj</name>
      </input_file>
      <input_file id="fl-d3">
         <path>C:\ti\ccs1040\ccs\tools\compiler\ti-cgt-arm_20.2.5.LTS\lib\</path>
         <kind>archive</kind>
         <file>rtsv7M4_T_le_v4SPD16_eabi.lib</file>
         <name>s_frexp.c.obj</name>
      </input_file>
      <input_file id="fl-d4">
         <path>C:\ti\ccs1040\ccs\tools\compiler\ti-cgt-arm_20.2.5.LTS\lib\</path>
         <kind>archive</kind>
         <file>rtsv7M4_T_le_v4SPD16_eabi.lib</file>
         <name>s_scalbn.c.obj</name>
      </input_file>
      <input_file id="fl-d5">
         <path>C:\ti\ccs1040\ccs\tools\compiler\ti-cgt-arm_20.2.5.LTS\lib\</path>
         <kind>archive</kind>
         <file>rtsv7M4_T_le_v4SPD16_eabi.lib</file>
         <name>wcslen.c.obj</name>
      </input_file>
      <input_file id="fl-d6">
         <path>C:\ti\ccs1040\ccs\tools\compiler\ti-cgt-arm_20.2.5.LTS\lib\</path>
         <kind>archive</kind>
         <file>rtsv7M4_T_le_v4SPD16_eabi.lib</file>
         <name>fd_add_t2.asm.obj</name>
      </input_file>
      <input_file id="fl-d7">
         <path>C:\ti\ccs1040\ccs\tools\compiler\ti-cgt-arm_20.2.5.LTS\lib\</path>
         <kind>archive</kind>
         <file>rtsv7M4_T_le_v4SPD16_eabi.lib</file>
         <name>fd_cmp_t2.asm.obj</name>
      </input_file>
      <input_file id="fl-d8">
         <path>C:\ti\ccs1040\ccs\tools\compiler\ti-cgt-arm_20.2.5.LTS\lib\</path>
         <kind>archive</kind>
         <file>rtsv7M4_T_le_v4SPD16_eabi.lib</file>
         <name>fd_div_t2.asm.obj</name>
      </input_file>
      <input_file id="fl-d9">
         <path>C:\ti\ccs1040\ccs\tools\compiler\ti-cgt-arm_20.2.5.LTS\lib\</path>
         <kind>archive</kind>
         <file>rtsv7M4_T_le_v4SPD16_eabi.lib</file>
         <name>fd_mul_t2.asm.obj</name>
      </input_file>
      <input_file id="fl-da">
         <path>C:\ti\ccs1040\ccs\tools\compiler\ti-cgt-arm_20.2.5.LTS\lib\</path>
         <kind>archive</kind>
         <file>rtsv7M4_T_le_v4SPD16_eabi.lib</file>
         <name>fd_toi_t2.asm.obj</name>
      </input_file>
      <input_file id="fl-db">
         <path>C:\ti\ccs1040\ccs\tools\compiler\ti-cgt-arm_20.2.5.LTS\lib\</path>
         <kind>archive</kind>
         <file>rtsv7M4_T_le_v4SPD16_eabi.lib</file>
         <name>i_tofd_t2.asm.obj</name>
      </input_file>
      <input_file id="fl-dc">
         <path>C:\ti\ccs1040\ccs\tools\compiler\ti-cgt-arm_20.2.5.LTS\lib\</path>
         <kind>archive</kind>
         <file>rtsv7M4_T_le_v4SPD16_eabi.lib</file>
         <name>ull_div_t2.asm.obj</name>
      </input_file>
      <input_file id="fl-dd">
         <path>C:\ti\ccs1040\ccs\tools\compiler\ti-cgt-arm_20.2.5.LTS\lib\</path>
         <kind>archive</kind>
         <file>rtsv7M4_T_le_v4SPD16_eabi.lib</file>
         <name>autoinit.c.obj</name>
      </input_file>
      <input_file id="fl-de">
         <path>C:\ti\ccs1040\ccs\tools\compiler\ti-cgt-arm_20.2.5.LTS\lib\</path>
         <kind>archive</kind>
         <file>rtsv7M4_T_le_v4SPD16_eabi.lib</file>
         <name>pre_init.c.obj</name>
      </input_file>
      <input_file id="fl-df">
         <path>C:\ti\ccs1040\ccs\tools\compiler\ti-cgt-arm_20.2.5.LTS\lib\</path>
         <kind>archive</kind>
         <file>rtsv7M4_T_le_v4SPD16_eabi.lib</file>
         <name>cpy_tbl.c.obj</name>
      </input_file>
      <input_file id="fl-e0">
         <path>C:\ti\ccs1040\ccs\tools\compiler\ti-cgt-arm_20.2.5.LTS\lib\</path>
         <kind>archive</kind>
         <file>rtsv7M4_T_le_v4SPD16_eabi.lib</file>
         <name>exit.c.obj</name>
      </input_file>
      <input_file id="fl-e1">
         <path>C:\ti\ccs1040\ccs\tools\compiler\ti-cgt-arm_20.2.5.LTS\lib\</path>
         <kind>archive</kind>
         <file>rtsv7M4_T_le_v4SPD16_eabi.lib</file>
         <name>_lock.c.obj</name>
      </input_file>
      <input_file id="fl-e2">
         <path>C:\ti\ccs1040\ccs\tools\compiler\ti-cgt-arm_20.2.5.LTS\lib\</path>
         <kind>archive</kind>
         <file>rtsv7M4_T_le_v4SPD16_eabi.lib</file>
         <name>_ltoa.c.obj</name>
      </input_file>
      <input_file id="fl-e3">
         <path>C:\ti\ccs1040\ccs\tools\compiler\ti-cgt-arm_20.2.5.LTS\lib\</path>
         <kind>archive</kind>
         <file>rtsv7M4_T_le_v4SPD16_eabi.lib</file>
         <name>args_main.c.obj</name>
      </input_file>
      <input_file id="fl-e4">
         <path>C:\ti\ccs1040\ccs\tools\compiler\ti-cgt-arm_20.2.5.LTS\lib\</path>
         <kind>archive</kind>
         <file>rtsv7M4_T_le_v4SPD16_eabi.lib</file>
         <name>memccpy.c.obj</name>
      </input_file>
      <input_file id="fl-e5">
         <path>C:\ti\ccs1040\ccs\tools\compiler\ti-cgt-arm_20.2.5.LTS\lib\</path>
         <kind>archive</kind>
         <file>rtsv7M4_T_le_v4SPD16_eabi.lib</file>
         <name>strchr.c.obj</name>
      </input_file>
      <input_file id="fl-e6">
         <path>C:\ti\ccs1040\ccs\tools\compiler\ti-cgt-arm_20.2.5.LTS\lib\</path>
         <kind>archive</kind>
         <file>rtsv7M4_T_le_v4SPD16_eabi.lib</file>
         <name>errno.c.obj</name>
      </input_file>
      <input_file id="fl-e7">
         <path>C:\ti\ccs1040\ccs\tools\compiler\ti-cgt-arm_20.2.5.LTS\lib\</path>
         <kind>archive</kind>
         <file>rtsv7M4_T_le_v4SPD16_eabi.lib</file>
         <name>s_copysign.c.obj</name>
      </input_file>
      <input_file id="fl-e8">
         <path>C:\ti\ccs1040\ccs\tools\compiler\ti-cgt-arm_20.2.5.LTS\lib\</path>
         <kind>archive</kind>
         <file>rtsv7M4_T_le_v4SPD16_eabi.lib</file>
         <name>div0.asm.obj</name>
      </input_file>
   </input_file_list>
   <object_component_list>
      <object_component id="oc-26">
         <name>.intvecs:retain</name>
         <load_address>0x0</load_address>
         <run_address>0x0</run_address>
         <size>0xe4</size>
         <input_file_ref idref="fl-7"/>
      </object_component>
      <object_component id="oc-1ce">
         <name>.text:__TI_printfi</name>
         <load_address>0xe4</load_address>
         <run_address>0xe4</run_address>
         <size>0xa4e</size>
         <input_file_ref idref="fl-d2"/>
      </object_component>
      <object_component id="oc-300">
         <name>.text</name>
         <load_address>0xb32</load_address>
         <run_address>0xb32</run_address>
         <size>0x2</size>
         <input_file_ref idref="fl-e8"/>
      </object_component>
      <object_component id="oc-fd">
         <name>.text</name>
         <load_address>0xb34</load_address>
         <run_address>0xb34</run_address>
         <size>0x58c</size>
         <input_file_ref idref="fl-3"/>
      </object_component>
      <object_component id="oc-ca">
         <name>.text</name>
         <load_address>0x10c0</load_address>
         <run_address>0x10c0</run_address>
         <size>0x364</size>
         <input_file_ref idref="fl-b"/>
      </object_component>
      <object_component id="oc-ab">
         <name>.text</name>
         <load_address>0x1424</load_address>
         <run_address>0x1424</run_address>
         <size>0x334</size>
         <input_file_ref idref="fl-8"/>
      </object_component>
      <object_component id="oc-6d">
         <name>.text</name>
         <load_address>0x1758</load_address>
         <run_address>0x1758</run_address>
         <size>0x308</size>
         <input_file_ref idref="fl-5"/>
      </object_component>
      <object_component id="oc-242">
         <name>.text:_pconv_a</name>
         <load_address>0x1a60</load_address>
         <run_address>0x1a60</run_address>
         <size>0x270</size>
         <input_file_ref idref="fl-d2"/>
      </object_component>
      <object_component id="oc-99">
         <name>.text</name>
         <load_address>0x1cd0</load_address>
         <run_address>0x1cd0</run_address>
         <size>0x1d4</size>
         <input_file_ref idref="fl-6"/>
      </object_component>
      <object_component id="oc-230">
         <name>.text:_pconv_g</name>
         <load_address>0x1ea4</load_address>
         <run_address>0x1ea4</run_address>
         <size>0x1d0</size>
         <input_file_ref idref="fl-d2"/>
      </object_component>
      <object_component id="oc-2ac">
         <name>.text</name>
         <load_address>0x2074</load_address>
         <run_address>0x2074</run_address>
         <size>0x1b6</size>
         <input_file_ref idref="fl-d6"/>
      </object_component>
      <object_component id="oc-c4">
         <name>.text</name>
         <load_address>0x222c</load_address>
         <run_address>0x222c</run_address>
         <size>0x188</size>
         <input_file_ref idref="fl-a"/>
      </object_component>
      <object_component id="oc-be">
         <name>.text</name>
         <load_address>0x23b4</load_address>
         <run_address>0x23b4</run_address>
         <size>0x170</size>
         <input_file_ref idref="fl-4"/>
      </object_component>
      <object_component id="oc-b2">
         <name>.text</name>
         <load_address>0x2524</load_address>
         <run_address>0x2524</run_address>
         <size>0x156</size>
         <input_file_ref idref="fl-2"/>
      </object_component>
      <object_component id="oc-23c">
         <name>.text:_pconv_e</name>
         <load_address>0x267c</load_address>
         <run_address>0x267c</run_address>
         <size>0x13c</size>
         <input_file_ref idref="fl-d2"/>
      </object_component>
      <object_component id="oc-292">
         <name>.text</name>
         <load_address>0x27b8</load_address>
         <run_address>0x27b8</run_address>
         <size>0x136</size>
         <input_file_ref idref="fl-d8"/>
      </object_component>
      <object_component id="oc-2be">
         <name>.text:fcvt</name>
         <load_address>0x28f0</load_address>
         <run_address>0x28f0</run_address>
         <size>0x124</size>
         <input_file_ref idref="fl-d2"/>
      </object_component>
      <object_component id="oc-2d2">
         <name>.text:scalbn</name>
         <load_address>0x2a14</load_address>
         <run_address>0x2a14</run_address>
         <size>0x110</size>
         <input_file_ref idref="fl-d4"/>
      </object_component>
      <object_component id="oc-28d">
         <name>.text</name>
         <load_address>0x2b24</load_address>
         <run_address>0x2b24</run_address>
         <size>0xfc</size>
         <input_file_ref idref="fl-d9"/>
      </object_component>
      <object_component id="oc-225">
         <name>.text:_ltostr</name>
         <load_address>0x2c20</load_address>
         <run_address>0x2c20</run_address>
         <size>0xb1</size>
         <input_file_ref idref="fl-d2"/>
      </object_component>
      <object_component id="oc-37">
         <name>.text</name>
         <load_address>0x2cd2</load_address>
         <run_address>0x2cd2</run_address>
         <size>0x9c</size>
         <input_file_ref idref="fl-c7"/>
      </object_component>
      <object_component id="oc-286">
         <name>.text</name>
         <load_address>0x2d6e</load_address>
         <run_address>0x2d6e</run_address>
         <size>0x96</size>
         <input_file_ref idref="fl-dc"/>
      </object_component>
      <object_component id="oc-22b">
         <name>.text:__aeabi_cdcmple</name>
         <load_address>0x2e04</load_address>
         <run_address>0x2e04</run_address>
         <size>0x86</size>
         <input_file_ref idref="fl-d7"/>
      </object_component>
      <object_component id="oc-297">
         <name>.text:__aeabi_cdrcmple</name>
         <load_address>0x2e8a</load_address>
         <run_address>0x2e8a</run_address>
         <size>0x86</size>
         <input_file_ref idref="fl-d7"/>
      </object_component>
      <object_component id="oc-b8">
         <name>.text</name>
         <load_address>0x2f10</load_address>
         <run_address>0x2f10</run_address>
         <size>0x84</size>
         <input_file_ref idref="fl-9"/>
      </object_component>
      <object_component id="oc-8d">
         <name>.text</name>
         <load_address>0x2f94</load_address>
         <run_address>0x2f94</run_address>
         <size>0x7a</size>
         <input_file_ref idref="fl-c8"/>
      </object_component>
      <object_component id="oc-2b7">
         <name>.text:_mcpy</name>
         <load_address>0x300e</load_address>
         <run_address>0x300e</run_address>
         <size>0x6e</size>
         <input_file_ref idref="fl-d2"/>
      </object_component>
      <object_component id="oc-17">
         <name>.text:decompress:lzss:__TI_decompress_lzss</name>
         <load_address>0x307c</load_address>
         <run_address>0x307c</run_address>
         <size>0x68</size>
         <input_file_ref idref="fl-cb"/>
      </object_component>
      <object_component id="oc-2cc">
         <name>.text:frexp</name>
         <load_address>0x30e4</load_address>
         <run_address>0x30e4</run_address>
         <size>0x64</size>
         <input_file_ref idref="fl-d3"/>
      </object_component>
      <object_component id="oc-236">
         <name>.text:_pconv_f</name>
         <load_address>0x3148</load_address>
         <run_address>0x3148</run_address>
         <size>0x56</size>
         <input_file_ref idref="fl-d2"/>
      </object_component>
      <object_component id="oc-2a1">
         <name>.text:__TI_ltoa</name>
         <load_address>0x319e</load_address>
         <run_address>0x319e</run_address>
         <size>0x54</size>
         <input_file_ref idref="fl-e2"/>
      </object_component>
      <object_component id="oc-2b1">
         <name>.text:_ecpy</name>
         <load_address>0x31f2</load_address>
         <run_address>0x31f2</run_address>
         <size>0x52</size>
         <input_file_ref idref="fl-d2"/>
      </object_component>
      <object_component id="oc-16e">
         <name>.text:atoi</name>
         <load_address>0x3244</load_address>
         <run_address>0x3244</run_address>
         <size>0x4c</size>
         <input_file_ref idref="fl-cc"/>
      </object_component>
      <object_component id="oc-29c">
         <name>.text</name>
         <load_address>0x3290</load_address>
         <run_address>0x3290</run_address>
         <size>0x48</size>
         <input_file_ref idref="fl-da"/>
      </object_component>
      <object_component id="oc-110">
         <name>.text:__TI_auto_init_nobinit_nopinit:__TI_auto_init_nobinit_nopinit</name>
         <load_address>0x32d8</load_address>
         <run_address>0x32d8</run_address>
         <size>0x44</size>
         <input_file_ref idref="fl-dd"/>
      </object_component>
      <object_component id="oc-15c">
         <name>.text:sprintf</name>
         <load_address>0x331c</load_address>
         <run_address>0x331c</run_address>
         <size>0x40</size>
         <input_file_ref idref="fl-c5"/>
      </object_component>
      <object_component id="oc-2c4">
         <name>.text:_fcpy</name>
         <load_address>0x335c</load_address>
         <run_address>0x335c</run_address>
         <size>0x3e</size>
         <input_file_ref idref="fl-d2"/>
      </object_component>
      <object_component id="oc-157">
         <name>.text</name>
         <load_address>0x339a</load_address>
         <run_address>0x339a</run_address>
         <size>0x38</size>
         <input_file_ref idref="fl-c6"/>
      </object_component>
      <object_component id="oc-55">
         <name>.text:_c_int00_noargs:_c_int00_noargs</name>
         <load_address>0x33d4</load_address>
         <run_address>0x33d4</run_address>
         <size>0x34</size>
         <input_file_ref idref="fl-d1"/>
      </object_component>
      <object_component id="oc-2a7">
         <name>.text</name>
         <load_address>0x3408</load_address>
         <run_address>0x3408</run_address>
         <size>0x2e</size>
         <input_file_ref idref="fl-db"/>
      </object_component>
      <object_component id="oc-174">
         <name>.text:strncat</name>
         <load_address>0x3436</load_address>
         <run_address>0x3436</run_address>
         <size>0x2e</size>
         <input_file_ref idref="fl-d0"/>
      </object_component>
      <object_component id="oc-168">
         <name>.text:strcat</name>
         <load_address>0x3464</load_address>
         <run_address>0x3464</run_address>
         <size>0x1e</size>
         <input_file_ref idref="fl-ce"/>
      </object_component>
      <object_component id="oc-248">
         <name>.text:memccpy</name>
         <load_address>0x3482</load_address>
         <run_address>0x3482</run_address>
         <size>0x1c</size>
         <input_file_ref idref="fl-e4"/>
      </object_component>
      <object_component id="oc-319">
         <name>.text:copysign</name>
         <load_address>0x349e</load_address>
         <run_address>0x349e</run_address>
         <size>0x1a</size>
         <input_file_ref idref="fl-e7"/>
      </object_component>
      <object_component id="oc-1d4">
         <name>.text:_outs</name>
         <load_address>0x34b8</load_address>
         <run_address>0x34b8</run_address>
         <size>0x18</size>
         <input_file_ref idref="fl-c5"/>
      </object_component>
      <object_component id="oc-2d8">
         <name>.text:strchr</name>
         <load_address>0x34d0</load_address>
         <run_address>0x34d0</run_address>
         <size>0x16</size>
         <input_file_ref idref="fl-e5"/>
      </object_component>
      <object_component id="oc-162">
         <name>.text:strlen</name>
         <load_address>0x34e6</load_address>
         <run_address>0x34e6</run_address>
         <size>0x14</size>
         <input_file_ref idref="fl-cf"/>
      </object_component>
      <object_component id="oc-24e">
         <name>.text:wcslen</name>
         <load_address>0x34fa</load_address>
         <run_address>0x34fa</run_address>
         <size>0x12</size>
         <input_file_ref idref="fl-d5"/>
      </object_component>
      <object_component id="oc-1d">
         <name>.text:decompress:none:__TI_decompress_none</name>
         <load_address>0x350c</load_address>
         <run_address>0x350c</run_address>
         <size>0xe</size>
         <input_file_ref idref="fl-ca"/>
      </object_component>
      <object_component id="oc-67">
         <name>.text</name>
         <load_address>0x351a</load_address>
         <run_address>0x351a</run_address>
         <size>0xe</size>
         <input_file_ref idref="fl-7"/>
      </object_component>
      <object_component id="oc-49">
         <name>.text:decompress:ZI:__TI_zero_init</name>
         <load_address>0x3528</load_address>
         <run_address>0x3528</run_address>
         <size>0xc</size>
         <input_file_ref idref="fl-c9"/>
      </object_component>
      <object_component id="oc-1da">
         <name>.text:_outc</name>
         <load_address>0x3534</load_address>
         <run_address>0x3534</run_address>
         <size>0xa</size>
         <input_file_ref idref="fl-c5"/>
      </object_component>
      <object_component id="oc-254">
         <name>.text:__aeabi_errno_addr</name>
         <load_address>0x3540</load_address>
         <run_address>0x3540</run_address>
         <size>0x8</size>
         <input_file_ref idref="fl-e6"/>
      </object_component>
      <object_component id="oc-93">
         <name>.text:_system_pre_init</name>
         <load_address>0x3548</load_address>
         <run_address>0x3548</run_address>
         <size>0x4</size>
         <input_file_ref idref="fl-de"/>
      </object_component>
      <object_component id="oc-104">
         <name>.text:abort:abort</name>
         <load_address>0x354c</load_address>
         <run_address>0x354c</run_address>
         <size>0x4</size>
         <input_file_ref idref="fl-e0"/>
      </object_component>
      <object_component id="oc-1eb">
         <name>.const:.string:_ctypes_</name>
         <load_address>0x3550</load_address>
         <run_address>0x3550</run_address>
         <size>0x101</size>
         <input_file_ref idref="fl-cd"/>
      </object_component>
      <object_component id="oc-375">
         <name>.cinit..data.load</name>
         <load_address>0x3658</load_address>
         <run_address>0x3658</run_address>
         <size>0x1a</size>
      </object_component>
      <object_component id="oc-373">
         <name>__TI_handler_table</name>
         <load_address>0x3674</load_address>
         <run_address>0x3674</run_address>
         <size>0xc</size>
      </object_component>
      <object_component id="oc-376">
         <name>.cinit..bss.load</name>
         <load_address>0x3680</load_address>
         <run_address>0x3680</run_address>
         <size>0x8</size>
      </object_component>
      <object_component id="oc-374">
         <name>__TI_cinit_table</name>
         <load_address>0x3688</load_address>
         <run_address>0x3688</run_address>
         <size>0x10</size>
      </object_component>
      <object_component id="oc-347">
         <name>.binit</name>
         <load_address>0x0</load_address>
         <run_address>0x0</run_address>
         <size>0x0</size>
      </object_component>
      <object_component id="oc-d4">
         <name>.data</name>
         <load_address>0x20000c2c</load_address>
         <run_address>0x20000c2c</run_address>
         <size>0xa</size>
         <input_file_ref idref="fl-5"/>
      </object_component>
      <object_component id="oc-142">
         <name>.data</name>
         <load_address>0x20000c3c</load_address>
         <run_address>0x20000c3c</run_address>
         <size>0x4</size>
         <input_file_ref idref="fl-8"/>
      </object_component>
      <object_component id="oc-153">
         <name>.data</name>
         <load_address>0x20000c40</load_address>
         <run_address>0x20000c40</run_address>
         <size>0x4</size>
         <input_file_ref idref="fl-a"/>
      </object_component>
      <object_component id="oc-17b">
         <name>.data:input_raw$1</name>
         <load_address>0x2000082c</load_address>
         <run_address>0x2000082c</run_address>
         <size>0x400</size>
         <input_file_ref idref="fl-b"/>
      </object_component>
      <object_component id="oc-17a">
         <name>.data</name>
         <load_address>0x20000c44</load_address>
         <run_address>0x20000c44</run_address>
         <size>0x4</size>
         <input_file_ref idref="fl-b"/>
      </object_component>
      <object_component id="oc-2e8">
         <name>.data</name>
         <load_address>0x20000c38</load_address>
         <run_address>0x20000c38</run_address>
         <size>0x4</size>
         <input_file_ref idref="fl-e6"/>
      </object_component>
      <object_component id="oc-17c">
         <name>.bss</name>
         <uninitialized>true</uninitialized>
         <run_address>0x20000820</run_address>
         <size>0x4</size>
         <input_file_ref idref="fl-b"/>
      </object_component>
      <object_component id="oc-d3">
         <name>.common:cbfifo_transmit</name>
         <uninitialized>true</uninitialized>
         <run_address>0x20000410</run_address>
         <size>0x410</size>
      </object_component>
      <object_component id="oc-d0">
         <name>.common:cbfifo_receive</name>
         <uninitialized>true</uninitialized>
         <run_address>0x20000000</run_address>
         <size>0x410</size>
      </object_component>
      <object_component id="oc-d7">
         <name>.common:temp</name>
         <uninitialized>true</uninitialized>
         <run_address>0x20000828</run_address>
         <size>0x4</size>
      </object_component>
      <object_component id="oc-da">
         <name>.common:IntDegF</name>
         <uninitialized>true</uninitialized>
         <run_address>0x20000824</run_address>
         <size>0x4</size>
      </object_component>
      <object_component id="oc-29">
         <name>.stack</name>
         <uninitialized>true</uninitialized>
         <run_address>0x2000fe00</run_address>
         <size>0x4</size>
         <input_file_ref idref="fl-d1"/>
      </object_component>
      <object_component id="oc-378">
         <name>.stack</name>
         <uninitialized>true</uninitialized>
         <run_address>0x2000fe00</run_address>
         <size>0x0</size>
      </object_component>
      <object_component id="oc-d1">
         <name>.debug_info</name>
         <load_address>0x0</load_address>
         <run_address>0x0</run_address>
         <size>0x2fe</size>
         <input_file_ref idref="fl-2"/>
      </object_component>
      <object_component id="oc-b6">
         <name>.debug_info</name>
         <load_address>0x2fe</load_address>
         <run_address>0x2fe</run_address>
         <size>0x3f0</size>
         <input_file_ref idref="fl-2"/>
      </object_component>
      <object_component id="oc-147">
         <name>.debug_info</name>
         <load_address>0x6ee</load_address>
         <run_address>0x6ee</run_address>
         <size>0x110</size>
         <input_file_ref idref="fl-2"/>
      </object_component>
      <object_component id="oc-e8">
         <name>.debug_info</name>
         <load_address>0x7fe</load_address>
         <run_address>0x7fe</run_address>
         <size>0x26b</size>
         <input_file_ref idref="fl-2"/>
      </object_component>
      <object_component id="oc-dc">
         <name>.debug_info</name>
         <load_address>0xa69</load_address>
         <run_address>0xa69</run_address>
         <size>0x8b</size>
         <input_file_ref idref="fl-2"/>
      </object_component>
      <object_component id="oc-1a3">
         <name>.debug_info</name>
         <load_address>0xaf4</load_address>
         <run_address>0xaf4</run_address>
         <size>0x2a4</size>
         <input_file_ref idref="fl-2"/>
      </object_component>
      <object_component id="oc-e1">
         <name>.debug_info</name>
         <load_address>0xd98</load_address>
         <run_address>0xd98</run_address>
         <size>0xbb</size>
         <input_file_ref idref="fl-2"/>
      </object_component>
      <object_component id="oc-1fe">
         <name>.debug_info</name>
         <load_address>0xe53</load_address>
         <run_address>0xe53</run_address>
         <size>0x96</size>
         <input_file_ref idref="fl-2"/>
      </object_component>
      <object_component id="oc-181">
         <name>.debug_info</name>
         <load_address>0xee9</load_address>
         <run_address>0xee9</run_address>
         <size>0x2c</size>
         <input_file_ref idref="fl-2"/>
      </object_component>
      <object_component id="oc-203">
         <name>.debug_info</name>
         <load_address>0xf15</load_address>
         <run_address>0xf15</run_address>
         <size>0x70f</size>
         <input_file_ref idref="fl-3"/>
      </object_component>
      <object_component id="oc-fe">
         <name>.debug_info</name>
         <load_address>0x1624</load_address>
         <run_address>0x1624</run_address>
         <size>0x55a</size>
         <input_file_ref idref="fl-3"/>
      </object_component>
      <object_component id="oc-199">
         <name>.debug_info</name>
         <load_address>0x1b7e</load_address>
         <run_address>0x1b7e</run_address>
         <size>0x1055</size>
         <input_file_ref idref="fl-3"/>
      </object_component>
      <object_component id="oc-194">
         <name>.debug_info</name>
         <load_address>0x2bd3</load_address>
         <run_address>0x2bd3</run_address>
         <size>0x37e2</size>
         <input_file_ref idref="fl-3"/>
      </object_component>
      <object_component id="oc-32">
         <name>.debug_info</name>
         <load_address>0x63b5</load_address>
         <run_address>0x63b5</run_address>
         <size>0x84</size>
         <input_file_ref idref="fl-3"/>
      </object_component>
      <object_component id="oc-1f9">
         <name>.debug_info</name>
         <load_address>0x6439</load_address>
         <run_address>0x6439</run_address>
         <size>0xcc</size>
         <input_file_ref idref="fl-3"/>
      </object_component>
      <object_component id="oc-1e2">
         <name>.debug_info</name>
         <load_address>0x6505</load_address>
         <run_address>0x6505</run_address>
         <size>0x2c</size>
         <input_file_ref idref="fl-3"/>
      </object_component>
      <object_component id="oc-1f4">
         <name>.debug_info</name>
         <load_address>0x6531</load_address>
         <run_address>0x6531</run_address>
         <size>0x35</size>
         <input_file_ref idref="fl-3"/>
      </object_component>
      <object_component id="oc-14e">
         <name>.debug_info</name>
         <load_address>0x6566</load_address>
         <run_address>0x6566</run_address>
         <size>0x82</size>
         <input_file_ref idref="fl-3"/>
      </object_component>
      <object_component id="oc-18d">
         <name>.debug_info</name>
         <load_address>0x65e8</load_address>
         <run_address>0x65e8</run_address>
         <size>0x4c</size>
         <input_file_ref idref="fl-3"/>
      </object_component>
      <object_component id="oc-bf">
         <name>.debug_info</name>
         <load_address>0x6634</load_address>
         <run_address>0x6634</run_address>
         <size>0x1d0</size>
         <input_file_ref idref="fl-4"/>
      </object_component>
      <object_component id="oc-d8">
         <name>.debug_info</name>
         <load_address>0x6804</load_address>
         <run_address>0x6804</run_address>
         <size>0x7d1</size>
         <input_file_ref idref="fl-5"/>
      </object_component>
      <object_component id="oc-d5">
         <name>.debug_info</name>
         <load_address>0x6fd5</load_address>
         <run_address>0x6fd5</run_address>
         <size>0x1ed</size>
         <input_file_ref idref="fl-5"/>
      </object_component>
      <object_component id="oc-6e">
         <name>.debug_info</name>
         <load_address>0x71c2</load_address>
         <run_address>0x71c2</run_address>
         <size>0x552</size>
         <input_file_ref idref="fl-5"/>
      </object_component>
      <object_component id="oc-19e">
         <name>.debug_info</name>
         <load_address>0x7714</load_address>
         <run_address>0x7714</run_address>
         <size>0x35</size>
         <input_file_ref idref="fl-5"/>
      </object_component>
      <object_component id="oc-188">
         <name>.debug_info</name>
         <load_address>0x7749</load_address>
         <run_address>0x7749</run_address>
         <size>0x55</size>
         <input_file_ref idref="fl-5"/>
      </object_component>
      <object_component id="oc-9a">
         <name>.debug_info</name>
         <load_address>0x779e</load_address>
         <run_address>0x779e</run_address>
         <size>0x29f</size>
         <input_file_ref idref="fl-6"/>
      </object_component>
      <object_component id="oc-75">
         <name>.debug_info</name>
         <load_address>0x7a3d</load_address>
         <run_address>0x7a3d</run_address>
         <size>0x2c2</size>
         <input_file_ref idref="fl-7"/>
      </object_component>
      <object_component id="oc-27">
         <name>.debug_info</name>
         <load_address>0x7cff</load_address>
         <run_address>0x7cff</run_address>
         <size>0xee</size>
         <input_file_ref idref="fl-7"/>
      </object_component>
      <object_component id="oc-6b">
         <name>.debug_info</name>
         <load_address>0x7ded</load_address>
         <run_address>0x7ded</run_address>
         <size>0x1b5</size>
         <input_file_ref idref="fl-7"/>
      </object_component>
      <object_component id="oc-143">
         <name>.debug_info</name>
         <load_address>0x7fa2</load_address>
         <run_address>0x7fa2</run_address>
         <size>0xe7</size>
         <input_file_ref idref="fl-8"/>
      </object_component>
      <object_component id="oc-af">
         <name>.debug_info</name>
         <load_address>0x8089</load_address>
         <run_address>0x8089</run_address>
         <size>0x259</size>
         <input_file_ref idref="fl-8"/>
      </object_component>
      <object_component id="oc-bb">
         <name>.debug_info</name>
         <load_address>0x82e2</load_address>
         <run_address>0x82e2</run_address>
         <size>0x156</size>
         <input_file_ref idref="fl-9"/>
      </object_component>
      <object_component id="oc-154">
         <name>.debug_info</name>
         <load_address>0x8438</load_address>
         <run_address>0x8438</run_address>
         <size>0xd8</size>
         <input_file_ref idref="fl-a"/>
      </object_component>
      <object_component id="oc-c5">
         <name>.debug_info</name>
         <load_address>0x8510</load_address>
         <run_address>0x8510</run_address>
         <size>0x351</size>
         <input_file_ref idref="fl-a"/>
      </object_component>
      <object_component id="oc-17e">
         <name>.debug_info</name>
         <load_address>0x8861</load_address>
         <run_address>0x8861</run_address>
         <size>0x7d6</size>
         <input_file_ref idref="fl-b"/>
      </object_component>
      <object_component id="oc-cb">
         <name>.debug_info</name>
         <load_address>0x9037</load_address>
         <run_address>0x9037</run_address>
         <size>0x711</size>
         <input_file_ref idref="fl-b"/>
      </object_component>
      <object_component id="oc-1e1">
         <name>.debug_info</name>
         <load_address>0x9748</load_address>
         <run_address>0x9748</run_address>
         <size>0x333</size>
         <input_file_ref idref="fl-c5"/>
      </object_component>
      <object_component id="oc-15d">
         <name>.debug_info</name>
         <load_address>0x9a7b</load_address>
         <run_address>0x9a7b</run_address>
         <size>0x1d1</size>
         <input_file_ref idref="fl-c5"/>
      </object_component>
      <object_component id="oc-1d7">
         <name>.debug_info</name>
         <load_address>0x9c4c</load_address>
         <run_address>0x9c4c</run_address>
         <size>0x18d</size>
         <input_file_ref idref="fl-c5"/>
      </object_component>
      <object_component id="oc-1db">
         <name>.debug_info</name>
         <load_address>0x9dd9</load_address>
         <run_address>0x9dd9</run_address>
         <size>0x16d</size>
         <input_file_ref idref="fl-c5"/>
      </object_component>
      <object_component id="oc-2ef">
         <name>.debug_info</name>
         <load_address>0x9f46</load_address>
         <run_address>0x9f46</run_address>
         <size>0x2c</size>
         <input_file_ref idref="fl-c5"/>
      </object_component>
      <object_component id="oc-15a">
         <name>.debug_info</name>
         <load_address>0x9f72</load_address>
         <run_address>0x9f72</run_address>
         <size>0x12c</size>
         <input_file_ref idref="fl-c6"/>
      </object_component>
      <object_component id="oc-38">
         <name>.debug_info</name>
         <load_address>0xa09e</load_address>
         <run_address>0xa09e</run_address>
         <size>0x119</size>
         <input_file_ref idref="fl-c7"/>
      </object_component>
      <object_component id="oc-90">
         <name>.debug_info</name>
         <load_address>0xa1b7</load_address>
         <run_address>0xa1b7</run_address>
         <size>0x147</size>
         <input_file_ref idref="fl-c8"/>
      </object_component>
      <object_component id="oc-8c">
         <name>.debug_info</name>
         <load_address>0xa2fe</load_address>
         <run_address>0xa2fe</run_address>
         <size>0x2d4</size>
         <input_file_ref idref="fl-c9"/>
      </object_component>
      <object_component id="oc-4b">
         <name>.debug_info</name>
         <load_address>0xa5d2</load_address>
         <run_address>0xa5d2</run_address>
         <size>0x1b5</size>
         <input_file_ref idref="fl-c9"/>
      </object_component>
      <object_component id="oc-87">
         <name>.debug_info</name>
         <load_address>0xa787</load_address>
         <run_address>0xa787</run_address>
         <size>0x46</size>
         <input_file_ref idref="fl-c9"/>
      </object_component>
      <object_component id="oc-f4">
         <name>.debug_info</name>
         <load_address>0xa7cd</load_address>
         <run_address>0xa7cd</run_address>
         <size>0x2c</size>
         <input_file_ref idref="fl-c9"/>
      </object_component>
      <object_component id="oc-42">
         <name>.debug_info</name>
         <load_address>0xa7f9</load_address>
         <run_address>0xa7f9</run_address>
         <size>0x2a8</size>
         <input_file_ref idref="fl-ca"/>
      </object_component>
      <object_component id="oc-20">
         <name>.debug_info</name>
         <load_address>0xaaa1</load_address>
         <run_address>0xaaa1</run_address>
         <size>0x1ea</size>
         <input_file_ref idref="fl-ca"/>
      </object_component>
      <object_component id="oc-3d">
         <name>.debug_info</name>
         <load_address>0xac8b</load_address>
         <run_address>0xac8b</run_address>
         <size>0x46</size>
         <input_file_ref idref="fl-ca"/>
      </object_component>
      <object_component id="oc-7f">
         <name>.debug_info</name>
         <load_address>0xacd1</load_address>
         <run_address>0xacd1</run_address>
         <size>0x2c</size>
         <input_file_ref idref="fl-ca"/>
      </object_component>
      <object_component id="oc-7d">
         <name>.debug_info</name>
         <load_address>0xacfd</load_address>
         <run_address>0xacfd</run_address>
         <size>0x29e</size>
         <input_file_ref idref="fl-cb"/>
      </object_component>
      <object_component id="oc-18">
         <name>.debug_info</name>
         <load_address>0xaf9b</load_address>
         <run_address>0xaf9b</run_address>
         <size>0x250</size>
         <input_file_ref idref="fl-cb"/>
      </object_component>
      <object_component id="oc-2d">
         <name>.debug_info</name>
         <load_address>0xb1eb</load_address>
         <run_address>0xb1eb</run_address>
         <size>0x60</size>
         <input_file_ref idref="fl-cb"/>
      </object_component>
      <object_component id="oc-ed">
         <name>.debug_info</name>
         <load_address>0xb24b</load_address>
         <run_address>0xb24b</run_address>
         <size>0x46</size>
         <input_file_ref idref="fl-cb"/>
      </object_component>
      <object_component id="oc-78">
         <name>.debug_info</name>
         <load_address>0xb291</load_address>
         <run_address>0xb291</run_address>
         <size>0x39</size>
         <input_file_ref idref="fl-cb"/>
      </object_component>
      <object_component id="oc-1ef">
         <name>.debug_info</name>
         <load_address>0xb2ca</load_address>
         <run_address>0xb2ca</run_address>
         <size>0x2b9</size>
         <input_file_ref idref="fl-cc"/>
      </object_component>
      <object_component id="oc-171">
         <name>.debug_info</name>
         <load_address>0xb583</load_address>
         <run_address>0xb583</run_address>
         <size>0x17c</size>
         <input_file_ref idref="fl-cc"/>
      </object_component>
      <object_component id="oc-270">
         <name>.debug_info</name>
         <load_address>0xb6ff</load_address>
         <run_address>0xb6ff</run_address>
         <size>0xf9</size>
         <input_file_ref idref="fl-cd"/>
      </object_component>
      <object_component id="oc-1ec">
         <name>.debug_info</name>
         <load_address>0xb7f8</load_address>
         <run_address>0xb7f8</run_address>
         <size>0x105</size>
         <input_file_ref idref="fl-cd"/>
      </object_component>
      <object_component id="oc-1ea">
         <name>.debug_info</name>
         <load_address>0xb8fd</load_address>
         <run_address>0xb8fd</run_address>
         <size>0x2a4</size>
         <input_file_ref idref="fl-ce"/>
      </object_component>
      <object_component id="oc-169">
         <name>.debug_info</name>
         <load_address>0xbba1</load_address>
         <run_address>0xbba1</run_address>
         <size>0x267</size>
         <input_file_ref idref="fl-ce"/>
      </object_component>
      <object_component id="oc-1e8">
         <name>.debug_info</name>
         <load_address>0xbe08</load_address>
         <run_address>0xbe08</run_address>
         <size>0x28f</size>
         <input_file_ref idref="fl-cf"/>
      </object_component>
      <object_component id="oc-164">
         <name>.debug_info</name>
         <load_address>0xc097</load_address>
         <run_address>0xc097</run_address>
         <size>0x245</size>
         <input_file_ref idref="fl-cf"/>
      </object_component>
      <object_component id="oc-1f1">
         <name>.debug_info</name>
         <load_address>0xc2dc</load_address>
         <run_address>0xc2dc</run_address>
         <size>0x2af</size>
         <input_file_ref idref="fl-d0"/>
      </object_component>
      <object_component id="oc-176">
         <name>.debug_info</name>
         <load_address>0xc58b</load_address>
         <run_address>0xc58b</run_address>
         <size>0x277</size>
         <input_file_ref idref="fl-d0"/>
      </object_component>
      <object_component id="oc-2a">
         <name>.debug_info</name>
         <load_address>0xc802</load_address>
         <run_address>0xc802</run_address>
         <size>0x10b</size>
         <input_file_ref idref="fl-d1"/>
      </object_component>
      <object_component id="oc-56">
         <name>.debug_info</name>
         <load_address>0xc90d</load_address>
         <run_address>0xc90d</run_address>
         <size>0x1a9</size>
         <input_file_ref idref="fl-d1"/>
      </object_component>
      <object_component id="oc-25b">
         <name>.debug_info</name>
         <load_address>0xcab6</load_address>
         <run_address>0xcab6</run_address>
         <size>0x590</size>
         <input_file_ref idref="fl-d2"/>
      </object_component>
      <object_component id="oc-229">
         <name>.debug_info</name>
         <load_address>0xd046</load_address>
         <run_address>0xd046</run_address>
         <size>0x21e</size>
         <input_file_ref idref="fl-d2"/>
      </object_component>
      <object_component id="oc-2b5">
         <name>.debug_info</name>
         <load_address>0xd264</load_address>
         <run_address>0xd264</run_address>
         <size>0x1b3</size>
         <input_file_ref idref="fl-d2"/>
      </object_component>
      <object_component id="oc-2bb">
         <name>.debug_info</name>
         <load_address>0xd417</load_address>
         <run_address>0xd417</run_address>
         <size>0x21b</size>
         <input_file_ref idref="fl-d2"/>
      </object_component>
      <object_component id="oc-234">
         <name>.debug_info</name>
         <load_address>0xd632</load_address>
         <run_address>0xd632</run_address>
         <size>0x3c0</size>
         <input_file_ref idref="fl-d2"/>
      </object_component>
      <object_component id="oc-2c2">
         <name>.debug_info</name>
         <load_address>0xd9f2</load_address>
         <run_address>0xd9f2</run_address>
         <size>0x30a</size>
         <input_file_ref idref="fl-d2"/>
      </object_component>
      <object_component id="oc-2c8">
         <name>.debug_info</name>
         <load_address>0xdcfc</load_address>
         <run_address>0xdcfc</run_address>
         <size>0x215</size>
         <input_file_ref idref="fl-d2"/>
      </object_component>
      <object_component id="oc-23a">
         <name>.debug_info</name>
         <load_address>0xdf11</load_address>
         <run_address>0xdf11</run_address>
         <size>0x215</size>
         <input_file_ref idref="fl-d2"/>
      </object_component>
      <object_component id="oc-240">
         <name>.debug_info</name>
         <load_address>0xe126</load_address>
         <run_address>0xe126</run_address>
         <size>0x304</size>
         <input_file_ref idref="fl-d2"/>
      </object_component>
      <object_component id="oc-246">
         <name>.debug_info</name>
         <load_address>0xe42a</load_address>
         <run_address>0xe42a</run_address>
         <size>0x4b5</size>
         <input_file_ref idref="fl-d2"/>
      </object_component>
      <object_component id="oc-1d2">
         <name>.debug_info</name>
         <load_address>0xe8df</load_address>
         <run_address>0xe8df</run_address>
         <size>0x5f4</size>
         <input_file_ref idref="fl-d2"/>
      </object_component>
      <object_component id="oc-25c">
         <name>.debug_info</name>
         <load_address>0xeed3</load_address>
         <run_address>0xeed3</run_address>
         <size>0x86</size>
         <input_file_ref idref="fl-d2"/>
      </object_component>
      <object_component id="oc-2f4">
         <name>.debug_info</name>
         <load_address>0xef59</load_address>
         <run_address>0xef59</run_address>
         <size>0x39</size>
         <input_file_ref idref="fl-d2"/>
      </object_component>
      <object_component id="oc-330">
         <name>.debug_info</name>
         <load_address>0xef92</load_address>
         <run_address>0xef92</run_address>
         <size>0xb6</size>
         <input_file_ref idref="fl-d2"/>
      </object_component>
      <object_component id="oc-2f9">
         <name>.debug_info</name>
         <load_address>0xf048</load_address>
         <run_address>0xf048</run_address>
         <size>0x46</size>
         <input_file_ref idref="fl-d2"/>
      </object_component>
      <object_component id="oc-261">
         <name>.debug_info</name>
         <load_address>0xf08e</load_address>
         <run_address>0xf08e</run_address>
         <size>0x46</size>
         <input_file_ref idref="fl-d2"/>
      </object_component>
      <object_component id="oc-313">
         <name>.debug_info</name>
         <load_address>0xf0d4</load_address>
         <run_address>0xf0d4</run_address>
         <size>0x295</size>
         <input_file_ref idref="fl-d3"/>
      </object_component>
      <object_component id="oc-2cd">
         <name>.debug_info</name>
         <load_address>0xf369</load_address>
         <run_address>0xf369</run_address>
         <size>0x195</size>
         <input_file_ref idref="fl-d3"/>
      </object_component>
      <object_component id="oc-33a">
         <name>.debug_info</name>
         <load_address>0xf4fe</load_address>
         <run_address>0xf4fe</run_address>
         <size>0x39</size>
         <input_file_ref idref="fl-d3"/>
      </object_component>
      <object_component id="oc-314">
         <name>.debug_info</name>
         <load_address>0xf537</load_address>
         <run_address>0xf537</run_address>
         <size>0x2c</size>
         <input_file_ref idref="fl-d3"/>
      </object_component>
      <object_component id="oc-320">
         <name>.debug_info</name>
         <load_address>0xf563</load_address>
         <run_address>0xf563</run_address>
         <size>0x2f8</size>
         <input_file_ref idref="fl-d4"/>
      </object_component>
      <object_component id="oc-2d3">
         <name>.debug_info</name>
         <load_address>0xf85b</load_address>
         <run_address>0xf85b</run_address>
         <size>0x225</size>
         <input_file_ref idref="fl-d4"/>
      </object_component>
      <object_component id="oc-2e7">
         <name>.debug_info</name>
         <load_address>0xfa80</load_address>
         <run_address>0xfa80</run_address>
         <size>0x28f</size>
         <input_file_ref idref="fl-d5"/>
      </object_component>
      <object_component id="oc-252">
         <name>.debug_info</name>
         <load_address>0xfd0f</load_address>
         <run_address>0xfd0f</run_address>
         <size>0x15a</size>
         <input_file_ref idref="fl-d5"/>
      </object_component>
      <object_component id="oc-325">
         <name>.debug_info</name>
         <load_address>0xfe69</load_address>
         <run_address>0xfe69</run_address>
         <size>0x46</size>
         <input_file_ref idref="fl-d5"/>
      </object_component>
      <object_component id="oc-2e2">
         <name>.debug_info</name>
         <load_address>0xfeaf</load_address>
         <run_address>0xfeaf</run_address>
         <size>0x39</size>
         <input_file_ref idref="fl-d5"/>
      </object_component>
      <object_component id="oc-2ad">
         <name>.debug_info</name>
         <load_address>0xfee8</load_address>
         <run_address>0xfee8</run_address>
         <size>0x14c</size>
         <input_file_ref idref="fl-d6"/>
      </object_component>
      <object_component id="oc-22e">
         <name>.debug_info</name>
         <load_address>0x10034</load_address>
         <run_address>0x10034</run_address>
         <size>0x128</size>
         <input_file_ref idref="fl-d7"/>
      </object_component>
      <object_component id="oc-29a">
         <name>.debug_info</name>
         <load_address>0x1015c</load_address>
         <run_address>0x1015c</run_address>
         <size>0x12a</size>
         <input_file_ref idref="fl-d7"/>
      </object_component>
      <object_component id="oc-293">
         <name>.debug_info</name>
         <load_address>0x10286</load_address>
         <run_address>0x10286</run_address>
         <size>0x13a</size>
         <input_file_ref idref="fl-d8"/>
      </object_component>
      <object_component id="oc-28e">
         <name>.debug_info</name>
         <load_address>0x103c0</load_address>
         <run_address>0x103c0</run_address>
         <size>0x13a</size>
         <input_file_ref idref="fl-d9"/>
      </object_component>
      <object_component id="oc-29d">
         <name>.debug_info</name>
         <load_address>0x104fa</load_address>
         <run_address>0x104fa</run_address>
         <size>0x12e</size>
         <input_file_ref idref="fl-da"/>
      </object_component>
      <object_component id="oc-2a8">
         <name>.debug_info</name>
         <load_address>0x10628</load_address>
         <run_address>0x10628</run_address>
         <size>0x12c</size>
         <input_file_ref idref="fl-db"/>
      </object_component>
      <object_component id="oc-287">
         <name>.debug_info</name>
         <load_address>0x10754</load_address>
         <run_address>0x10754</run_address>
         <size>0x134</size>
         <input_file_ref idref="fl-dc"/>
      </object_component>
      <object_component id="oc-1b4">
         <name>.debug_info</name>
         <load_address>0x10888</load_address>
         <run_address>0x10888</run_address>
         <size>0x4b3</size>
         <input_file_ref idref="fl-dd"/>
      </object_component>
      <object_component id="oc-113">
         <name>.debug_info</name>
         <load_address>0x10d3b</load_address>
         <run_address>0x10d3b</run_address>
         <size>0x1a6</size>
         <input_file_ref idref="fl-dd"/>
      </object_component>
      <object_component id="oc-214">
         <name>.debug_info</name>
         <load_address>0x10ee1</load_address>
         <run_address>0x10ee1</run_address>
         <size>0x39</size>
         <input_file_ref idref="fl-dd"/>
      </object_component>
      <object_component id="oc-27a">
         <name>.debug_info</name>
         <load_address>0x10f1a</load_address>
         <run_address>0x10f1a</run_address>
         <size>0x39</size>
         <input_file_ref idref="fl-dd"/>
      </object_component>
      <object_component id="oc-219">
         <name>.debug_info</name>
         <load_address>0x10f53</load_address>
         <run_address>0x10f53</run_address>
         <size>0x39</size>
         <input_file_ref idref="fl-dd"/>
      </object_component>
      <object_component id="oc-21e">
         <name>.debug_info</name>
         <load_address>0x10f8c</load_address>
         <run_address>0x10f8c</run_address>
         <size>0xcd</size>
         <input_file_ref idref="fl-dd"/>
      </object_component>
      <object_component id="oc-96">
         <name>.debug_info</name>
         <load_address>0x11059</load_address>
         <run_address>0x11059</run_address>
         <size>0x153</size>
         <input_file_ref idref="fl-de"/>
      </object_component>
      <object_component id="oc-105">
         <name>.debug_info</name>
         <load_address>0x111ac</load_address>
         <run_address>0x111ac</run_address>
         <size>0x122</size>
         <input_file_ref idref="fl-e0"/>
      </object_component>
      <object_component id="oc-30b">
         <name>.debug_info</name>
         <load_address>0x112ce</load_address>
         <run_address>0x112ce</run_address>
         <size>0x29c</size>
         <input_file_ref idref="fl-e2"/>
      </object_component>
      <object_component id="oc-2a4">
         <name>.debug_info</name>
         <load_address>0x1156a</load_address>
         <run_address>0x1156a</run_address>
         <size>0x1da</size>
         <input_file_ref idref="fl-e2"/>
      </object_component>
      <object_component id="oc-2e0">
         <name>.debug_info</name>
         <load_address>0x11744</load_address>
         <run_address>0x11744</run_address>
         <size>0x2a7</size>
         <input_file_ref idref="fl-e4"/>
      </object_component>
      <object_component id="oc-24a">
         <name>.debug_info</name>
         <load_address>0x119eb</load_address>
         <run_address>0x119eb</run_address>
         <size>0x1b8</size>
         <input_file_ref idref="fl-e4"/>
      </object_component>
      <object_component id="oc-322">
         <name>.debug_info</name>
         <load_address>0x11ba3</load_address>
         <run_address>0x11ba3</run_address>
         <size>0x29a</size>
         <input_file_ref idref="fl-e5"/>
      </object_component>
      <object_component id="oc-2d9">
         <name>.debug_info</name>
         <load_address>0x11e3d</load_address>
         <run_address>0x11e3d</run_address>
         <size>0x262</size>
         <input_file_ref idref="fl-e5"/>
      </object_component>
      <object_component id="oc-2ec">
         <name>.debug_info</name>
         <load_address>0x1209f</load_address>
         <run_address>0x1209f</run_address>
         <size>0x289</size>
         <input_file_ref idref="fl-e6"/>
      </object_component>
      <object_component id="oc-2e9">
         <name>.debug_info</name>
         <load_address>0x12328</load_address>
         <run_address>0x12328</run_address>
         <size>0x10e</size>
         <input_file_ref idref="fl-e6"/>
      </object_component>
      <object_component id="oc-257">
         <name>.debug_info</name>
         <load_address>0x12436</load_address>
         <run_address>0x12436</run_address>
         <size>0x14e</size>
         <input_file_ref idref="fl-e6"/>
      </object_component>
      <object_component id="oc-31a">
         <name>.debug_info</name>
         <load_address>0x12584</load_address>
         <run_address>0x12584</run_address>
         <size>0x161</size>
         <input_file_ref idref="fl-e7"/>
      </object_component>
      <object_component id="oc-302">
         <name>.debug_info</name>
         <load_address>0x126e5</load_address>
         <run_address>0x126e5</run_address>
         <size>0x115</size>
         <input_file_ref idref="fl-e8"/>
      </object_component>
      <object_component id="oc-379">
         <name>.debug_info</name>
         <load_address>0x127fa</load_address>
         <run_address>0x127fa</run_address>
         <size>0x9a</size>
      </object_component>
      <object_component id="oc-180">
         <name>.debug_line</name>
         <load_address>0x0</load_address>
         <run_address>0x0</run_address>
         <size>0x2f</size>
         <input_file_ref idref="fl-2"/>
      </object_component>
      <object_component id="oc-b3">
         <name>.debug_line</name>
         <load_address>0x2f</load_address>
         <run_address>0x2f</run_address>
         <size>0xe8</size>
         <input_file_ref idref="fl-2"/>
      </object_component>
      <object_component id="oc-14a">
         <name>.debug_line</name>
         <load_address>0x117</load_address>
         <run_address>0x117</run_address>
         <size>0x6b</size>
         <input_file_ref idref="fl-2"/>
      </object_component>
      <object_component id="oc-eb">
         <name>.debug_line</name>
         <load_address>0x182</load_address>
         <run_address>0x182</run_address>
         <size>0x6f</size>
         <input_file_ref idref="fl-2"/>
      </object_component>
      <object_component id="oc-df">
         <name>.debug_line</name>
         <load_address>0x1f1</load_address>
         <run_address>0x1f1</run_address>
         <size>0x20</size>
         <input_file_ref idref="fl-2"/>
      </object_component>
      <object_component id="oc-1a6">
         <name>.debug_line</name>
         <load_address>0x211</load_address>
         <run_address>0x211</run_address>
         <size>0x73</size>
         <input_file_ref idref="fl-2"/>
      </object_component>
      <object_component id="oc-e4">
         <name>.debug_line</name>
         <load_address>0x284</load_address>
         <run_address>0x284</run_address>
         <size>0x70</size>
         <input_file_ref idref="fl-2"/>
      </object_component>
      <object_component id="oc-201">
         <name>.debug_line</name>
         <load_address>0x2f4</load_address>
         <run_address>0x2f4</run_address>
         <size>0x2f</size>
         <input_file_ref idref="fl-2"/>
      </object_component>
      <object_component id="oc-184">
         <name>.debug_line</name>
         <load_address>0x323</load_address>
         <run_address>0x323</run_address>
         <size>0x2f</size>
         <input_file_ref idref="fl-2"/>
      </object_component>
      <object_component id="oc-276">
         <name>.debug_line</name>
         <load_address>0x352</load_address>
         <run_address>0x352</run_address>
         <size>0x6c</size>
         <input_file_ref idref="fl-3"/>
      </object_component>
      <object_component id="oc-102">
         <name>.debug_line</name>
         <load_address>0x3be</load_address>
         <run_address>0x3be</run_address>
         <size>0x167</size>
         <input_file_ref idref="fl-3"/>
      </object_component>
      <object_component id="oc-19c">
         <name>.debug_line</name>
         <load_address>0x525</load_address>
         <run_address>0x525</run_address>
         <size>0x5b</size>
         <input_file_ref idref="fl-3"/>
      </object_component>
      <object_component id="oc-197">
         <name>.debug_line</name>
         <load_address>0x580</load_address>
         <run_address>0x580</run_address>
         <size>0x58</size>
         <input_file_ref idref="fl-3"/>
      </object_component>
      <object_component id="oc-35">
         <name>.debug_line</name>
         <load_address>0x5d8</load_address>
         <run_address>0x5d8</run_address>
         <size>0x20</size>
         <input_file_ref idref="fl-3"/>
      </object_component>
      <object_component id="oc-1fc">
         <name>.debug_line</name>
         <load_address>0x5f8</load_address>
         <run_address>0x5f8</run_address>
         <size>0x6a</size>
         <input_file_ref idref="fl-3"/>
      </object_component>
      <object_component id="oc-1e5">
         <name>.debug_line</name>
         <load_address>0x662</load_address>
         <run_address>0x662</run_address>
         <size>0x6b</size>
         <input_file_ref idref="fl-3"/>
      </object_component>
      <object_component id="oc-1f7">
         <name>.debug_line</name>
         <load_address>0x6cd</load_address>
         <run_address>0x6cd</run_address>
         <size>0x74</size>
         <input_file_ref idref="fl-3"/>
      </object_component>
      <object_component id="oc-151">
         <name>.debug_line</name>
         <load_address>0x741</load_address>
         <run_address>0x741</run_address>
         <size>0x2d</size>
         <input_file_ref idref="fl-3"/>
      </object_component>
      <object_component id="oc-190">
         <name>.debug_line</name>
         <load_address>0x76e</load_address>
         <run_address>0x76e</run_address>
         <size>0x2d</size>
         <input_file_ref idref="fl-3"/>
      </object_component>
      <object_component id="oc-c3">
         <name>.debug_line</name>
         <load_address>0x79b</load_address>
         <run_address>0x79b</run_address>
         <size>0xa9</size>
         <input_file_ref idref="fl-4"/>
      </object_component>
      <object_component id="oc-193">
         <name>.debug_line</name>
         <load_address>0x844</load_address>
         <run_address>0x844</run_address>
         <size>0x71</size>
         <input_file_ref idref="fl-5"/>
      </object_component>
      <object_component id="oc-187">
         <name>.debug_line</name>
         <load_address>0x8b5</load_address>
         <run_address>0x8b5</run_address>
         <size>0x2c</size>
         <input_file_ref idref="fl-5"/>
      </object_component>
      <object_component id="oc-71">
         <name>.debug_line</name>
         <load_address>0x8e1</load_address>
         <run_address>0x8e1</run_address>
         <size>0x131</size>
         <input_file_ref idref="fl-5"/>
      </object_component>
      <object_component id="oc-1a1">
         <name>.debug_line</name>
         <load_address>0xa12</load_address>
         <run_address>0xa12</run_address>
         <size>0x2f</size>
         <input_file_ref idref="fl-5"/>
      </object_component>
      <object_component id="oc-18b">
         <name>.debug_line</name>
         <load_address>0xa41</load_address>
         <run_address>0xa41</run_address>
         <size>0x2c</size>
         <input_file_ref idref="fl-5"/>
      </object_component>
      <object_component id="oc-9d">
         <name>.debug_line</name>
         <load_address>0xa6d</load_address>
         <run_address>0xa6d</run_address>
         <size>0x8d</size>
         <input_file_ref idref="fl-6"/>
      </object_component>
      <object_component id="oc-e7">
         <name>.debug_line</name>
         <load_address>0xafa</load_address>
         <run_address>0xafa</run_address>
         <size>0x40</size>
         <input_file_ref idref="fl-7"/>
      </object_component>
      <object_component id="oc-74">
         <name>.debug_line</name>
         <load_address>0xb3a</load_address>
         <run_address>0xb3a</run_address>
         <size>0x40</size>
         <input_file_ref idref="fl-7"/>
      </object_component>
      <object_component id="oc-6a">
         <name>.debug_line</name>
         <load_address>0xb7a</load_address>
         <run_address>0xb7a</run_address>
         <size>0x71</size>
         <input_file_ref idref="fl-7"/>
      </object_component>
      <object_component id="oc-1ca">
         <name>.debug_line</name>
         <load_address>0xbeb</load_address>
         <run_address>0xbeb</run_address>
         <size>0x3b</size>
         <input_file_ref idref="fl-8"/>
      </object_component>
      <object_component id="oc-ac">
         <name>.debug_line</name>
         <load_address>0xc26</load_address>
         <run_address>0xc26</run_address>
         <size>0x134</size>
         <input_file_ref idref="fl-8"/>
      </object_component>
      <object_component id="oc-ba">
         <name>.debug_line</name>
         <load_address>0xd5a</load_address>
         <run_address>0xd5a</run_address>
         <size>0x6a</size>
         <input_file_ref idref="fl-9"/>
      </object_component>
      <object_component id="oc-1cc">
         <name>.debug_line</name>
         <load_address>0xdc4</load_address>
         <run_address>0xdc4</run_address>
         <size>0x2f</size>
         <input_file_ref idref="fl-a"/>
      </object_component>
      <object_component id="oc-c8">
         <name>.debug_line</name>
         <load_address>0xdf3</load_address>
         <run_address>0xdf3</run_address>
         <size>0xf2</size>
         <input_file_ref idref="fl-a"/>
      </object_component>
      <object_component id="oc-1f3">
         <name>.debug_line</name>
         <load_address>0xee5</load_address>
         <run_address>0xee5</run_address>
         <size>0x11c</size>
         <input_file_ref idref="fl-b"/>
      </object_component>
      <object_component id="oc-ce">
         <name>.debug_line</name>
         <load_address>0x1001</load_address>
         <run_address>0x1001</run_address>
         <size>0x192</size>
         <input_file_ref idref="fl-b"/>
      </object_component>
      <object_component id="oc-269">
         <name>.debug_line</name>
         <load_address>0x1193</load_address>
         <run_address>0x1193</run_address>
         <size>0x2d</size>
         <input_file_ref idref="fl-c5"/>
      </object_component>
      <object_component id="oc-160">
         <name>.debug_line</name>
         <load_address>0x11c0</load_address>
         <run_address>0x11c0</run_address>
         <size>0x4b</size>
         <input_file_ref idref="fl-c5"/>
      </object_component>
      <object_component id="oc-1d5">
         <name>.debug_line</name>
         <load_address>0x120b</load_address>
         <run_address>0x120b</run_address>
         <size>0x4b</size>
         <input_file_ref idref="fl-c5"/>
      </object_component>
      <object_component id="oc-1df">
         <name>.debug_line</name>
         <load_address>0x1256</load_address>
         <run_address>0x1256</run_address>
         <size>0x3f</size>
         <input_file_ref idref="fl-c5"/>
      </object_component>
      <object_component id="oc-2f2">
         <name>.debug_line</name>
         <load_address>0x1295</load_address>
         <run_address>0x1295</run_address>
         <size>0x91</size>
         <input_file_ref idref="fl-c5"/>
      </object_component>
      <object_component id="oc-158">
         <name>.debug_line</name>
         <load_address>0x1326</load_address>
         <run_address>0x1326</run_address>
         <size>0x57</size>
         <input_file_ref idref="fl-c6"/>
      </object_component>
      <object_component id="oc-3b">
         <name>.debug_line</name>
         <load_address>0x137d</load_address>
         <run_address>0x137d</run_address>
         <size>0x88</size>
         <input_file_ref idref="fl-c7"/>
      </object_component>
      <object_component id="oc-8e">
         <name>.debug_line</name>
         <load_address>0x1405</load_address>
         <run_address>0x1405</run_address>
         <size>0x79</size>
         <input_file_ref idref="fl-c8"/>
      </object_component>
      <object_component id="oc-fa">
         <name>.debug_line</name>
         <load_address>0x147e</load_address>
         <run_address>0x147e</run_address>
         <size>0x92</size>
         <input_file_ref idref="fl-c9"/>
      </object_component>
      <object_component id="oc-4a">
         <name>.debug_line</name>
         <load_address>0x1510</load_address>
         <run_address>0x1510</run_address>
         <size>0x53</size>
         <input_file_ref idref="fl-c9"/>
      </object_component>
      <object_component id="oc-8a">
         <name>.debug_line</name>
         <load_address>0x1563</load_address>
         <run_address>0x1563</run_address>
         <size>0x34</size>
         <input_file_ref idref="fl-c9"/>
      </object_component>
      <object_component id="oc-f7">
         <name>.debug_line</name>
         <load_address>0x1597</load_address>
         <run_address>0x1597</run_address>
         <size>0x92</size>
         <input_file_ref idref="fl-c9"/>
      </object_component>
      <object_component id="oc-85">
         <name>.debug_line</name>
         <load_address>0x1629</load_address>
         <run_address>0x1629</run_address>
         <size>0x20</size>
         <input_file_ref idref="fl-ca"/>
      </object_component>
      <object_component id="oc-1f">
         <name>.debug_line</name>
         <load_address>0x1649</load_address>
         <run_address>0x1649</run_address>
         <size>0x55</size>
         <input_file_ref idref="fl-ca"/>
      </object_component>
      <object_component id="oc-40">
         <name>.debug_line</name>
         <load_address>0x169e</load_address>
         <run_address>0x169e</run_address>
         <size>0x3a</size>
         <input_file_ref idref="fl-ca"/>
      </object_component>
      <object_component id="oc-82">
         <name>.debug_line</name>
         <load_address>0x16d8</load_address>
         <run_address>0x16d8</run_address>
         <size>0x92</size>
         <input_file_ref idref="fl-ca"/>
      </object_component>
      <object_component id="oc-f3">
         <name>.debug_line</name>
         <load_address>0x176a</load_address>
         <run_address>0x176a</run_address>
         <size>0x20</size>
         <input_file_ref idref="fl-cb"/>
      </object_component>
      <object_component id="oc-1b">
         <name>.debug_line</name>
         <load_address>0x178a</load_address>
         <run_address>0x178a</run_address>
         <size>0xa9</size>
         <input_file_ref idref="fl-cb"/>
      </object_component>
      <object_component id="oc-30">
         <name>.debug_line</name>
         <load_address>0x1833</load_address>
         <run_address>0x1833</run_address>
         <size>0x3a</size>
         <input_file_ref idref="fl-cb"/>
      </object_component>
      <object_component id="oc-f0">
         <name>.debug_line</name>
         <load_address>0x186d</load_address>
         <run_address>0x186d</run_address>
         <size>0x9a</size>
         <input_file_ref idref="fl-cb"/>
      </object_component>
      <object_component id="oc-7b">
         <name>.debug_line</name>
         <load_address>0x1907</load_address>
         <run_address>0x1907</run_address>
         <size>0x96</size>
         <input_file_ref idref="fl-cb"/>
      </object_component>
      <object_component id="oc-272">
         <name>.debug_line</name>
         <load_address>0x199d</load_address>
         <run_address>0x199d</run_address>
         <size>0x91</size>
         <input_file_ref idref="fl-cc"/>
      </object_component>
      <object_component id="oc-170">
         <name>.debug_line</name>
         <load_address>0x1a2e</load_address>
         <run_address>0x1a2e</run_address>
         <size>0x63</size>
         <input_file_ref idref="fl-cc"/>
      </object_component>
      <object_component id="oc-2ff">
         <name>.debug_line</name>
         <load_address>0x1a91</load_address>
         <run_address>0x1a91</run_address>
         <size>0x20</size>
         <input_file_ref idref="fl-cd"/>
      </object_component>
      <object_component id="oc-26f">
         <name>.debug_line</name>
         <load_address>0x1ab1</load_address>
         <run_address>0x1ab1</run_address>
         <size>0x2b</size>
         <input_file_ref idref="fl-cd"/>
      </object_component>
      <object_component id="oc-26d">
         <name>.debug_line</name>
         <load_address>0x1adc</load_address>
         <run_address>0x1adc</run_address>
         <size>0x20</size>
         <input_file_ref idref="fl-ce"/>
      </object_component>
      <object_component id="oc-16c">
         <name>.debug_line</name>
         <load_address>0x1afc</load_address>
         <run_address>0x1afc</run_address>
         <size>0xaf</size>
         <input_file_ref idref="fl-ce"/>
      </object_component>
      <object_component id="oc-26b">
         <name>.debug_line</name>
         <load_address>0x1bab</load_address>
         <run_address>0x1bab</run_address>
         <size>0x20</size>
         <input_file_ref idref="fl-cf"/>
      </object_component>
      <object_component id="oc-167">
         <name>.debug_line</name>
         <load_address>0x1bcb</load_address>
         <run_address>0x1bcb</run_address>
         <size>0xb2</size>
         <input_file_ref idref="fl-cf"/>
      </object_component>
      <object_component id="oc-274">
         <name>.debug_line</name>
         <load_address>0x1c7d</load_address>
         <run_address>0x1c7d</run_address>
         <size>0x20</size>
         <input_file_ref idref="fl-d0"/>
      </object_component>
      <object_component id="oc-179">
         <name>.debug_line</name>
         <load_address>0x1c9d</load_address>
         <run_address>0x1c9d</run_address>
         <size>0xbd</size>
         <input_file_ref idref="fl-d0"/>
      </object_component>
      <object_component id="oc-77">
         <name>.debug_line</name>
         <load_address>0x1d5a</load_address>
         <run_address>0x1d5a</run_address>
         <size>0x33</size>
         <input_file_ref idref="fl-d1"/>
      </object_component>
      <object_component id="oc-5a">
         <name>.debug_line</name>
         <load_address>0x1d8d</load_address>
         <run_address>0x1d8d</run_address>
         <size>0x45</size>
         <input_file_ref idref="fl-d1"/>
      </object_component>
      <object_component id="oc-2ee">
         <name>.debug_line</name>
         <load_address>0x1dd2</load_address>
         <run_address>0x1dd2</run_address>
         <size>0x264</size>
         <input_file_ref idref="fl-d2"/>
      </object_component>
      <object_component id="oc-228">
         <name>.debug_line</name>
         <load_address>0x2036</load_address>
         <run_address>0x2036</run_address>
         <size>0x7a</size>
         <input_file_ref idref="fl-d2"/>
      </object_component>
      <object_component id="oc-2b3">
         <name>.debug_line</name>
         <load_address>0x20b0</load_address>
         <run_address>0x20b0</run_address>
         <size>0x51</size>
         <input_file_ref idref="fl-d2"/>
      </object_component>
      <object_component id="oc-2b9">
         <name>.debug_line</name>
         <load_address>0x2101</load_address>
         <run_address>0x2101</run_address>
         <size>0x88</size>
         <input_file_ref idref="fl-d2"/>
      </object_component>
      <object_component id="oc-233">
         <name>.debug_line</name>
         <load_address>0x2189</load_address>
         <run_address>0x2189</run_address>
         <size>0x14d</size>
         <input_file_ref idref="fl-d2"/>
      </object_component>
      <object_component id="oc-2c0">
         <name>.debug_line</name>
         <load_address>0x22d6</load_address>
         <run_address>0x22d6</run_address>
         <size>0xee</size>
         <input_file_ref idref="fl-d2"/>
      </object_component>
      <object_component id="oc-2c7">
         <name>.debug_line</name>
         <load_address>0x23c4</load_address>
[...]
      <symbol id="sm-153">
         <name>IntDegF</name>
         <value>0x20000824</value>
      </symbol>
      <symbol id="sm-154">
         <name>temp_ready_status</name>
         <value>0x20000c34</value>
         <object_component_ref idref="oc-d4"/>
      </symbol>
      <symbol id="sm-155">
         <name>PORT1_IRQHandler</name>
         <value>0x181b</value>
         <object_component_ref idref="oc-6d"/>
      </symbol>
      <symbol id="sm-156">
         <name>TA2_0_IRQHandler</name>
         <value>0x17ff</value>
         <object_component_ref idref="oc-6d"/>
      </symbol>
      <symbol id="sm-157">
         <name>debounce_period_elapsed</name>
         <value>0x20000c2f</value>
         <object_component_ref idref="oc-d4"/>
      </symbol>
      <symbol id="sm-158">
         <name>temp_unit</name>
         <value>0x20000c35</value>
         <object_component_ref idref="oc-d4"/>
      </symbol>
      <symbol id="sm-159">
         <name>ADC14_IRQHandler</name>
         <value>0x18db</value>
         <object_component_ref idref="oc-6d"/>
      </symbol>
      <symbol id="sm-15a">
         <name>prev_led_status</name>
         <value>0x20000c2d</value>
         <object_component_ref idref="oc-d4"/>
      </symbol>
      <symbol id="sm-15b">
         <name>TA3_0_IRQHandler</name>
         <value>0x17e7</value>
         <object_component_ref idref="oc-6d"/>
      </symbol>
      <symbol id="sm-15c">
         <name>EUSCIA0_IRQHandler</name>
         <value>0x1759</value>
         <object_component_ref idref="oc-6d"/>
      </symbol>
      <symbol id="sm-15d">
         <name>get_temp</name>
         <value>0x197d</value>
         <object_component_ref idref="oc-6d"/>
      </symbol>
      <symbol id="sm-15e">
         <name>led_status</name>
         <value>0x20000c2c</value>
         <object_component_ref idref="oc-d4"/>
      </symbol>
      <symbol id="sm-15f">
         <name>toggle_state_by_switch</name>
         <value>0x20000c2e</value>
         <object_component_ref idref="oc-d4"/>
      </symbol>
      <symbol id="sm-17a">
         <name>main</name>
         <value>0x1cd1</value>
         <object_component_ref idref="oc-99"/>
      </symbol>
      <symbol id="sm-18f">
         <name>Reset_Handler</name>
         <value>0x351b</value>
         <object_component_ref idref="oc-67"/>
      </symbol>
      <symbol id="sm-190">
         <name>Default_Handler</name>
         <value>0x3527</value>
         <object_component_ref idref="oc-67"/>
      </symbol>
      <symbol id="sm-191">
         <name>interruptVectors</name>
         <value>0x0</value>
         <object_component_ref idref="oc-26"/>
      </symbol>
      <symbol id="sm-1d9">
         <name>SystemInit</name>
         <value>0x169d</value>
         <object_component_ref idref="oc-ab"/>
      </symbol>
      <symbol id="sm-1da">
         <name>SystemCoreClockUpdate</name>
         <value>0x1425</value>
         <object_component_ref idref="oc-ab"/>
      </symbol>
      <symbol id="sm-1db">
         <name>SystemCoreClock</name>
         <value>0x20000c3c</value>
         <object_component_ref idref="oc-142"/>
      </symbol>
      <symbol id="sm-1f0">
         <name>init_temp</name>
         <value>0x2f11</value>
         <object_component_ref idref="oc-b8"/>
      </symbol>
      <symbol id="sm-1f1">
         <name>start_temp_measurement</name>
         <value>0x2f6b</value>
         <object_component_ref idref="oc-b8"/>
      </symbol>
      <symbol id="sm-220">
         <name>led_pattern</name>
         <value>0x2313</value>
         <object_component_ref idref="oc-c4"/>
      </symbol>
      <symbol id="sm-221">
         <name>set_pwm_period</name>
         <value>0x22fd</value>
         <object_component_ref idref="oc-c4"/>
      </symbol>
      <symbol id="sm-222">
         <name>delay</name>
         <value>0x2339</value>
         <object_component_ref idref="oc-c4"/>
      </symbol>
      <symbol id="sm-223">
         <name>get_pwm_duty_cycle</name>
         <value>0x22d1</value>
         <object_component_ref idref="oc-c4"/>
      </symbol>
      <symbol id="sm-224">
         <name>init_timer</name>
         <value>0x222d</value>
         <object_component_ref idref="oc-c4"/>
      </symbol>
      <symbol id="sm-225">
         <name>set_pwm_duty_cycle</name>
         <value>0x22d7</value>
         <object_component_ref idref="oc-c4"/>
      </symbol>
      <symbol id="sm-26a">
         <name>getchar</name>
         <value>0x126d</value>
         <object_component_ref idref="oc-ca"/>
      </symbol>
      <symbol id="sm-26b">
         <name>echo</name>
         <value>0x1111</value>
         <object_component_ref idref="oc-ca"/>
      </symbol>
      <symbol id="sm-26c">
         <name>num_to_str</name>
         <value>0x11cd</value>
         <object_component_ref idref="oc-ca"/>
      </symbol>
      <symbol id="sm-26d">
         <name>putstr</name>
         <value>0x11f9</value>
         <object_component_ref idref="oc-ca"/>
      </symbol>
      <symbol id="sm-26e">
         <name>uart_init</name>
         <value>0x10c1</value>
         <object_component_ref idref="oc-ca"/>
      </symbol>
      <symbol id="sm-26f">
         <name>get_line_of_command_raw</name>
         <value>0x114f</value>
         <object_component_ref idref="oc-ca"/>
      </symbol>
      <symbol id="sm-270">
         <name>accept_number_from_user</name>
         <value>0x12b5</value>
         <object_component_ref idref="oc-ca"/>
      </symbol>
      <symbol id="sm-297">
         <name>sprintf</name>
         <value>0x331d</value>
         <object_component_ref idref="oc-15c"/>
      </symbol>
      <symbol id="sm-2a2">
         <name>__aeabi_f2d</name>
         <value>0x339b</value>
         <object_component_ref idref="oc-157"/>
      </symbol>
      <symbol id="sm-2bd">
         <name>memcpy</name>
         <value>0x2cd3</value>
         <object_component_ref idref="oc-37"/>
      </symbol>
      <symbol id="sm-2be">
         <name>__aeabi_memcpy</name>
         <value>0x2cd3</value>
         <object_component_ref idref="oc-37"/>
      </symbol>
      <symbol id="sm-2bf">
         <name>__aeabi_memcpy8</name>
         <value>0x2cd3</value>
         <object_component_ref idref="oc-37"/>
      </symbol>
      <symbol id="sm-2c0">
         <name>__aeabi_memcpy4</name>
         <value>0x2cd3</value>
         <object_component_ref idref="oc-37"/>
      </symbol>
      <symbol id="sm-2cf">
         <name>__aeabi_memset</name>
         <value>0x2f97</value>
         <object_component_ref idref="oc-8d"/>
      </symbol>
      <symbol id="sm-2d0">
         <name>memset</name>
         <value>0x2f9d</value>
         <object_component_ref idref="oc-8d"/>
      </symbol>
      <symbol id="sm-2d1">
         <name>__aeabi_memset8</name>
         <value>0x2f97</value>
         <object_component_ref idref="oc-8d"/>
      </symbol>
      <symbol id="sm-2d2">
         <name>__aeabi_memset4</name>
         <value>0x2f97</value>
         <object_component_ref idref="oc-8d"/>
      </symbol>
      <symbol id="sm-2d3">
         <name>__aeabi_memclr8</name>
         <value>0x2f95</value>
         <object_component_ref idref="oc-8d"/>
      </symbol>
      <symbol id="sm-2d4">
         <name>__aeabi_memclr4</name>
         <value>0x2f95</value>
         <object_component_ref idref="oc-8d"/>
      </symbol>
      <symbol id="sm-2d5">
         <name>__aeabi_memclr</name>
         <value>0x2f95</value>
         <object_component_ref idref="oc-8d"/>
      </symbol>
      <symbol id="sm-2ec">
         <name>__TI_zero_init</name>
         <value>0x3529</value>
         <object_component_ref idref="oc-49"/>
      </symbol>
      <symbol id="sm-303">
         <name>__TI_decompress_none</name>
         <value>0x350d</value>
         <object_component_ref idref="oc-1d"/>
      </symbol>
      <symbol id="sm-326">
         <name>__TI_decompress_lzss</name>
         <value>0x307d</value>
         <object_component_ref idref="oc-17"/>
      </symbol>
      <symbol id="sm-33c">
         <name>atoi</name>
         <value>0x3245</value>
         <object_component_ref idref="oc-16e"/>
      </symbol>
      <symbol id="sm-347">
         <name>_ctypes_</name>
         <value>0x3550</value>
         <object_component_ref idref="oc-1eb"/>
      </symbol>
      <symbol id="sm-357">
         <name>strcat</name>
         <value>0x3465</value>
         <object_component_ref idref="oc-168"/>
      </symbol>
      <symbol id="sm-365">
         <name>strlen</name>
         <value>0x34e7</value>
         <object_component_ref idref="oc-162"/>
      </symbol>
      <symbol id="sm-376">
         <name>strncat</name>
         <value>0x3437</value>
         <object_component_ref idref="oc-174"/>
      </symbol>
      <symbol id="sm-389">
         <name>__stack</name>
         <value>0x2000fe00</value>
         <object_component_ref idref="oc-29"/>
      </symbol>
      <symbol id="sm-38a">
         <name>_c_int00_noargs</name>
         <value>0x33d5</value>
         <object_component_ref idref="oc-55"/>
      </symbol>
      <symbol id="sm-4ef">
         <name>__TI_printfi</name>
         <value>0xe5</value>
         <object_component_ref idref="oc-1ce"/>
      </symbol>
      <symbol id="sm-50f">
         <name>frexpl</name>
         <value>0x30e5</value>
         <object_component_ref idref="oc-2cc"/>
      </symbol>
      <symbol id="sm-510">
         <name>frexp</name>
         <value>0x30e5</value>
         <object_component_ref idref="oc-2cc"/>
      </symbol>
      <symbol id="sm-52d">
         <name>scalbn</name>
         <value>0x2a15</value>
         <object_component_ref idref="oc-2d2"/>
      </symbol>
      <symbol id="sm-52e">
         <name>scalbnl</name>
         <value>0x2a15</value>
         <object_component_ref idref="oc-2d2"/>
      </symbol>
      <symbol id="sm-52f">
         <name>ldexpl</name>
         <value>0x2a15</value>
         <object_component_ref idref="oc-2d2"/>
      </symbol>
      <symbol id="sm-530">
         <name>ldexp</name>
         <value>0x2a15</value>
         <object_component_ref idref="oc-2d2"/>
      </symbol>
      <symbol id="sm-549">
         <name>wcslen</name>
         <value>0x34fb</value>
         <object_component_ref idref="oc-24e"/>
      </symbol>
      <symbol id="sm-560">
         <name>__aeabi_dsub</name>
         <value>0x2075</value>
         <object_component_ref idref="oc-2ac"/>
      </symbol>
      <symbol id="sm-561">
         <name>__aeabi_dadd</name>
         <value>0x207f</value>
         <object_component_ref idref="oc-2ac"/>
      </symbol>
      <symbol id="sm-583">
         <name>__aeabi_cdcmpeq</name>
         <value>0x2e05</value>
         <object_component_ref idref="oc-22b"/>
      </symbol>
      <symbol id="sm-584">
         <name>__aeabi_cdcmple</name>
         <value>0x2e05</value>
         <object_component_ref idref="oc-22b"/>
      </symbol>
      <symbol id="sm-585">
         <name>__aeabi_cdrcmple</name>
         <value>0x2e8b</value>
         <object_component_ref idref="oc-297"/>
      </symbol>
      <symbol id="sm-599">
         <name>__aeabi_ddiv</name>
         <value>0x27b9</value>
         <object_component_ref idref="oc-292"/>
      </symbol>
      <symbol id="sm-5a4">
         <name>__aeabi_dmul</name>
         <value>0x2b25</value>
         <object_component_ref idref="oc-28d"/>
      </symbol>
      <symbol id="sm-5ae">
         <name>__aeabi_d2iz</name>
         <value>0x3291</value>
         <object_component_ref idref="oc-29c"/>
      </symbol>
      <symbol id="sm-5b8">
         <name>__aeabi_i2d</name>
         <value>0x3409</value>
         <object_component_ref idref="oc-2a7"/>
      </symbol>
      <symbol id="sm-5c5">
         <name>__aeabi_uldivmod</name>
         <value>0x2d6f</value>
         <object_component_ref idref="oc-286"/>
      </symbol>
      <symbol id="sm-5ed">
         <name>__TI_auto_init_nobinit_nopinit</name>
         <value>0x32d9</value>
         <object_component_ref idref="oc-110"/>
      </symbol>
      <symbol id="sm-5f7">
         <name>_system_pre_init</name>
         <value>0x3549</value>
         <object_component_ref idref="oc-93"/>
      </symbol>
      <symbol id="sm-603">
         <name>C$$EXIT</name>
         <value>0x354d</value>
         <object_component_ref idref="oc-104"/>
      </symbol>
      <symbol id="sm-604">
         <name>abort</name>
         <value>0x354d</value>
         <object_component_ref idref="oc-104"/>
      </symbol>
      <symbol id="sm-614">
         <name>__TI_ltoa</name>
         <value>0x319f</value>
         <object_component_ref idref="oc-2a1"/>
      </symbol>
      <symbol id="sm-625">
         <name>memccpy</name>
         <value>0x3483</value>
         <object_component_ref idref="oc-248"/>
      </symbol>
      <symbol id="sm-635">
         <name>strchr</name>
         <value>0x34d1</value>
         <object_component_ref idref="oc-2d8"/>
      </symbol>
      <symbol id="sm-64b">
         <name>__aeabi_errno_addr</name>
         <value>0x3541</value>
         <object_component_ref idref="oc-254"/>
      </symbol>
      <symbol id="sm-64c">
         <name>errno</name>
         <value>0x20000c38</value>
         <object_component_ref idref="oc-2e8"/>
      </symbol>
      <symbol id="sm-656">
         <name>copysign</name>
         <value>0x349f</value>
         <object_component_ref idref="oc-319"/>
      </symbol>
      <symbol id="sm-657">
         <name>copysignl</name>
         <value>0x349f</value>
         <object_component_ref idref="oc-319"/>
      </symbol>
      <symbol id="sm-661">
         <name>__aeabi_idiv0</name>
         <value>0xb33</value>
         <object_component_ref idref="oc-300"/>
      </symbol>
      <symbol id="sm-662">
         <name>__aeabi_ldiv0</name>
         <value>0xb33</value>
         <object_component_ref idref="oc-300"/>
      </symbol>
      <symbol id="sm-663">
         <name>__TI_static_base__</name>
         <value>0x0</value>
      </symbol>
      <symbol id="sm-666">
         <name>__mpu_init</name>
         <value>0x0</value>
      </symbol>
      <symbol id="sm-667">
         <name>_system_post_cinit</name>
         <value>0x0</value>
      </symbol>
      <symbol id="sm-668">
         <name>NMI_Handler</name>
         <value>0x3527</value>
      </symbol>
      <symbol id="sm-669">
         <name>HardFault_Handler</name>
         <value>0x3527</value>
      </symbol>
      <symbol id="sm-66a">
         <name>MemManage_Handler</name>
         <value>0x3527</value>
      </symbol>
      <symbol id="sm-66b">
         <name>BusFault_Handler</name>
         <value>0x3527</value>
      </symbol>
      <symbol id="sm-66c">
         <name>UsageFault_Handler</name>
         <value>0x3527</value>
      </symbol>
      <symbol id="sm-66d">
         <name>SVC_Handler</name>
         <value>0x3527</value>
      </symbol>
      <symbol id="sm-66e">
         <name>DebugMon_Handler</name>
         <value>0x3527</value>
      </symbol>
      <symbol id="sm-66f">
         <name>PendSV_Handler</name>
         <value>0x3527</value>
      </symbol>
      <symbol id="sm-670">
         <name>SysTick_Handler</name>
         <value>0x3527</value>
      </symbol>
      <symbol id="sm-671">
         <name>PSS_IRQHandler</name>
         <value>0x3527</value>
      </symbol>
      <symbol id="sm-672">
         <name>CS_IRQHandler</name>
         <value>0x3527</value>
      </symbol>
      <symbol id="sm-673">
         <name>PCM_IRQHandler</name>
         <value>0x3527</value>
      </symbol>
      <symbol id="sm-674">
         <name>WDT_A_IRQHandler</name>
         <value>0x3527</value>
      </symbol>
      <symbol id="sm-675">
         <name>FPU_IRQHandler</name>
         <value>0x3527</value>
      </symbol>
      <symbol id="sm-676">
         <name>FLCTL_IRQHandler</name>
         <value>0x3527</value>
      </symbol>
      <symbol id="sm-677">
         <name>COMP_E0_IRQHandler</name>
         <value>0x3527</value>
      </symbol>
      <symbol id="sm-678">
         <name>COMP_E1_IRQHandler</name>
         <value>0x3527</value>
      </symbol>
      <symbol id="sm-679">
         <name>TA0_0_IRQHandler</name>
         <value>0x3527</value>
      </symbol>
      <symbol id="sm-67a">
         <name>TA0_N_IRQHandler</name>
         <value>0x3527</value>
      </symbol>
      <symbol id="sm-67b">
         <name>TA1_0_IRQHandler</name>
         <value>0x3527</value>
      </symbol>
      <symbol id="sm-67c">
         <name>TA1_N_IRQHandler</name>
         <value>0x3527</value>
      </symbol>
      <symbol id="sm-67d">
         <name>TA2_0_IRQHandler</name>
         <value>0x17ff</value>
      </symbol>
      <symbol id="sm-67e">
         <name>TA2_N_IRQHandler</name>
         <value>0x3527</value>
      </symbol>
      <symbol id="sm-67f">
         <name>TA3_0_IRQHandler</name>
         <value>0x17e7</value>
      </symbol>
      <symbol id="sm-680">
         <name>TA3_N_IRQHandler</name>
         <value>0x3527</value>
      </symbol>
      <symbol id="sm-681">
         <name>EUSCIA0_IRQHandler</name>
         <value>0x1759</value>
      </symbol>
      <symbol id="sm-682">
         <name>EUSCIA1_IRQHandler</name>
         <value>0x3527</value>
      </symbol>
      <symbol id="sm-683">
         <name>EUSCIA2_IRQHandler</name>
         <value>0x3527</value>
      </symbol>
      <symbol id="sm-684">
         <name>EUSCIA3_IRQHandler</name>
         <value>0x3527</value>
      </symbol>
      <symbol id="sm-685">
         <name>EUSCIB0_IRQHandler</name>
         <value>0x3527</value>
      </symbol>
      <symbol id="sm-686">
         <name>EUSCIB1_IRQHandler</name>
         <value>0x3527</value>
      </symbol>
      <symbol id="sm-687">
         <name>EUSCIB2_IRQHandler</name>
         <value>0x3527</value>
      </symbol>
      <symbol id="sm-688">
         <name>EUSCIB3_IRQHandler</name>
         <value>0x3527</value>
      </symbol>
      <symbol id="sm-689">
         <name>ADC14_IRQHandler</name>
         <value>0x18db</value>
      </symbol>
      <symbol id="sm-68a">
         <name>T32_INT1_IRQHandler</name>
         <value>0x3527</value>
      </symbol>
      <symbol id="sm-68b">
         <name>T32_INT2_IRQHandler</name>
         <value>0x3527</value>
      </symbol>
      <symbol id="sm-68c">
         <name>T32_INTC_IRQHandler</name>
         <value>0x3527</value>
      </symbol>
      <symbol id="sm-68d">
         <name>AES256_IRQHandler</name>
         <value>0x3527</value>
      </symbol>
      <symbol id="sm-68e">
         <name>RTC_C_IRQHandler</name>
         <value>0x3527</value>
      </symbol>
      <symbol id="sm-68f">
         <name>DMA_ERR_IRQHandler</name>
         <value>0x3527</value>
      </symbol>
      <symbol id="sm-690">
         <name>DMA_INT3_IRQHandler</name>
         <value>0x3527</value>
      </symbol>
      <symbol id="sm-691">
         <name>DMA_INT2_IRQHandler</name>
         <value>0x3527</value>
      </symbol>
      <symbol id="sm-692">
         <name>DMA_INT1_IRQHandler</name>
         <value>0x3527</value>
      </symbol>
      <symbol id="sm-693">
         <name>DMA_INT0_IRQHandler</name>
         <value>0x3527</value>
      </symbol>
      <symbol id="sm-694">
         <name>PORT1_IRQHandler</name>
         <value>0x181b</value>
      </symbol>
      <symbol id="sm-695">
         <name>PORT2_IRQHandler</name>
         <value>0x3527</value>
      </symbol>
      <symbol id="sm-696">
         <name>PORT3_IRQHandler</name>
         <value>0x3527</value>
      </symbol>
      <symbol id="sm-697">
         <name>PORT4_IRQHandler</name>
         <value>0x3527</value>
      </symbol>
      <symbol id="sm-698">
         <name>PORT5_IRQHandler</name>
         <value>0x3527</value>
      </symbol>
      <symbol id="sm-699">
         <name>PORT6_IRQHandler</name>
         <value>0x3527</value>
      </symbol>
   </symbol_table>
   <title>Link successful</title>
</link_info>
