<?xml version="1.0" encoding="ISO-8859-1" ?>
<link_info>
   <banner>TI ARM Linker PC v20.2.5.LTS</banner>
   <copyright>Copyright (c) 1996-2018 Texas Instruments Incorporated</copyright>
   <link_time>0x61b5db58</link_time>
   <link_errors>0x0</link_errors>
   <output_file>ESD-Final-project.out</output_file>
   <entry_point>
      <name>_c_int00_noargs</name>
      <address>0x19d9</address>
   </entry_point>
   <input_file_list>
      <input_file id="fl-2">
         <path>.\</path>
         <kind>object</kind>
         <file>cbfifo.obj</file>
         <name>cbfifo.obj</name>
      </input_file>
      <input_file id="fl-3">
         <path>.\</path>
         <kind>object</kind>
         <file>cmd_processor.obj</file>
         <name>cmd_processor.obj</name>
      </input_file>
      <input_file id="fl-4">
         <path>.\</path>
         <kind>object</kind>
         <file>esp32.obj</file>
         <name>esp32.obj</name>
      </input_file>
      <input_file id="fl-5">
         <path>.\</path>
         <kind>object</kind>
         <file>gpio.obj</file>
         <name>gpio.obj</name>
      </input_file>
      <input_file id="fl-6">
         <path>.\</path>
         <kind>object</kind>
         <file>irq.obj</file>
         <name>irq.obj</name>
      </input_file>
      <input_file id="fl-7">
         <path>.\</path>
         <kind>object</kind>
         <file>lcd.obj</file>
         <name>lcd.obj</name>
      </input_file>
      <input_file id="fl-8">
         <path>.\</path>
         <kind>object</kind>
         <file>main.obj</file>
         <name>main.obj</name>
      </input_file>
      <input_file id="fl-9">
         <path>.\</path>
         <kind>object</kind>
         <file>spi.obj</file>
         <name>spi.obj</name>
      </input_file>
      <input_file id="fl-a">
         <path>.\</path>
         <kind>object</kind>
         <file>startup_msp432p401r_ccs.obj</file>
         <name>startup_msp432p401r_ccs.obj</name>
      </input_file>
      <input_file id="fl-b">
         <path>.\</path>
         <kind>object</kind>
         <file>system_msp432p401r.obj</file>
         <name>system_msp432p401r.obj</name>
      </input_file>
      <input_file id="fl-c">
         <path>.\</path>
         <kind>object</kind>
         <file>timers.obj</file>
         <name>timers.obj</name>
      </input_file>
      <input_file id="fl-d">
         <path>.\</path>
         <kind>object</kind>
         <file>uart.obj</file>
         <name>uart.obj</name>
      </input_file>
      <input_file id="fl-11">
         <kind>object</kind>
         <file>&lt;internal&gt;</file>
         <name>&lt;internal&gt;</name>
      </input_file>
      <input_file id="fl-c7">
         <path>C:\ti\ccs1040\ccs\tools\compiler\ti-cgt-arm_20.2.5.LTS\lib\</path>
         <kind>archive</kind>
         <file>rtsv7M4_T_le_v4SPD16_eabi.lib</file>
         <name>memset_t2.asm.obj</name>
      </input_file>
      <input_file id="fl-c8">
         <path>C:\ti\ccs1040\ccs\tools\compiler\ti-cgt-arm_20.2.5.LTS\lib\</path>
         <kind>archive</kind>
         <file>rtsv7M4_T_le_v4SPD16_eabi.lib</file>
         <name>copy_zero_init.c.obj</name>
      </input_file>
      <input_file id="fl-c9">
         <path>C:\ti\ccs1040\ccs\tools\compiler\ti-cgt-arm_20.2.5.LTS\lib\</path>
         <kind>archive</kind>
         <file>rtsv7M4_T_le_v4SPD16_eabi.lib</file>
         <name>copy_decompress_none.c.obj</name>
      </input_file>
      <input_file id="fl-ca">
         <path>C:\ti\ccs1040\ccs\tools\compiler\ti-cgt-arm_20.2.5.LTS\lib\</path>
         <kind>archive</kind>
         <file>rtsv7M4_T_le_v4SPD16_eabi.lib</file>
         <name>copy_decompress_lzss.c.obj</name>
      </input_file>
      <input_file id="fl-cb">
         <path>C:\ti\ccs1040\ccs\tools\compiler\ti-cgt-arm_20.2.5.LTS\lib\</path>
         <kind>archive</kind>
         <file>rtsv7M4_T_le_v4SPD16_eabi.lib</file>
         <name>atoi.c.obj</name>
      </input_file>
      <input_file id="fl-cc">
         <path>C:\ti\ccs1040\ccs\tools\compiler\ti-cgt-arm_20.2.5.LTS\lib\</path>
         <kind>archive</kind>
         <file>rtsv7M4_T_le_v4SPD16_eabi.lib</file>
         <name>ctype.c.obj</name>
      </input_file>
      <input_file id="fl-cd">
         <path>C:\ti\ccs1040\ccs\tools\compiler\ti-cgt-arm_20.2.5.LTS\lib\</path>
         <kind>archive</kind>
         <file>rtsv7M4_T_le_v4SPD16_eabi.lib</file>
         <name>strcat.c.obj</name>
      </input_file>
      <input_file id="fl-ce">
         <path>C:\ti\ccs1040\ccs\tools\compiler\ti-cgt-arm_20.2.5.LTS\lib\</path>
         <kind>archive</kind>
         <file>rtsv7M4_T_le_v4SPD16_eabi.lib</file>
         <name>strlen.c.obj</name>
      </input_file>
      <input_file id="fl-cf">
         <path>C:\ti\ccs1040\ccs\tools\compiler\ti-cgt-arm_20.2.5.LTS\lib\</path>
         <kind>archive</kind>
         <file>rtsv7M4_T_le_v4SPD16_eabi.lib</file>
         <name>strncat.c.obj</name>
      </input_file>
      <input_file id="fl-d0">
         <path>C:\ti\ccs1040\ccs\tools\compiler\ti-cgt-arm_20.2.5.LTS\lib\</path>
         <kind>archive</kind>
         <file>rtsv7M4_T_le_v4SPD16_eabi.lib</file>
         <name>strstr.c.obj</name>
      </input_file>
      <input_file id="fl-d1">
         <path>C:\ti\ccs1040\ccs\tools\compiler\ti-cgt-arm_20.2.5.LTS\lib\</path>
         <kind>archive</kind>
         <file>rtsv7M4_T_le_v4SPD16_eabi.lib</file>
         <name>strtok.c.obj</name>
      </input_file>
      <input_file id="fl-d2">
         <path>C:\ti\ccs1040\ccs\tools\compiler\ti-cgt-arm_20.2.5.LTS\lib\</path>
         <kind>archive</kind>
         <file>rtsv7M4_T_le_v4SPD16_eabi.lib</file>
         <name>boot_cortex_m.c.obj</name>
      </input_file>
      <input_file id="fl-d3">
         <path>C:\ti\ccs1040\ccs\tools\compiler\ti-cgt-arm_20.2.5.LTS\lib\</path>
         <kind>archive</kind>
         <file>rtsv7M4_T_le_v4SPD16_eabi.lib</file>
         <name>memcpy_t2.asm.obj</name>
      </input_file>
      <input_file id="fl-d4">
         <path>C:\ti\ccs1040\ccs\tools\compiler\ti-cgt-arm_20.2.5.LTS\lib\</path>
         <kind>archive</kind>
         <file>rtsv7M4_T_le_v4SPD16_eabi.lib</file>
         <name>autoinit.c.obj</name>
      </input_file>
      <input_file id="fl-d5">
         <path>C:\ti\ccs1040\ccs\tools\compiler\ti-cgt-arm_20.2.5.LTS\lib\</path>
         <kind>archive</kind>
         <file>rtsv7M4_T_le_v4SPD16_eabi.lib</file>
         <name>pre_init.c.obj</name>
      </input_file>
      <input_file id="fl-d6">
         <path>C:\ti\ccs1040\ccs\tools\compiler\ti-cgt-arm_20.2.5.LTS\lib\</path>
         <kind>archive</kind>
         <file>rtsv7M4_T_le_v4SPD16_eabi.lib</file>
         <name>cpy_tbl.c.obj</name>
      </input_file>
      <input_file id="fl-d7">
         <path>C:\ti\ccs1040\ccs\tools\compiler\ti-cgt-arm_20.2.5.LTS\lib\</path>
         <kind>archive</kind>
         <file>rtsv7M4_T_le_v4SPD16_eabi.lib</file>
         <name>exit.c.obj</name>
      </input_file>
      <input_file id="fl-d8">
         <path>C:\ti\ccs1040\ccs\tools\compiler\ti-cgt-arm_20.2.5.LTS\lib\</path>
         <kind>archive</kind>
         <file>rtsv7M4_T_le_v4SPD16_eabi.lib</file>
         <name>_lock.c.obj</name>
      </input_file>
      <input_file id="fl-d9">
         <path>C:\ti\ccs1040\ccs\tools\compiler\ti-cgt-arm_20.2.5.LTS\lib\</path>
         <kind>archive</kind>
         <file>rtsv7M4_T_le_v4SPD16_eabi.lib</file>
         <name>args_main.c.obj</name>
      </input_file>
      <input_file id="fl-da">
         <path>C:\ti\ccs1040\ccs\tools\compiler\ti-cgt-arm_20.2.5.LTS\lib\</path>
         <kind>archive</kind>
         <file>rtsv7M4_T_le_v4SPD16_eabi.lib</file>
         <name>strcspn.c.obj</name>
      </input_file>
      <input_file id="fl-db">
         <path>C:\ti\ccs1040\ccs\tools\compiler\ti-cgt-arm_20.2.5.LTS\lib\</path>
         <kind>archive</kind>
         <file>rtsv7M4_T_le_v4SPD16_eabi.lib</file>
         <name>strspn.c.obj</name>
      </input_file>
   </input_file_list>
   <object_component_list>
      <object_component id="oc-26">
         <name>.intvecs:retain</name>
         <load_address>0x0</load_address>
         <run_address>0x0</run_address>
         <size>0xe4</size>
         <input_file_ref idref="fl-a"/>
      </object_component>
      <object_component id="oc-eb">
         <name>.text</name>
         <load_address>0xe4</load_address>
         <run_address>0xe4</run_address>
         <size>0x62c</size>
         <input_file_ref idref="fl-d"/>
      </object_component>
      <object_component id="oc-103">
         <name>.text</name>
         <load_address>0x710</load_address>
         <run_address>0x710</run_address>
         <size>0x338</size>
         <input_file_ref idref="fl-3"/>
      </object_component>
      <object_component id="oc-ab">
         <name>.text</name>
         <load_address>0xa48</load_address>
         <run_address>0xa48</run_address>
         <size>0x334</size>
         <input_file_ref idref="fl-b"/>
      </object_component>
      <object_component id="oc-6d">
         <name>.text</name>
         <load_address>0xd7c</load_address>
         <run_address>0xd7c</run_address>
         <size>0x248</size>
         <input_file_ref idref="fl-6"/>
      </object_component>
      <object_component id="oc-f1">
         <name>.text</name>
         <load_address>0xfc4</load_address>
         <run_address>0xfc4</run_address>
         <size>0x218</size>
         <input_file_ref idref="fl-7"/>
      </object_component>
      <object_component id="oc-99">
         <name>.text</name>
         <load_address>0x11dc</load_address>
         <run_address>0x11dc</run_address>
         <size>0x1f8</size>
         <input_file_ref idref="fl-8"/>
      </object_component>
      <object_component id="oc-b2">
         <name>.text</name>
         <load_address>0x13d4</load_address>
         <run_address>0x13d4</run_address>
         <size>0x156</size>
         <input_file_ref idref="fl-2"/>
      </object_component>
      <object_component id="oc-e5">
         <name>.text</name>
         <load_address>0x152c</load_address>
         <run_address>0x152c</run_address>
         <size>0x150</size>
         <input_file_ref idref="fl-5"/>
      </object_component>
      <object_component id="oc-fd">
         <name>.text</name>
         <load_address>0x167c</load_address>
         <run_address>0x167c</run_address>
         <size>0x10e</size>
         <input_file_ref idref="fl-4"/>
      </object_component>
      <object_component id="oc-37">
         <name>.text</name>
         <load_address>0x178a</load_address>
         <run_address>0x178a</run_address>
         <size>0x9c</size>
         <input_file_ref idref="fl-d3"/>
      </object_component>
      <object_component id="oc-8d">
         <name>.text</name>
         <load_address>0x1826</load_address>
         <run_address>0x1826</run_address>
         <size>0x7a</size>
         <input_file_ref idref="fl-c7"/>
      </object_component>
      <object_component id="oc-17">
         <name>.text:decompress:lzss:__TI_decompress_lzss</name>
         <load_address>0x18a0</load_address>
         <run_address>0x18a0</run_address>
         <size>0x68</size>
         <input_file_ref idref="fl-ca"/>
      </object_component>
      <object_component id="oc-17b">
         <name>.text:atoi</name>
         <load_address>0x1908</load_address>
         <run_address>0x1908</run_address>
         <size>0x4c</size>
         <input_file_ref idref="fl-cb"/>
      </object_component>
      <object_component id="oc-11c">
         <name>.text:__TI_auto_init_nobinit_nopinit:__TI_auto_init_nobinit_nopinit</name>
         <load_address>0x1954</load_address>
         <run_address>0x1954</run_address>
         <size>0x44</size>
         <input_file_ref idref="fl-d4"/>
      </object_component>
      <object_component id="oc-197">
         <name>.text:strtok</name>
         <load_address>0x1998</load_address>
         <run_address>0x1998</run_address>
         <size>0x40</size>
         <input_file_ref idref="fl-d1"/>
      </object_component>
      <object_component id="oc-55">
         <name>.text:_c_int00_noargs:_c_int00_noargs</name>
         <load_address>0x19d8</load_address>
         <run_address>0x19d8</run_address>
         <size>0x34</size>
         <input_file_ref idref="fl-d2"/>
      </object_component>
      <object_component id="oc-18f">
         <name>.text:strstr</name>
         <load_address>0x1a0c</load_address>
         <run_address>0x1a0c</run_address>
         <size>0x34</size>
         <input_file_ref idref="fl-d0"/>
      </object_component>
      <object_component id="oc-181">
         <name>.text:strncat</name>
         <load_address>0x1a40</load_address>
         <run_address>0x1a40</run_address>
         <size>0x2e</size>
         <input_file_ref idref="fl-cf"/>
      </object_component>
      <object_component id="oc-20b">
         <name>.text:strspn</name>
         <load_address>0x1a6e</load_address>
         <run_address>0x1a6e</run_address>
         <size>0x2a</size>
         <input_file_ref idref="fl-db"/>
      </object_component>
      <object_component id="oc-211">
         <name>.text:strcspn</name>
         <load_address>0x1a98</load_address>
         <run_address>0x1a98</run_address>
         <size>0x24</size>
         <input_file_ref idref="fl-da"/>
      </object_component>
      <object_component id="oc-f7">
         <name>.text</name>
         <load_address>0x1abc</load_address>
         <run_address>0x1abc</run_address>
         <size>0x24</size>
         <input_file_ref idref="fl-c"/>
      </object_component>
      <object_component id="oc-175">
         <name>.text:strcat</name>
         <load_address>0x1ae0</load_address>
         <run_address>0x1ae0</run_address>
         <size>0x1e</size>
         <input_file_ref idref="fl-cd"/>
      </object_component>
      <object_component id="oc-16c">
         <name>.text:strlen</name>
         <load_address>0x1afe</load_address>
         <run_address>0x1afe</run_address>
         <size>0x14</size>
         <input_file_ref idref="fl-ce"/>
      </object_component>
      <object_component id="oc-1d">
         <name>.text:decompress:none:__TI_decompress_none</name>
         <load_address>0x1b12</load_address>
         <run_address>0x1b12</run_address>
         <size>0xe</size>
         <input_file_ref idref="fl-c9"/>
      </object_component>
      <object_component id="oc-67">
         <name>.text</name>
         <load_address>0x1b20</load_address>
         <run_address>0x1b20</run_address>
         <size>0xe</size>
         <input_file_ref idref="fl-a"/>
      </object_component>
      <object_component id="oc-49">
         <name>.text:decompress:ZI:__TI_zero_init</name>
         <load_address>0x1b2e</load_address>
         <run_address>0x1b2e</run_address>
         <size>0xc</size>
         <input_file_ref idref="fl-c8"/>
      </object_component>
      <object_component id="oc-93">
         <name>.text:_system_pre_init</name>
         <load_address>0x1b3a</load_address>
         <run_address>0x1b3a</run_address>
         <size>0x4</size>
         <input_file_ref idref="fl-d5"/>
      </object_component>
      <object_component id="oc-110">
         <name>.text:abort:abort</name>
         <load_address>0x1b3e</load_address>
         <run_address>0x1b3e</run_address>
         <size>0x4</size>
         <input_file_ref idref="fl-d7"/>
      </object_component>
      <object_component id="oc-1ac">
         <name>.const:.string</name>
         <load_address>0x1b44</load_address>
         <run_address>0x1b44</run_address>
         <size>0x2f4</size>
         <input_file_ref idref="fl-4"/>
      </object_component>
      <object_component id="oc-1dc">
         <name>.const:.string:_ctypes_</name>
         <load_address>0x1e38</load_address>
         <run_address>0x1e38</run_address>
         <size>0x101</size>
         <input_file_ref idref="fl-cc"/>
      </object_component>
      <object_component id="oc-29e">
         <name>.cinit..data.load</name>
         <load_address>0x1f40</load_address>
         <run_address>0x1f40</run_address>
         <size>0x93</size>
      </object_component>
      <object_component id="oc-29c">
         <name>__TI_handler_table</name>
         <load_address>0x1fd4</load_address>
         <run_address>0x1fd4</run_address>
         <size>0xc</size>
      </object_component>
      <object_component id="oc-29f">
         <name>.cinit..bss.load</name>
         <load_address>0x1fe0</load_address>
         <run_address>0x1fe0</run_address>
         <size>0x8</size>
      </object_component>
      <object_component id="oc-29d">
         <name>__TI_cinit_table</name>
         <load_address>0x1fe8</load_address>
         <run_address>0x1fe8</run_address>
         <size>0x10</size>
      </object_component>
      <object_component id="oc-270">
         <name>.binit</name>
         <load_address>0x0</load_address>
         <run_address>0x0</run_address>
         <size>0x0</size>
      </object_component>
      <object_component id="oc-19d">
         <name>.data</name>
         <load_address>0x2000e094</load_address>
         <run_address>0x2000e094</run_address>
         <size>0x3</size>
         <input_file_ref idref="fl-3"/>
      </object_component>
      <object_component id="oc-109">
         <name>.data:wifi_connect</name>
         <load_address>0x2000dfc0</load_address>
         <run_address>0x2000dfc0</run_address>
         <size>0x70</size>
         <input_file_ref idref="fl-4"/>
      </object_component>
      <object_component id="oc-10c">
         <name>.data:start_server</name>
         <load_address>0x2000e030</load_address>
         <run_address>0x2000e030</run_address>
         <size>0x50</size>
         <input_file_ref idref="fl-4"/>
      </object_component>
      <object_component id="oc-189">
         <name>.data</name>
         <load_address>0x2000e080</load_address>
         <run_address>0x2000e080</run_address>
         <size>0x4</size>
         <input_file_ref idref="fl-7"/>
      </object_component>
      <object_component id="oc-c0">
         <name>.data</name>
         <load_address>0x2000e088</load_address>
         <run_address>0x2000e088</run_address>
         <size>0x4</size>
         <input_file_ref idref="fl-9"/>
      </object_component>
      <object_component id="oc-14e">
         <name>.data</name>
         <load_address>0x2000e08c</load_address>
         <run_address>0x2000e08c</run_address>
         <size>0x4</size>
         <input_file_ref idref="fl-b"/>
      </object_component>
      <object_component id="oc-173">
         <name>.data:input_raw$1</name>
         <load_address>0x2000dbc0</load_address>
         <run_address>0x2000dbc0</run_address>
         <size>0x400</size>
         <input_file_ref idref="fl-d"/>
      </object_component>
      <object_component id="oc-172">
         <name>.data</name>
         <load_address>0x2000e090</load_address>
         <run_address>0x2000e090</run_address>
         <size>0x4</size>
         <input_file_ref idref="fl-d"/>
      </object_component>
      <object_component id="oc-217">
         <name>.data</name>
         <load_address>0x2000e084</load_address>
         <run_address>0x2000e084</run_address>
         <size>0x4</size>
         <input_file_ref idref="fl-d1"/>
      </object_component>
      <object_component id="oc-1a3">
         <name>.bss</name>
         <uninitialized>true</uninitialized>
         <run_address>0x2000dbbc</run_address>
         <size>0x2</size>
         <input_file_ref idref="fl-3"/>
      </object_component>
      <object_component id="oc-174">
         <name>.bss</name>
         <uninitialized>true</uninitialized>
         <run_address>0x2000dbb0</run_address>
         <size>0xc</size>
         <input_file_ref idref="fl-d"/>
      </object_component>
      <object_component id="oc-bb">
         <name>.common:cbfifo_transmit_uart0</name>
         <uninitialized>true</uninitialized>
         <run_address>0x2000cf80</run_address>
         <size>0x410</size>
      </object_component>
      <object_component id="oc-b8">
         <name>.common:cbfifo_receive_uart0</name>
         <uninitialized>true</uninitialized>
         <run_address>0x2000c350</run_address>
         <size>0x410</size>
      </object_component>
      <object_component id="oc-bd">
         <name>.common:cbfifo_transmit_uart2</name>
         <uninitialized>true</uninitialized>
         <run_address>0x2000d390</run_address>
         <size>0x410</size>
      </object_component>
      <object_component id="oc-bc">
         <name>.common:cbfifo_receive_uart2</name>
         <uninitialized>true</uninitialized>
         <run_address>0x2000c760</run_address>
         <size>0x410</size>
      </object_component>
      <object_component id="oc-bf">
         <name>.common:cbfifo_transmit_uart3</name>
         <uninitialized>true</uninitialized>
         <run_address>0x2000d7a0</run_address>
         <size>0x410</size>
      </object_component>
      <object_component id="oc-be">
         <name>.common:cbfifo_receive_uart3</name>
         <uninitialized>true</uninitialized>
         <run_address>0x2000cb70</run_address>
         <size>0x410</size>
      </object_component>
      <object_component id="oc-1a0">
         <name>.common:hex_file</name>
         <uninitialized>true</uninitialized>
         <run_address>0x20000000</run_address>
         <size>0xc350</size>
      </object_component>
      <object_component id="oc-29">
         <name>.stack</name>
         <uninitialized>true</uninitialized>
         <run_address>0x2000fe00</run_address>
         <size>0x4</size>
         <input_file_ref idref="fl-d2"/>
      </object_component>
      <object_component id="oc-2a1">
         <name>.stack</name>
         <uninitialized>true</uninitialized>
         <run_address>0x2000fe00</run_address>
         <size>0x0</size>
      </object_component>
      <object_component id="oc-b9">
         <name>.debug_info</name>
         <load_address>0x0</load_address>
         <run_address>0x0</run_address>
         <size>0x407</size>
         <input_file_ref idref="fl-2"/>
      </object_component>
      <object_component id="oc-b6">
         <name>.debug_info</name>
         <load_address>0x407</load_address>
         <run_address>0x407</run_address>
         <size>0x3f9</size>
         <input_file_ref idref="fl-2"/>
      </object_component>
      <object_component id="oc-153">
         <name>.debug_info</name>
         <load_address>0x800</load_address>
         <run_address>0x800</run_address>
         <size>0x110</size>
         <input_file_ref idref="fl-2"/>
      </object_component>
      <object_component id="oc-d0">
         <name>.debug_info</name>
         <load_address>0x910</load_address>
         <run_address>0x910</run_address>
         <size>0x26b</size>
         <input_file_ref idref="fl-2"/>
      </object_component>
      <object_component id="oc-c4">
         <name>.debug_info</name>
         <load_address>0xb7b</load_address>
         <run_address>0xb7b</run_address>
         <size>0x8b</size>
         <input_file_ref idref="fl-2"/>
      </object_component>
      <object_component id="oc-161">
         <name>.debug_info</name>
         <load_address>0xc06</load_address>
         <run_address>0xc06</run_address>
         <size>0x2a4</size>
         <input_file_ref idref="fl-2"/>
      </object_component>
      <object_component id="oc-c9">
         <name>.debug_info</name>
         <load_address>0xeaa</load_address>
         <run_address>0xeaa</run_address>
         <size>0xbb</size>
         <input_file_ref idref="fl-2"/>
      </object_component>
      <object_component id="oc-1d3">
         <name>.debug_info</name>
         <load_address>0xf65</load_address>
         <run_address>0xf65</run_address>
         <size>0x96</size>
         <input_file_ref idref="fl-2"/>
      </object_component>
      <object_component id="oc-15a">
         <name>.debug_info</name>
         <load_address>0xffb</load_address>
         <run_address>0xffb</run_address>
         <size>0x2c</size>
         <input_file_ref idref="fl-2"/>
      </object_component>
      <object_component id="oc-1a1">
         <name>.debug_info</name>
         <load_address>0x1027</load_address>
         <run_address>0x1027</run_address>
         <size>0x6a8</size>
         <input_file_ref idref="fl-3"/>
      </object_component>
      <object_component id="oc-19e">
         <name>.debug_info</name>
         <load_address>0x16cf</load_address>
         <run_address>0x16cf</run_address>
         <size>0x105</size>
         <input_file_ref idref="fl-3"/>
      </object_component>
      <object_component id="oc-1a4">
         <name>.debug_info</name>
         <load_address>0x17d4</load_address>
         <run_address>0x17d4</run_address>
         <size>0xf2</size>
         <input_file_ref idref="fl-3"/>
      </object_component>
      <object_component id="oc-105">
         <name>.debug_info</name>
         <load_address>0x18c6</load_address>
         <run_address>0x18c6</run_address>
         <size>0x419</size>
         <input_file_ref idref="fl-3"/>
      </object_component>
      <object_component id="oc-1ea">
         <name>.debug_info</name>
         <load_address>0x1cdf</load_address>
         <run_address>0x1cdf</run_address>
         <size>0x1055</size>
         <input_file_ref idref="fl-3"/>
      </object_component>
      <object_component id="oc-1e5">
         <name>.debug_info</name>
         <load_address>0x2d34</load_address>
         <run_address>0x2d34</run_address>
         <size>0x37e2</size>
         <input_file_ref idref="fl-3"/>
      </object_component>
      <object_component id="oc-1f9">
         <name>.debug_info</name>
         <load_address>0x6516</load_address>
         <run_address>0x6516</run_address>
         <size>0xcc</size>
         <input_file_ref idref="fl-3"/>
      </object_component>
      <object_component id="oc-1ef">
         <name>.debug_info</name>
         <load_address>0x65e2</load_address>
         <run_address>0x65e2</run_address>
         <size>0x35</size>
         <input_file_ref idref="fl-3"/>
      </object_component>
      <object_component id="oc-1a7">
         <name>.debug_info</name>
         <load_address>0x6617</load_address>
         <run_address>0x6617</run_address>
         <size>0x8b</size>
         <input_file_ref idref="fl-3"/>
      </object_component>
      <object_component id="oc-167">
         <name>.debug_info</name>
         <load_address>0x66a2</load_address>
         <run_address>0x66a2</run_address>
         <size>0x82</size>
         <input_file_ref idref="fl-3"/>
      </object_component>
      <object_component id="oc-196">
         <name>.debug_info</name>
         <load_address>0x6724</load_address>
         <run_address>0x6724</run_address>
         <size>0x6cd</size>
         <input_file_ref idref="fl-4"/>
      </object_component>
      <object_component id="oc-10a">
         <name>.debug_info</name>
         <load_address>0x6df1</load_address>
         <run_address>0x6df1</run_address>
         <size>0xdd</size>
         <input_file_ref idref="fl-4"/>
      </object_component>
      <object_component id="oc-10d">
         <name>.debug_info</name>
         <load_address>0x6ece</load_address>
         <run_address>0x6ece</run_address>
         <size>0xdd</size>
         <input_file_ref idref="fl-4"/>
      </object_component>
      <object_component id="oc-ff">
         <name>.debug_info</name>
         <load_address>0x6fab</load_address>
         <run_address>0x6fab</run_address>
         <size>0x28d</size>
         <input_file_ref idref="fl-4"/>
      </object_component>
      <object_component id="oc-1f4">
         <name>.debug_info</name>
         <load_address>0x7238</load_address>
         <run_address>0x7238</run_address>
         <size>0x35</size>
         <input_file_ref idref="fl-4"/>
      </object_component>
      <object_component id="oc-206">
         <name>.debug_info</name>
         <load_address>0x726d</load_address>
         <run_address>0x726d</run_address>
         <size>0x8a</size>
         <input_file_ref idref="fl-4"/>
      </object_component>
      <object_component id="oc-e6">
         <name>.debug_info</name>
         <load_address>0x72f7</load_address>
         <run_address>0x72f7</run_address>
         <size>0x276</size>
         <input_file_ref idref="fl-5"/>
      </object_component>
      <object_component id="oc-32">
         <name>.debug_info</name>
         <load_address>0x756d</load_address>
         <run_address>0x756d</run_address>
         <size>0x84</size>
         <input_file_ref idref="fl-5"/>
      </object_component>
      <object_component id="oc-70">
         <name>.debug_info</name>
         <load_address>0x75f1</load_address>
         <run_address>0x75f1</run_address>
         <size>0x436</size>
         <input_file_ref idref="fl-6"/>
      </object_component>
      <object_component id="oc-18d">
         <name>.debug_info</name>
         <load_address>0x7a27</load_address>
         <run_address>0x7a27</run_address>
         <size>0x54c</size>
         <input_file_ref idref="fl-7"/>
      </object_component>
      <object_component id="oc-18a">
         <name>.debug_info</name>
         <load_address>0x7f73</load_address>
         <run_address>0x7f73</run_address>
         <size>0xdc</size>
         <input_file_ref idref="fl-7"/>
      </object_component>
      <object_component id="oc-f2">
         <name>.debug_info</name>
         <load_address>0x804f</load_address>
         <run_address>0x804f</run_address>
         <size>0x624</size>
         <input_file_ref idref="fl-7"/>
      </object_component>
      <object_component id="oc-9a">
         <name>.debug_info</name>
         <load_address>0x8673</load_address>
         <run_address>0x8673</run_address>
         <size>0x27b</size>
         <input_file_ref idref="fl-8"/>
      </object_component>
      <object_component id="oc-c1">
         <name>.debug_info</name>
         <load_address>0x88ee</load_address>
         <run_address>0x88ee</run_address>
         <size>0x100</size>
         <input_file_ref idref="fl-9"/>
      </object_component>
      <object_component id="oc-75">
         <name>.debug_info</name>
         <load_address>0x89ee</load_address>
         <run_address>0x89ee</run_address>
         <size>0x2cb</size>
         <input_file_ref idref="fl-a"/>
      </object_component>
      <object_component id="oc-27">
         <name>.debug_info</name>
         <load_address>0x8cb9</load_address>
         <run_address>0x8cb9</run_address>
         <size>0xf7</size>
         <input_file_ref idref="fl-a"/>
      </object_component>
      <object_component id="oc-69">
         <name>.debug_info</name>
         <load_address>0x8db0</load_address>
         <run_address>0x8db0</run_address>
         <size>0x1be</size>
         <input_file_ref idref="fl-a"/>
      </object_component>
      <object_component id="oc-14f">
         <name>.debug_info</name>
         <load_address>0x8f6e</load_address>
         <run_address>0x8f6e</run_address>
         <size>0xf0</size>
         <input_file_ref idref="fl-b"/>
      </object_component>
      <object_component id="oc-ac">
         <name>.debug_info</name>
         <load_address>0x905e</load_address>
         <run_address>0x905e</run_address>
         <size>0x262</size>
         <input_file_ref idref="fl-b"/>
      </object_component>
      <object_component id="oc-f9">
         <name>.debug_info</name>
         <load_address>0x92c0</load_address>
         <run_address>0x92c0</run_address>
         <size>0x131</size>
         <input_file_ref idref="fl-c"/>
      </object_component>
      <object_component id="oc-188">
         <name>.debug_info</name>
         <load_address>0x93f1</load_address>
         <run_address>0x93f1</run_address>
         <size>0x893</size>
         <input_file_ref idref="fl-d"/>
      </object_component>
      <object_component id="oc-ee">
         <name>.debug_info</name>
         <load_address>0x9c84</load_address>
         <run_address>0x9c84</run_address>
         <size>0xcd6</size>
         <input_file_ref idref="fl-d"/>
      </object_component>
      <object_component id="oc-8f">
         <name>.debug_info</name>
         <load_address>0xa95a</load_address>
         <run_address>0xa95a</run_address>
         <size>0x147</size>
         <input_file_ref idref="fl-c7"/>
      </object_component>
      <object_component id="oc-8c">
         <name>.debug_info</name>
         <load_address>0xaaa1</load_address>
         <run_address>0xaaa1</run_address>
         <size>0x2d4</size>
         <input_file_ref idref="fl-c8"/>
      </object_component>
      <object_component id="oc-4c">
         <name>.debug_info</name>
         <load_address>0xad75</load_address>
         <run_address>0xad75</run_address>
         <size>0x1b5</size>
         <input_file_ref idref="fl-c8"/>
      </object_component>
      <object_component id="oc-87">
         <name>.debug_info</name>
         <load_address>0xaf2a</load_address>
         <run_address>0xaf2a</run_address>
         <size>0x46</size>
         <input_file_ref idref="fl-c8"/>
      </object_component>
      <object_component id="oc-dc">
         <name>.debug_info</name>
         <load_address>0xaf70</load_address>
         <run_address>0xaf70</run_address>
         <size>0x2c</size>
         <input_file_ref idref="fl-c8"/>
      </object_component>
      <object_component id="oc-42">
         <name>.debug_info</name>
         <load_address>0xaf9c</load_address>
         <run_address>0xaf9c</run_address>
         <size>0x2a8</size>
         <input_file_ref idref="fl-c9"/>
      </object_component>
      <object_component id="oc-1e">
         <name>.debug_info</name>
         <load_address>0xb244</load_address>
         <run_address>0xb244</run_address>
         <size>0x1ea</size>
         <input_file_ref idref="fl-c9"/>
      </object_component>
      <object_component id="oc-3d">
         <name>.debug_info</name>
         <load_address>0xb42e</load_address>
         <run_address>0xb42e</run_address>
         <size>0x46</size>
         <input_file_ref idref="fl-c9"/>
      </object_component>
      <object_component id="oc-7f">
         <name>.debug_info</name>
         <load_address>0xb474</load_address>
         <run_address>0xb474</run_address>
         <size>0x2c</size>
         <input_file_ref idref="fl-c9"/>
      </object_component>
      <object_component id="oc-7d">
         <name>.debug_info</name>
         <load_address>0xb4a0</load_address>
         <run_address>0xb4a0</run_address>
         <size>0x29e</size>
         <input_file_ref idref="fl-ca"/>
      </object_component>
      <object_component id="oc-1a">
         <name>.debug_info</name>
         <load_address>0xb73e</load_address>
         <run_address>0xb73e</run_address>
         <size>0x250</size>
         <input_file_ref idref="fl-ca"/>
      </object_component>
      <object_component id="oc-2d">
         <name>.debug_info</name>
         <load_address>0xb98e</load_address>
         <run_address>0xb98e</run_address>
         <size>0x60</size>
         <input_file_ref idref="fl-ca"/>
      </object_component>
      <object_component id="oc-d5">
         <name>.debug_info</name>
         <load_address>0xb9ee</load_address>
         <run_address>0xb9ee</run_address>
         <size>0x46</size>
         <input_file_ref idref="fl-ca"/>
      </object_component>
      <object_component id="oc-78">
         <name>.debug_info</name>
         <load_address>0xba34</load_address>
         <run_address>0xba34</run_address>
         <size>0x39</size>
         <input_file_ref idref="fl-ca"/>
      </object_component>
      <object_component id="oc-1e0">
         <name>.debug_info</name>
         <load_address>0xba6d</load_address>
         <run_address>0xba6d</run_address>
         <size>0x2b9</size>
         <input_file_ref idref="fl-cb"/>
      </object_component>
      <object_component id="oc-17f">
         <name>.debug_info</name>
         <load_address>0xbd26</load_address>
         <run_address>0xbd26</run_address>
         <size>0x17c</size>
         <input_file_ref idref="fl-cb"/>
      </object_component>
      <object_component id="oc-249">
         <name>.debug_info</name>
         <load_address>0xbea2</load_address>
         <run_address>0xbea2</run_address>
         <size>0xf9</size>
         <input_file_ref idref="fl-cc"/>
      </object_component>
      <object_component id="oc-1dd">
         <name>.debug_info</name>
         <load_address>0xbf9b</load_address>
         <run_address>0xbf9b</run_address>
         <size>0x105</size>
         <input_file_ref idref="fl-cc"/>
      </object_component>
      <object_component id="oc-1db">
         <name>.debug_info</name>
         <load_address>0xc0a0</load_address>
         <run_address>0xc0a0</run_address>
         <size>0x2a4</size>
         <input_file_ref idref="fl-cd"/>
      </object_component>
      <object_component id="oc-176">
         <name>.debug_info</name>
         <load_address>0xc344</load_address>
         <run_address>0xc344</run_address>
         <size>0x267</size>
         <input_file_ref idref="fl-cd"/>
      </object_component>
      <object_component id="oc-1d9">
         <name>.debug_info</name>
         <load_address>0xc5ab</load_address>
         <run_address>0xc5ab</run_address>
         <size>0x28f</size>
         <input_file_ref idref="fl-ce"/>
      </object_component>
      <object_component id="oc-16d">
         <name>.debug_info</name>
         <load_address>0xc83a</load_address>
         <run_address>0xc83a</run_address>
         <size>0x245</size>
         <input_file_ref idref="fl-ce"/>
      </object_component>
      <object_component id="oc-1e2">
         <name>.debug_info</name>
         <load_address>0xca7f</load_address>
         <run_address>0xca7f</run_address>
         <size>0x2af</size>
         <input_file_ref idref="fl-cf"/>
      </object_component>
      <object_component id="oc-182">
         <name>.debug_info</name>
         <load_address>0xcd2e</load_address>
         <run_address>0xcd2e</run_address>
         <size>0x277</size>
         <input_file_ref idref="fl-cf"/>
      </object_component>
      <object_component id="oc-203">
         <name>.debug_info</name>
         <load_address>0xcfa5</load_address>
         <run_address>0xcfa5</run_address>
         <size>0x295</size>
         <input_file_ref idref="fl-d0"/>
      </object_component>
      <object_component id="oc-190">
         <name>.debug_info</name>
         <load_address>0xd23a</load_address>
         <run_address>0xd23a</run_address>
         <size>0x1d1</size>
         <input_file_ref idref="fl-d0"/>
      </object_component>
      <object_component id="oc-21b">
         <name>.debug_info</name>
         <load_address>0xd40b</load_address>
         <run_address>0xd40b</run_address>
         <size>0x2fe</size>
         <input_file_ref idref="fl-d1"/>
      </object_component>
      <object_component id="oc-218">
         <name>.debug_info</name>
         <load_address>0xd709</load_address>
         <run_address>0xd709</run_address>
         <size>0x105</size>
         <input_file_ref idref="fl-d1"/>
      </object_component>
      <object_component id="oc-198">
         <name>.debug_info</name>
         <load_address>0xd80e</load_address>
         <run_address>0xd80e</run_address>
         <size>0x1ab</size>
         <input_file_ref idref="fl-d1"/>
      </object_component>
      <object_component id="oc-2a">
         <name>.debug_info</name>
         <load_address>0xd9b9</load_address>
         <run_address>0xd9b9</run_address>
         <size>0x10b</size>
         <input_file_ref idref="fl-d2"/>
      </object_component>
      <object_component id="oc-59">
         <name>.debug_info</name>
         <load_address>0xdac4</load_address>
         <run_address>0xdac4</run_address>
         <size>0x1a9</size>
         <input_file_ref idref="fl-d2"/>
      </object_component>
      <object_component id="oc-39">
         <name>.debug_info</name>
         <load_address>0xdc6d</load_address>
         <run_address>0xdc6d</run_address>
         <size>0x119</size>
         <input_file_ref idref="fl-d3"/>
      </object_component>
      <object_component id="oc-1bc">
         <name>.debug_info</name>
         <load_address>0xdd86</load_address>
         <run_address>0xdd86</run_address>
         <size>0x4b3</size>
         <input_file_ref idref="fl-d4"/>
      </object_component>
      <object_component id="oc-120">
         <name>.debug_info</name>
         <load_address>0xe239</load_address>
         <run_address>0xe239</run_address>
         <size>0x1a6</size>
         <input_file_ref idref="fl-d4"/>
      </object_component>
      <object_component id="oc-232">
         <name>.debug_info</name>
         <load_address>0xe3df</load_address>
         <run_address>0xe3df</run_address>
         <size>0x39</size>
         <input_file_ref idref="fl-d4"/>
      </object_component>
      <object_component id="oc-25b">
         <name>.debug_info</name>
         <load_address>0xe418</load_address>
         <run_address>0xe418</run_address>
         <size>0x39</size>
         <input_file_ref idref="fl-d4"/>
      </object_component>
      <object_component id="oc-237">
         <name>.debug_info</name>
         <load_address>0xe451</load_address>
         <run_address>0xe451</run_address>
         <size>0x39</size>
         <input_file_ref idref="fl-d4"/>
      </object_component>
      <object_component id="oc-23c">
         <name>.debug_info</name>
         <load_address>0xe48a</load_address>
         <run_address>0xe48a</run_address>
         <size>0xcd</size>
         <input_file_ref idref="fl-d4"/>
      </object_component>
      <object_component id="oc-95">
         <name>.debug_info</name>
         <load_address>0xe557</load_address>
         <run_address>0xe557</run_address>
         <size>0x153</size>
         <input_file_ref idref="fl-d5"/>
      </object_component>
      <object_component id="oc-111">
         <name>.debug_info</name>
         <load_address>0xe6aa</load_address>
         <run_address>0xe6aa</run_address>
         <size>0x122</size>
         <input_file_ref idref="fl-d7"/>
      </object_component>
      <object_component id="oc-253">
         <name>.debug_info</name>
         <load_address>0xe7cc</load_address>
         <run_address>0xe7cc</run_address>
         <size>0x290</size>
         <input_file_ref idref="fl-da"/>
      </object_component>
      <object_component id="oc-214">
         <name>.debug_info</name>
         <load_address>0xea5c</load_address>
         <run_address>0xea5c</run_address>
         <size>0x198</size>
         <input_file_ref idref="fl-da"/>
      </object_component>
      <object_component id="oc-251">
         <name>.debug_info</name>
         <load_address>0xebf4</load_address>
         <run_address>0xebf4</run_address>
         <size>0x295</size>
         <input_file_ref idref="fl-db"/>
      </object_component>
      <object_component id="oc-20c">
         <name>.debug_info</name>
         <load_address>0xee89</load_address>
         <run_address>0xee89</run_address>
         <size>0x1c3</size>
         <input_file_ref idref="fl-db"/>
      </object_component>
      <object_component id="oc-2a2">
         <name>.debug_info</name>
         <load_address>0xf04c</load_address>
         <run_address>0xf04c</run_address>
         <size>0xa3</size>
      </object_component>
      <object_component id="oc-159">
         <name>.debug_line</name>
         <load_address>0x0</load_address>
         <run_address>0x0</run_address>
         <size>0x2f</size>
         <input_file_ref idref="fl-2"/>
      </object_component>
      <object_component id="oc-b4">
         <name>.debug_line</name>
         <load_address>0x2f</load_address>
         <run_address>0x2f</run_address>
         <size>0xe8</size>
         <input_file_ref idref="fl-2"/>
      </object_component>
      <object_component id="oc-156">
         <name>.debug_line</name>
         <load_address>0x117</load_address>
         <run_address>0x117</run_address>
         <size>0x6b</size>
         <input_file_ref idref="fl-2"/>
      </object_component>
      <object_component id="oc-d3">
         <name>.debug_line</name>
         <load_address>0x182</load_address>
         <run_address>0x182</run_address>
         <size>0x6f</size>
         <input_file_ref idref="fl-2"/>
      </object_component>
      <object_component id="oc-c7">
         <name>.debug_line</name>
         <load_address>0x1f1</load_address>
         <run_address>0x1f1</run_address>
         <size>0x20</size>
         <input_file_ref idref="fl-2"/>
      </object_component>
      <object_component id="oc-164">
         <name>.debug_line</name>
         <load_address>0x211</load_address>
         <run_address>0x211</run_address>
         <size>0x73</size>
         <input_file_ref idref="fl-2"/>
      </object_component>
      <object_component id="oc-cc">
         <name>.debug_line</name>
         <load_address>0x284</load_address>
         <run_address>0x284</run_address>
         <size>0x70</size>
         <input_file_ref idref="fl-2"/>
      </object_component>
      <object_component id="oc-1d6">
         <name>.debug_line</name>
         <load_address>0x2f4</load_address>
         <run_address>0x2f4</run_address>
         <size>0x2f</size>
         <input_file_ref idref="fl-2"/>
      </object_component>
      <object_component id="oc-15d">
         <name>.debug_line</name>
         <load_address>0x323</load_address>
         <run_address>0x323</run_address>
         <size>0x2f</size>
         <input_file_ref idref="fl-2"/>
      </object_component>
      <object_component id="oc-21f">
         <name>.debug_line</name>
         <load_address>0x352</load_address>
         <run_address>0x352</run_address>
         <size>0xb6</size>
         <input_file_ref idref="fl-3"/>
      </object_component>
      <object_component id="oc-21d">
         <name>.debug_line</name>
         <load_address>0x408</load_address>
         <run_address>0x408</run_address>
         <size>0x36</size>
         <input_file_ref idref="fl-3"/>
      </object_component>
      <object_component id="oc-221">
         <name>.debug_line</name>
         <load_address>0x43e</load_address>
         <run_address>0x43e</run_address>
         <size>0x36</size>
         <input_file_ref idref="fl-3"/>
      </object_component>
      <object_component id="oc-108">
         <name>.debug_line</name>
         <load_address>0x474</load_address>
         <run_address>0x474</run_address>
         <size>0x160</size>
         <input_file_ref idref="fl-3"/>
      </object_component>
      <object_component id="oc-1ed">
         <name>.debug_line</name>
         <load_address>0x5d4</load_address>
         <run_address>0x5d4</run_address>
         <size>0x5b</size>
         <input_file_ref idref="fl-3"/>
      </object_component>
      <object_component id="oc-1e8">
         <name>.debug_line</name>
         <load_address>0x62f</load_address>
         <run_address>0x62f</run_address>
         <size>0x58</size>
         <input_file_ref idref="fl-3"/>
      </object_component>
      <object_component id="oc-1fc">
         <name>.debug_line</name>
         <load_address>0x687</load_address>
         <run_address>0x687</run_address>
         <size>0x6a</size>
         <input_file_ref idref="fl-3"/>
      </object_component>
      <object_component id="oc-1f2">
         <name>.debug_line</name>
         <load_address>0x6f1</load_address>
         <run_address>0x6f1</run_address>
         <size>0x74</size>
         <input_file_ref idref="fl-3"/>
      </object_component>
      <object_component id="oc-1aa">
         <name>.debug_line</name>
         <load_address>0x765</load_address>
         <run_address>0x765</run_address>
         <size>0x36</size>
         <input_file_ref idref="fl-3"/>
      </object_component>
      <object_component id="oc-16a">
         <name>.debug_line</name>
         <load_address>0x79b</load_address>
         <run_address>0x79b</run_address>
         <size>0x2d</size>
         <input_file_ref idref="fl-3"/>
      </object_component>
      <object_component id="oc-205">
         <name>.debug_line</name>
         <load_address>0x7c8</load_address>
         <run_address>0x7c8</run_address>
         <size>0x93</size>
         <input_file_ref idref="fl-4"/>
      </object_component>
      <object_component id="oc-1ae">
         <name>.debug_line</name>
         <load_address>0x85b</load_address>
         <run_address>0x85b</run_address>
         <size>0x2e</size>
         <input_file_ref idref="fl-4"/>
      </object_component>
      <object_component id="oc-1b0">
         <name>.debug_line</name>
         <load_address>0x889</load_address>
         <run_address>0x889</run_address>
         <size>0x2e</size>
         <input_file_ref idref="fl-4"/>
      </object_component>
      <object_component id="oc-fe">
         <name>.debug_line</name>
         <load_address>0x8b7</load_address>
         <run_address>0x8b7</run_address>
         <size>0x96</size>
         <input_file_ref idref="fl-4"/>
      </object_component>
      <object_component id="oc-1f7">
         <name>.debug_line</name>
         <load_address>0x94d</load_address>
         <run_address>0x94d</run_address>
         <size>0x2f</size>
         <input_file_ref idref="fl-4"/>
      </object_component>
      <object_component id="oc-209">
         <name>.debug_line</name>
         <load_address>0x97c</load_address>
         <run_address>0x97c</run_address>
         <size>0x2e</size>
         <input_file_ref idref="fl-4"/>
      </object_component>
      <object_component id="oc-e9">
         <name>.debug_line</name>
         <load_address>0x9aa</load_address>
         <run_address>0x9aa</run_address>
         <size>0xb8</size>
         <input_file_ref idref="fl-5"/>
      </object_component>
      <object_component id="oc-35">
         <name>.debug_line</name>
         <load_address>0xa62</load_address>
         <run_address>0xa62</run_address>
         <size>0x20</size>
         <input_file_ref idref="fl-5"/>
      </object_component>
      <object_component id="oc-6e">
         <name>.debug_line</name>
         <load_address>0xa82</load_address>
         <run_address>0xa82</run_address>
         <size>0x100</size>
         <input_file_ref idref="fl-6"/>
      </object_component>
      <object_component id="oc-201">
         <name>.debug_line</name>
         <load_address>0xb82</load_address>
         <run_address>0xb82</run_address>
         <size>0x2f</size>
         <input_file_ref idref="fl-7"/>
      </object_component>
      <object_component id="oc-1ff">
         <name>.debug_line</name>
         <load_address>0xbb1</load_address>
         <run_address>0xbb1</run_address>
         <size>0x2c</size>
         <input_file_ref idref="fl-7"/>
      </object_component>
      <object_component id="oc-f6">
         <name>.debug_line</name>
         <load_address>0xbdd</load_address>
         <run_address>0xbdd</run_address>
         <size>0x140</size>
         <input_file_ref idref="fl-7"/>
      </object_component>
      <object_component id="oc-9e">
         <name>.debug_line</name>
         <load_address>0xd1d</load_address>
         <run_address>0xd1d</run_address>
         <size>0x63</size>
         <input_file_ref idref="fl-8"/>
      </object_component>
      <object_component id="oc-160">
         <name>.debug_line</name>
         <load_address>0xd80</load_address>
         <run_address>0xd80</run_address>
         <size>0x2c</size>
         <input_file_ref idref="fl-9"/>
      </object_component>
      <object_component id="oc-cf">
         <name>.debug_line</name>
         <load_address>0xdac</load_address>
         <run_address>0xdac</run_address>
         <size>0x40</size>
         <input_file_ref idref="fl-a"/>
      </object_component>
      <object_component id="oc-74">
         <name>.debug_line</name>
         <load_address>0xdec</load_address>
         <run_address>0xdec</run_address>
         <size>0x40</size>
         <input_file_ref idref="fl-a"/>
      </object_component>
      <object_component id="oc-6c">
         <name>.debug_line</name>
         <load_address>0xe2c</load_address>
         <run_address>0xe2c</run_address>
         <size>0x71</size>
         <input_file_ref idref="fl-a"/>
      </object_component>
      <object_component id="oc-1d2">
         <name>.debug_line</name>
         <load_address>0xe9d</load_address>
         <run_address>0xe9d</run_address>
         <size>0x3b</size>
         <input_file_ref idref="fl-b"/>
      </object_component>
      <object_component id="oc-b0">
         <name>.debug_line</name>
         <load_address>0xed8</load_address>
         <run_address>0xed8</run_address>
         <size>0x134</size>
         <input_file_ref idref="fl-b"/>
      </object_component>
      <object_component id="oc-fc">
         <name>.debug_line</name>
         <load_address>0x100c</load_address>
         <run_address>0x100c</run_address>
         <size>0x4d</size>
         <input_file_ref idref="fl-c"/>
      </object_component>
      <object_component id="oc-1e4">
         <name>.debug_line</name>
         <load_address>0x1059</load_address>
         <run_address>0x1059</run_address>
         <size>0xd2</size>
         <input_file_ref idref="fl-d"/>
      </object_component>
      <object_component id="oc-ec">
         <name>.debug_line</name>
         <load_address>0x112b</load_address>
         <run_address>0x112b</run_address>
         <size>0x2d0</size>
         <input_file_ref idref="fl-d"/>
      </object_component>
      <object_component id="oc-91">
         <name>.debug_line</name>
         <load_address>0x13fb</load_address>
         <run_address>0x13fb</run_address>
         <size>0x79</size>
         <input_file_ref idref="fl-c7"/>
      </object_component>
      <object_component id="oc-e2">
         <name>.debug_line</name>
         <load_address>0x1474</load_address>
         <run_address>0x1474</run_address>
         <size>0x92</size>
         <input_file_ref idref="fl-c8"/>
      </object_component>
      <object_component id="oc-4a">
         <name>.debug_line</name>
         <load_address>0x1506</load_address>
         <run_address>0x1506</run_address>
         <size>0x53</size>
         <input_file_ref idref="fl-c8"/>
      </object_component>
      <object_component id="oc-8a">
         <name>.debug_line</name>
         <load_address>0x1559</load_address>
         <run_address>0x1559</run_address>
         <size>0x34</size>
         <input_file_ref idref="fl-c8"/>
      </object_component>
      <object_component id="oc-df">
         <name>.debug_line</name>
         <load_address>0x158d</load_address>
         <run_address>0x158d</run_address>
         <size>0x92</size>
         <input_file_ref idref="fl-c8"/>
      </object_component>
      <object_component id="oc-85">
         <name>.debug_line</name>
         <load_address>0x161f</load_address>
         <run_address>0x161f</run_address>
         <size>0x20</size>
         <input_file_ref idref="fl-c9"/>
      </object_component>
      <object_component id="oc-22">
         <name>.debug_line</name>
         <load_address>0x163f</load_address>
         <run_address>0x163f</run_address>
         <size>0x55</size>
         <input_file_ref idref="fl-c9"/>
      </object_component>
      <object_component id="oc-40">
         <name>.debug_line</name>
         <load_address>0x1694</load_address>
         <run_address>0x1694</run_address>
         <size>0x3a</size>
         <input_file_ref idref="fl-c9"/>
      </object_component>
      <object_component id="oc-82">
         <name>.debug_line</name>
         <load_address>0x16ce</load_address>
         <run_address>0x16ce</run_address>
         <size>0x92</size>
         <input_file_ref idref="fl-c9"/>
      </object_component>
      <object_component id="oc-db">
         <name>.debug_line</name>
         <load_address>0x1760</load_address>
         <run_address>0x1760</run_address>
         <size>0x20</size>
         <input_file_ref idref="fl-ca"/>
      </object_component>
      <object_component id="oc-19">
         <name>.debug_line</name>
         <load_address>0x1780</load_address>
         <run_address>0x1780</run_address>
         <size>0xa9</size>
         <input_file_ref idref="fl-ca"/>
      </object_component>
      <object_component id="oc-30">
         <name>.debug_line</name>
         <load_address>0x1829</load_address>
         <run_address>0x1829</run_address>
         <size>0x3a</size>
         <input_file_ref idref="fl-ca"/>
      </object_component>
      <object_component id="oc-d8">
         <name>.debug_line</name>
         <load_address>0x1863</load_address>
         <run_address>0x1863</run_address>
         <size>0x9a</size>
         <input_file_ref idref="fl-ca"/>
      </object_component>
      <object_component id="oc-7b">
         <name>.debug_line</name>
         <load_address>0x18fd</load_address>
         <run_address>0x18fd</run_address>
         <size>0x96</size>
         <input_file_ref idref="fl-ca"/>
      </object_component>
      <object_component id="oc-24b">
         <name>.debug_line</name>
         <load_address>0x1993</load_address>
         <run_address>0x1993</run_address>
         <size>0x91</size>
         <input_file_ref idref="fl-cb"/>
      </object_component>
      <object_component id="oc-17d">
         <name>.debug_line</name>
         <load_address>0x1a24</load_address>
         <run_address>0x1a24</run_address>
         <size>0x63</size>
         <input_file_ref idref="fl-cb"/>
      </object_component>
      <object_component id="oc-268">
         <name>.debug_line</name>
         <load_address>0x1a87</load_address>
         <run_address>0x1a87</run_address>
         <size>0x20</size>
         <input_file_ref idref="fl-cc"/>
      </object_component>
      <object_component id="oc-248">
         <name>.debug_line</name>
         <load_address>0x1aa7</load_address>
         <run_address>0x1aa7</run_address>
         <size>0x2b</size>
         <input_file_ref idref="fl-cc"/>
      </object_component>
      <object_component id="oc-246">
         <name>.debug_line</name>
         <load_address>0x1ad2</load_address>
         <run_address>0x1ad2</run_address>
         <size>0x20</size>
         <input_file_ref idref="fl-cd"/>
      </object_component>
      <object_component id="oc-17a">
         <name>.debug_line</name>
         <load_address>0x1af2</load_address>
         <run_address>0x1af2</run_address>
         <size>0xaf</size>
         <input_file_ref idref="fl-cd"/>
      </object_component>
      <object_component id="oc-244">
         <name>.debug_line</name>
         <load_address>0x1ba1</load_address>
         <run_address>0x1ba1</run_address>
         <size>0x20</size>
         <input_file_ref idref="fl-ce"/>
      </object_component>
      <object_component id="oc-170">
         <name>.debug_line</name>
         <load_address>0x1bc1</load_address>
         <run_address>0x1bc1</run_address>
         <size>0xb2</size>
         <input_file_ref idref="fl-ce"/>
      </object_component>
      <object_component id="oc-24d">
         <name>.debug_line</name>
         <load_address>0x1c73</load_address>
         <run_address>0x1c73</run_address>
         <size>0x20</size>
         <input_file_ref idref="fl-cf"/>
      </object_component>
      <object_component id="oc-185">
         <name>.debug_line</name>
         <load_address>0x1c93</load_address>
         <run_address>0x1c93</run_address>
         <size>0xbd</size>
         <input_file_ref idref="fl-cf"/>
      </object_component>
      <object_component id="oc-24f">
         <name>.debug_line</name>
         <load_address>0x1d50</load_address>
         <run_address>0x1d50</run_address>
         <size>0x20</size>
         <input_file_ref idref="fl-d0"/>
      </object_component>
      <object_component id="oc-193">
         <name>.debug_line</name>
         <load_address>0x1d70</load_address>
         <run_address>0x1d70</run_address>
         <size>0x5a</size>
         <input_file_ref idref="fl-d0"/>
      </object_component>
      <object_component id="oc-257">
         <name>.debug_line</name>
         <load_address>0x1dca</load_address>
         <run_address>0x1dca</run_address>
         <size>0x92</size>
         <input_file_ref idref="fl-d1"/>
      </object_component>
      <object_component id="oc-255">
         <name>.debug_line</name>
         <load_address>0x1e5c</load_address>
         <run_address>0x1e5c</run_address>
         <size>0x2c</size>
         <input_file_ref idref="fl-d1"/>
      </object_component>
      <object_component id="oc-19b">
         <name>.debug_line</name>
         <load_address>0x1e88</load_address>
         <run_address>0x1e88</run_address>
         <size>0x5c</size>
         <input_file_ref idref="fl-d1"/>
      </object_component>
      <object_component id="oc-77">
         <name>.debug_line</name>
         <load_address>0x1ee4</load_address>
         <run_address>0x1ee4</run_address>
         <size>0x33</size>
         <input_file_ref idref="fl-d2"/>
      </object_component>
      <object_component id="oc-58">
         <name>.debug_line</name>
         <load_address>0x1f17</load_address>
         <run_address>0x1f17</run_address>
         <size>0x45</size>
         <input_file_ref idref="fl-d2"/>
      </object_component>
      <object_component id="oc-3b">
         <name>.debug_line</name>
         <load_address>0x1f5c</load_address>
         <run_address>0x1f5c</run_address>
         <size>0x88</size>
         <input_file_ref idref="fl-d3"/>
      </object_component>
      <object_component id="oc-231">
         <name>.debug_line</name>
         <load_address>0x1fe4</load_address>
         <run_address>0x1fe4</run_address>
         <size>0xbf</size>
         <input_file_ref idref="fl-d4"/>
      </object_component>
      <object_component id="oc-11f">
         <name>.debug_line</name>
         <load_address>0x20a3</load_address>
         <run_address>0x20a3</run_address>
         <size>0x6f</size>
         <input_file_ref idref="fl-d4"/>
      </object_component>
      <object_component id="oc-235">
         <name>.debug_line</name>
         <load_address>0x2112</load_address>
         <run_address>0x2112</run_address>
         <size>0x2e</size>
         <input_file_ref idref="fl-d4"/>
      </object_component>
      <object_component id="oc-25e">
         <name>.debug_line</name>
         <load_address>0x2140</load_address>
         <run_address>0x2140</run_address>
         <size>0x9a</size>
         <input_file_ref idref="fl-d4"/>
      </object_component>
      <object_component id="oc-23a">
         <name>.debug_line</name>
         <load_address>0x21da</load_address>
         <run_address>0x21da</run_address>
         <size>0x97</size>
         <input_file_ref idref="fl-d4"/>
      </object_component>
      <object_component id="oc-23f">
         <name>.debug_line</name>
         <load_address>0x2271</load_address>
         <run_address>0x2271</run_address>
         <size>0x93</size>
         <input_file_ref idref="fl-d4"/>
      </object_component>
      <object_component id="oc-98">
         <name>.debug_line</name>
         <load_address>0x2304</load_address>
         <run_address>0x2304</run_address>
         <size>0x40</size>
         <input_file_ref idref="fl-d5"/>
      </object_component>
      <object_component id="oc-115">
         <name>.debug_line</name>
         <load_address>0x2344</load_address>
         <run_address>0x2344</run_address>
         <size>0x3c</size>
         <input_file_ref idref="fl-d7"/>
      </object_component>
      <object_component id="oc-26c">
         <name>.debug_line</name>
         <load_address>0x2380</load_address>
         <run_address>0x2380</run_address>
         <size>0x20</size>
         <input_file_ref idref="fl-da"/>
      </object_component>
      <object_component id="oc-212">
         <name>.debug_line</name>
         <load_address>0x23a0</load_address>
         <run_address>0x23a0</run_address>
         <size>0x54</size>
         <input_file_ref idref="fl-da"/>
      </object_component>
      <object_component id="oc-26a">
         <name>.debug_line</name>
         <load_address>0x23f4</load_address>
         <run_address>0x23f4</run_address>
         <size>0x20</size>
         <input_file_ref idref="fl-db"/>
      </object_component>
      <object_component id="oc-210">
         <name>.debug_line</name>
         <load_address>0x2414</load_address>
         <run_address>0x2414</run_address>
         <size>0x58</size>
         <input_file_ref idref="fl-db"/>
      </object_component>
      <object_component id="oc-b3">
         <name>.debug_frame</name>
         <load_address>0x0</load_address>
         <run_address>0x0</run_address>
         <size>0xb0</size>
         <input_file_ref idref="fl-2"/>
      </object_component>
      <object_component id="oc-104">
         <name>.debug_frame</name>
         <load_address>0xb0</load_address>
         <run_address>0xb0</run_address>
         <size>0x80</size>
         <input_file_ref idref="fl-3"/>
      </object_component>
      <object_component id="oc-102">
         <name>.debug_frame</name>
         <load_address>0x130</load_address>
         <run_address>0x130</run_address>
         <size>0x60</size>
         <input_file_ref idref="fl-4"/>
      </object_component>
      <object_component id="oc-ea">
         <name>.debug_frame</name>
         <load_address>0x190</load_address>
         <run_address>0x190</run_address>
         <size>0x9c</size>
         <input_file_ref idref="fl-5"/>
      </object_component>
      <object_component id="oc-6f">
         <name>.debug_frame</name>
         <load_address>0x22c</load_address>
         <run_address>0x22c</run_address>
         <size>0xc0</size>
         <input_file_ref idref="fl-6"/>
      </object_component>
      <object_component id="oc-f5">
         <name>.debug_frame</name>
         <load_address>0x2ec</load_address>
         <run_address>0x2ec</run_address>
         <size>0xec</size>
         <input_file_ref idref="fl-7"/>
      </object_component>
      <object_component id="oc-9d">
         <name>.debug_frame</name>
         <load_address>0x3d8</load_address>
         <run_address>0x3d8</run_address>
         <size>0x5c</size>
         <input_file_ref idref="fl-8"/>
      </object_component>
      <object_component id="oc-6b">
         <name>.debug_frame</name>
         <load_address>0x434</load_address>
         <run_address>0x434</run_address>
         <size>0x6c</size>
         <input_file_ref idref="fl-a"/>
      </object_component>
      <object_component id="oc-af">
         <name>.debug_frame</name>
         <load_address>0x4a0</load_address>
         <run_address>0x4a0</run_address>
         <size>0x70</size>
         <input_file_ref idref="fl-b"/>
      </object_component>
      <object_component id="oc-f8">
         <name>.debug_frame</name>
         <load_address>0x510</load_address>
         <run_address>0x510</run_address>
         <size>0x58</size>
         <input_file_ref idref="fl-c"/>
      </object_component>
      <object_component id="oc-ed">
         <name>.debug_frame</name>
         <load_address>0x568</load_address>
         <run_address>0x568</run_address>
         <size>0x1b0</size>
         <input_file_ref idref="fl-d"/>
      </object_component>
      <object_component id="oc-4b">
         <name>.debug_frame</name>
         <load_address>0x718</load_address>
         <run_address>0x718</run_address>
         <size>0x54</size>
         <input_file_ref idref="fl-c8"/>
      </object_component>
      <object_component id="oc-21">
         <name>.debug_frame</name>
         <load_address>0x76c</load_address>
         <run_address>0x76c</run_address>
         <size>0x54</size>
         <input_file_ref idref="fl-c9"/>
      </object_component>
      <object_component id="oc-18">
         <name>.debug_frame</name>
         <load_address>0x7c0</load_address>
         <run_address>0x7c0</run_address>
         <size>0x60</size>
         <input_file_ref idref="fl-ca"/>
      </object_component>
      <object_component id="oc-17e">
         <name>.debug_frame</name>
         <load_address>0x820</load_address>
         <run_address>0x820</run_address>
         <size>0x5c</size>
         <input_file_ref idref="fl-cb"/>
      </object_component>
      <object_component id="oc-179">
         <name>.debug_frame</name>
         <load_address>0x87c</load_address>
         <run_address>0x87c</run_address>
         <size>0x54</size>
         <input_file_ref idref="fl-cd"/>
      </object_component>
      <object_component id="oc-171">
         <name>.debug_frame</name>
         <load_address>0x8d0</load_address>
         <run_address>0x8d0</run_address>
         <size>0x54</size>
         <input_file_ref idref="fl-ce"/>
      </object_component>
      <object_component id="oc-186">
         <name>.debug_frame</name>
         <load_address>0x924</load_address>
         <run_address>0x924</run_address>
         <size>0x5c</size>
         <input_file_ref idref="fl-cf"/>
      </object_component>
      <object_component id="oc-194">
         <name>.debug_frame</name>
         <load_address>0x980</load_address>
         <run_address>0x980</run_address>
         <size>0x5c</size>
         <input_file_ref idref="fl-d0"/>
      </object_component>
      <object_component id="oc-19c">
         <name>.debug_frame</name>
         <load_address>0x9dc</load_address>
         <run_address>0x9dc</run_address>
         <size>0x60</size>
         <input_file_ref idref="fl-d1"/>
      </object_component>
      <object_component id="oc-56">
         <name>.debug_frame</name>
         <load_address>0xa3c</load_address>
         <run_address>0xa3c</run_address>
         <size>0x50</size>
         <input_file_ref idref="fl-d2"/>
      </object_component>
      <object_component id="oc-11e">
         <name>.debug_frame</name>
         <load_address>0xa8c</load_address>
         <run_address>0xa8c</run_address>
         <size>0x5c</size>
         <input_file_ref idref="fl-d4"/>
      </object_component>
      <object_component id="oc-97">
         <name>.debug_frame</name>
         <load_address>0xae8</load_address>
         <run_address>0xae8</run_address>
         <size>0x54</size>
         <input_file_ref idref="fl-d5"/>
      </object_component>
      <object_component id="oc-114">
         <name>.debug_frame</name>
         <load_address>0xb3c</load_address>
         <run_address>0xb3c</run_address>
         <size>0x54</size>
         <input_file_ref idref="fl-d7"/>
      </object_component>
      <object_component id="oc-216">
         <name>.debug_frame</name>
         <load_address>0xb90</load_address>
         <run_address>0xb90</run_address>
         <size>0x5c</size>
         <input_file_ref idref="fl-da"/>
      </object_component>
      <object_component id="oc-20f">
         <name>.debug_frame</name>
         <load_address>0xbec</load_address>
         <run_address>0xbec</run_address>
         <size>0x5c</size>
         <input_file_ref idref="fl-db"/>
      </object_component>
      <object_component id="oc-158">
         <name>.debug_abbrev</name>
         <load_address>0x0</load_address>
         <run_address>0x0</run_address>
         <size>0x7a</size>
         <input_file_ref idref="fl-2"/>
      </object_component>
      <object_component id="oc-152">
         <name>.debug_abbrev</name>
         <load_address>0x7a</load_address>
         <run_address>0x7a</run_address>
         <size>0x7c</size>
         <input_file_ref idref="fl-2"/>
      </object_component>
      <object_component id="oc-155">
         <name>.debug_abbrev</name>
         <load_address>0xf6</load_address>
         <run_address>0xf6</run_address>
         <size>0x5a</size>
         <input_file_ref idref="fl-2"/>
      </object_component>
      <object_component id="oc-d2">
         <name>.debug_abbrev</name>
         <load_address>0x150</load_address>
         <run_address>0x150</run_address>
         <size>0x69</size>
         <input_file_ref idref="fl-2"/>
      </object_component>
      <object_component id="oc-c6">
         <name>.debug_abbrev</name>
         <load_address>0x1b9</load_address>
         <run_address>0x1b9</run_address>
         <size>0x1f</size>
         <input_file_ref idref="fl-2"/>
      </object_component>
      <object_component id="oc-163">
         <name>.debug_abbrev</name>
         <load_address>0x1d8</load_address>
         <run_address>0x1d8</run_address>
         <size>0x5c</size>
         <input_file_ref idref="fl-2"/>
      </object_component>
      <object_component id="oc-cb">
         <name>.debug_abbrev</name>
         <load_address>0x234</load_address>
         <run_address>0x234</run_address>
         <size>0x24</size>
         <input_file_ref idref="fl-2"/>
      </object_component>
      <object_component id="oc-1d5">
         <name>.debug_abbrev</name>
         <load_address>0x258</load_address>
         <run_address>0x258</run_address>
         <size>0x3a</size>
         <input_file_ref idref="fl-2"/>
      </object_component>
      <object_component id="oc-15c">
         <name>.debug_abbrev</name>
         <load_address>0x292</load_address>
         <run_address>0x292</run_address>
         <size>0x24</size>
         <input_file_ref idref="fl-2"/>
      </object_component>
      <object_component id="oc-21e">
         <name>.debug_abbrev</name>
         <load_address>0x2b6</load_address>
         <run_address>0x2b6</run_address>
         <size>0xff</size>
         <input_file_ref idref="fl-3"/>
      </object_component>
      <object_component id="oc-21c">
         <name>.debug_abbrev</name>
         <load_address>0x3b5</load_address>
         <run_address>0x3b5</run_address>
         <size>0x29</size>
         <input_file_ref idref="fl-3"/>
      </object_component>
      <object_component id="oc-220">
         <name>.debug_abbrev</name>
         <load_address>0x3de</load_address>
         <run_address>0x3de</run_address>
         <size>0x27</size>
         <input_file_ref idref="fl-3"/>
      </object_component>
      <object_component id="oc-1a6">
         <name>.debug_abbrev</name>
         <load_address>0x405</load_address>
         <run_address>0x405</run_address>
         <size>0xa9</size>
         <input_file_ref idref="fl-3"/>
      </object_component>
      <object_component id="oc-1ec">
         <name>.debug_abbrev</name>
         <load_address>0x4ae</load_address>
         <run_address>0x4ae</run_address>
         <size>0x97</size>
         <input_file_ref idref="fl-3"/>
      </object_component>
      <object_component id="oc-1e7">
         <name>.debug_abbrev</name>
         <load_address>0x545</load_address>
         <run_address>0x545</run_address>
         <size>0xbd</size>
         <input_file_ref idref="fl-3"/>
      </object_component>
      <object_component id="oc-1fb">
         <name>.debug_abbrev</name>
         <load_address>0x602</load_address>
         <run_address>0x602</run_address>
         <size>0x5c</size>
         <input_file_ref idref="fl-3"/>
      </object_component>
      <object_component id="oc-1f1">
         <name>.debug_abbrev</name>
         <load_address>0x65e</load_address>
         <run_address>0x65e</run_address>
         <size>0x33</size>
         <input_file_ref idref="fl-3"/>
      </object_component>
      <object_component id="oc-1a9">
         <name>.debug_abbrev</name>
         <load_address>0x691</load_address>
         <run_address>0x691</run_address>
         <size>0x44</size>
         <input_file_ref idref="fl-3"/>
      </object_component>
      <object_component id="oc-169">
         <name>.debug_abbrev</name>
         <load_address>0x6d5</load_address>
         <run_address>0x6d5</run_address>
         <size>0x44</size>
         <input_file_ref idref="fl-3"/>
      </object_component>
      <object_component id="oc-204">
         <name>.debug_abbrev</name>
         <load_address>0x719</load_address>
         <run_address>0x719</run_address>
         <size>0xe0</size>
         <input_file_ref idref="fl-4"/>
      </object_component>
      <object_component id="oc-1ad">
         <name>.debug_abbrev</name>
         <load_address>0x7f9</load_address>
         <run_address>0x7f9</run_address>
         <size>0x29</size>
         <input_file_ref idref="fl-4"/>
      </object_component>
      <object_component id="oc-1af">
         <name>.debug_abbrev</name>
         <load_address>0x822</load_address>
         <run_address>0x822</run_address>
         <size>0x29</size>
         <input_file_ref idref="fl-4"/>
      </object_component>
      <object_component id="oc-195">
         <name>.debug_abbrev</name>
         <load_address>0x84b</load_address>
         <run_address>0x84b</run_address>
         <size>0x7a</size>
         <input_file_ref idref="fl-4"/>
      </object_component>
      <object_component id="oc-1f6">
         <name>.debug_abbrev</name>
         <load_address>0x8c5</load_address>
         <run_address>0x8c5</run_address>
         <size>0x33</size>
         <input_file_ref idref="fl-4"/>
      </object_component>
      <object_component id="oc-208">
         <name>.debug_abbrev</name>
         <load_address>0x8f8</load_address>
         <run_address>0x8f8</run_address>
         <size>0x4b</size>
         <input_file_ref idref="fl-4"/>
      </object_component>
      <object_component id="oc-166">
         <name>.debug_abbrev</name>
         <load_address>0x943</load_address>
         <run_address>0x943</run_address>
         <size>0x7a</size>
         <input_file_ref idref="fl-5"/>
      </object_component>
      <object_component id="oc-34">
         <name>.debug_abbrev</name>
         <load_address>0x9bd</load_address>
         <run_address>0x9bd</run_address>
         <size>0x1f</size>
         <input_file_ref idref="fl-5"/>
      </object_component>
      <object_component id="oc-c3">
         <name>.debug_abbrev</name>
         <load_address>0x9dc</load_address>
         <run_address>0x9dc</run_address>
         <size>0x6c</size>
         <input_file_ref idref="fl-6"/>
      </object_component>
      <object_component id="oc-200">
         <name>.debug_abbrev</name>
         <load_address>0xa48</load_address>
         <run_address>0xa48</run_address>
         <size>0x8e</size>
         <input_file_ref idref="fl-7"/>
      </object_component>
      <object_component id="oc-1fe">
         <name>.debug_abbrev</name>
         <load_address>0xad6</load_address>
         <run_address>0xad6</run_address>
         <size>0x27</size>
         <input_file_ref idref="fl-7"/>
      </object_component>
      <object_component id="oc-18c">
         <name>.debug_abbrev</name>
         <load_address>0xafd</load_address>
         <run_address>0xafd</run_address>
         <size>0x7a</size>
         <input_file_ref idref="fl-7"/>
      </object_component>
      <object_component id="oc-10f">
         <name>.debug_abbrev</name>
         <load_address>0xb77</load_address>
         <run_address>0xb77</run_address>
         <size>0x60</size>
         <input_file_ref idref="fl-8"/>
      </object_component>
      <object_component id="oc-15f">
         <name>.debug_abbrev</name>
         <load_address>0xbd7</load_address>
         <run_address>0xbd7</run_address>
         <size>0x29</size>
         <input_file_ref idref="fl-9"/>
      </object_component>
      <object_component id="oc-ce">
         <name>.debug_abbrev</name>
         <load_address>0xc00</load_address>
         <run_address>0xc00</run_address>
         <size>0x7c</size>
         <input_file_ref idref="fl-a"/>
      </object_component>
[...]
      <symbol id="sm-7">
         <name>__TI_Handler_Table_Limit</name>
         <value>0x1fe0</value>
      </symbol>
      <symbol id="sm-8">
         <name>binit</name>
         <value>0xffffffff</value>
      </symbol>
      <symbol id="sm-9">
         <name>__binit__</name>
         <value>0xffffffff</value>
      </symbol>
      <symbol id="sm-a">
         <name>__STACK_SIZE</name>
         <value>0x200</value>
      </symbol>
      <symbol id="sm-b">
         <name>__STACK_END</name>
         <value>0x20010000</value>
      </symbol>
      <symbol id="sm-c">
         <name>__c_args__</name>
         <value>0xffffffff</value>
      </symbol>
      <symbol id="sm-d">
         <name>__TI_pprof_out_hndl</name>
         <value>0xffffffff</value>
      </symbol>
      <symbol id="sm-e">
         <name>__TI_prof_data_start</name>
         <value>0xffffffff</value>
      </symbol>
      <symbol id="sm-f">
         <name>__TI_prof_data_size</name>
         <value>0xffffffff</value>
      </symbol>
      <symbol id="sm-6c">
         <name>cbfifo_transmit_uart0</name>
         <value>0x2000cf80</value>
      </symbol>
      <symbol id="sm-6d">
         <name>cbfifo_receive_uart0</name>
         <value>0x2000c350</value>
      </symbol>
      <symbol id="sm-6e">
         <name>cbfifo_transmit_uart2</name>
         <value>0x2000d390</value>
      </symbol>
      <symbol id="sm-6f">
         <name>cbfifo_receive_uart2</name>
         <value>0x2000c760</value>
      </symbol>
      <symbol id="sm-70">
         <name>cbfifo_transmit_uart3</name>
         <value>0x2000d7a0</value>
      </symbol>
      <symbol id="sm-71">
         <name>cbfifo_receive_uart3</name>
         <value>0x2000cb70</value>
      </symbol>
      <symbol id="sm-72">
         <name>cbfifo_enqueue</name>
         <value>0x13d5</value>
         <object_component_ref idref="oc-b2"/>
      </symbol>
      <symbol id="sm-73">
         <name>cbfifo_dequeue</name>
         <value>0x1477</value>
         <object_component_ref idref="oc-b2"/>
      </symbol>
      <symbol id="sm-74">
         <name>cbfifo_capacity</name>
         <value>0x151d</value>
         <object_component_ref idref="oc-b2"/>
      </symbol>
      <symbol id="sm-75">
         <name>cbfifo_length</name>
         <value>0x150d</value>
         <object_component_ref idref="oc-b2"/>
      </symbol>
      <symbol id="sm-e3">
         <name>hex_file</name>
         <value>0x20000000</value>
      </symbol>
      <symbol id="sm-e4">
         <name>send_hex_file_to_8051</name>
         <value>0x81f</value>
         <object_component_ref idref="oc-103"/>
      </symbol>
      <symbol id="sm-e5">
         <name>receive_hex_file</name>
         <value>0x711</value>
         <object_component_ref idref="oc-103"/>
      </symbol>
      <symbol id="sm-e6">
         <name>hex_file_dump_to_msp32_state</name>
         <value>0x2000e094</value>
         <object_component_ref idref="oc-19d"/>
      </symbol>
      <symbol id="sm-135">
         <name>start_server</name>
         <value>0x2000e030</value>
         <object_component_ref idref="oc-10c"/>
      </symbol>
      <symbol id="sm-136">
         <name>esp_32_command</name>
         <value>0x167d</value>
         <object_component_ref idref="oc-fd"/>
      </symbol>
      <symbol id="sm-137">
         <name>wifi_connect</name>
         <value>0x2000dfc0</value>
         <object_component_ref idref="oc-109"/>
      </symbol>
      <symbol id="sm-156">
         <name>set_led</name>
         <value>0x1589</value>
         <object_component_ref idref="oc-e5"/>
      </symbol>
      <symbol id="sm-157">
         <name>enter_8051_into_bootloader</name>
         <value>0x15ef</value>
         <object_component_ref idref="oc-e5"/>
      </symbol>
      <symbol id="sm-158">
         <name>init_gpio</name>
         <value>0x152d</value>
         <object_component_ref idref="oc-e5"/>
      </symbol>
      <symbol id="sm-159">
         <name>reset_8051</name>
         <value>0x1639</value>
         <object_component_ref idref="oc-e5"/>
      </symbol>
      <symbol id="sm-18e">
         <name>EUSCIA3_IRQHandler</name>
         <value>0xe99</value>
         <object_component_ref idref="oc-6d"/>
      </symbol>
      <symbol id="sm-18f">
         <name>EUSCIA2_IRQHandler</name>
         <value>0xe0b</value>
         <object_component_ref idref="oc-6d"/>
      </symbol>
      <symbol id="sm-190">
         <name>EUSCIA0_IRQHandler</name>
         <value>0xd7d</value>
         <object_component_ref idref="oc-6d"/>
      </symbol>
      <symbol id="sm-191">
         <name>EUSCIB3_IRQHandler</name>
         <value>0xf27</value>
         <object_component_ref idref="oc-6d"/>
      </symbol>
      <symbol id="sm-1bd">
         <name>LCD_nibble_write</name>
         <value>0x1031</value>
         <object_component_ref idref="oc-f1"/>
      </symbol>
      <symbol id="sm-1be">
         <name>updateCursorPointer</name>
         <value>0x1185</value>
         <object_component_ref idref="oc-f1"/>
      </symbol>
      <symbol id="sm-1bf">
         <name>delayMs</name>
         <value>0x10f1</value>
         <object_component_ref idref="oc-f1"/>
      </symbol>
      <symbol id="sm-1c0">
         <name>LCD_data</name>
         <value>0x10c3</value>
         <object_component_ref idref="oc-f1"/>
      </symbol>
      <symbol id="sm-1c1">
         <name>LCD_command</name>
         <value>0x1089</value>
         <object_component_ref idref="oc-f1"/>
      </symbol>
      <symbol id="sm-1c2">
         <name>lcd_print_str</name>
         <value>0x112d</value>
         <object_component_ref idref="oc-f1"/>
      </symbol>
      <symbol id="sm-1c3">
         <name>init_lcd</name>
         <value>0xfc5</value>
         <object_component_ref idref="oc-f1"/>
      </symbol>
      <symbol id="sm-1e2">
         <name>main</name>
         <value>0x11dd</value>
         <object_component_ref idref="oc-99"/>
      </symbol>
      <symbol id="sm-1eb">
         <name>spi_rx_data</name>
         <value>0x2000e08a</value>
         <object_component_ref idref="oc-c0"/>
      </symbol>
      <symbol id="sm-1ec">
         <name>spi_tx_data</name>
         <value>0x2000e088</value>
         <object_component_ref idref="oc-c0"/>
      </symbol>
      <symbol id="sm-201">
         <name>Reset_Handler</name>
         <value>0x1b21</value>
         <object_component_ref idref="oc-67"/>
      </symbol>
      <symbol id="sm-202">
         <name>Default_Handler</name>
         <value>0x1b2d</value>
         <object_component_ref idref="oc-67"/>
      </symbol>
      <symbol id="sm-203">
         <name>interruptVectors</name>
         <value>0x0</value>
         <object_component_ref idref="oc-26"/>
      </symbol>
      <symbol id="sm-24b">
         <name>SystemInit</name>
         <value>0xcc1</value>
         <object_component_ref idref="oc-ab"/>
      </symbol>
      <symbol id="sm-24c">
         <name>SystemCoreClockUpdate</name>
         <value>0xa49</value>
         <object_component_ref idref="oc-ab"/>
      </symbol>
      <symbol id="sm-24d">
         <name>SystemCoreClock</name>
         <value>0x2000e08c</value>
         <object_component_ref idref="oc-14e"/>
      </symbol>
      <symbol id="sm-259">
         <name>delay</name>
         <value>0x1abd</value>
         <object_component_ref idref="oc-f7"/>
      </symbol>
      <symbol id="sm-2da">
         <name>getchar_uart3</name>
         <value>0x529</value>
         <object_component_ref idref="oc-eb"/>
      </symbol>
      <symbol id="sm-2db">
         <name>getchar_uart2</name>
         <value>0x4f1</value>
         <object_component_ref idref="oc-eb"/>
      </symbol>
      <symbol id="sm-2dc">
         <name>echo_uart2</name>
         <value>0x219</value>
         <object_component_ref idref="oc-eb"/>
      </symbol>
      <symbol id="sm-2dd">
         <name>echo_uart3</name>
         <value>0x559</value>
         <object_component_ref idref="oc-eb"/>
      </symbol>
      <symbol id="sm-2de">
         <name>getchar</name>
         <value>0x4c1</value>
         <object_component_ref idref="oc-eb"/>
      </symbol>
      <symbol id="sm-2df">
         <name>echo</name>
         <value>0x1db</value>
         <object_component_ref idref="oc-eb"/>
      </symbol>
      <symbol id="sm-2e0">
         <name>putstr</name>
         <value>0x307</value>
         <object_component_ref idref="oc-eb"/>
      </symbol>
      <symbol id="sm-2e1">
         <name>uart_init</name>
         <value>0xe5</value>
         <object_component_ref idref="oc-eb"/>
      </symbol>
      <symbol id="sm-2e2">
         <name>get_line_of_command_raw</name>
         <value>0x257</value>
         <object_component_ref idref="oc-eb"/>
      </symbol>
      <symbol id="sm-2e3">
         <name>putstr_uart2</name>
         <value>0x389</value>
         <object_component_ref idref="oc-eb"/>
      </symbol>
      <symbol id="sm-2e4">
         <name>putstr_uart3</name>
         <value>0x445</value>
         <object_component_ref idref="oc-eb"/>
      </symbol>
      <symbol id="sm-2e5">
         <name>get_esp32_response</name>
         <value>0x2d5</value>
         <object_component_ref idref="oc-eb"/>
      </symbol>
      <symbol id="sm-2e6">
         <name>accept_number_from_user</name>
         <value>0x5a9</value>
         <object_component_ref idref="oc-eb"/>
      </symbol>
      <symbol id="sm-2f5">
         <name>__aeabi_memset</name>
         <value>0x1829</value>
         <object_component_ref idref="oc-8d"/>
      </symbol>
      <symbol id="sm-2f6">
         <name>memset</name>
         <value>0x182f</value>
         <object_component_ref idref="oc-8d"/>
      </symbol>
      <symbol id="sm-2f7">
         <name>__aeabi_memset8</name>
         <value>0x1829</value>
         <object_component_ref idref="oc-8d"/>
      </symbol>
      <symbol id="sm-2f8">
         <name>__aeabi_memset4</name>
         <value>0x1829</value>
         <object_component_ref idref="oc-8d"/>
      </symbol>
      <symbol id="sm-2f9">
         <name>__aeabi_memclr8</name>
         <value>0x1827</value>
         <object_component_ref idref="oc-8d"/>
      </symbol>
      <symbol id="sm-2fa">
         <name>__aeabi_memclr4</name>
         <value>0x1827</value>
         <object_component_ref idref="oc-8d"/>
      </symbol>
      <symbol id="sm-2fb">
         <name>__aeabi_memclr</name>
         <value>0x1827</value>
         <object_component_ref idref="oc-8d"/>
      </symbol>
      <symbol id="sm-312">
         <name>__TI_zero_init</name>
         <value>0x1b2f</value>
         <object_component_ref idref="oc-49"/>
      </symbol>
      <symbol id="sm-329">
         <name>__TI_decompress_none</name>
         <value>0x1b13</value>
         <object_component_ref idref="oc-1d"/>
      </symbol>
      <symbol id="sm-34c">
         <name>__TI_decompress_lzss</name>
         <value>0x18a1</value>
         <object_component_ref idref="oc-17"/>
      </symbol>
      <symbol id="sm-362">
         <name>atoi</name>
         <value>0x1909</value>
         <object_component_ref idref="oc-17b"/>
      </symbol>
      <symbol id="sm-36d">
         <name>_ctypes_</name>
         <value>0x1e38</value>
         <object_component_ref idref="oc-1dc"/>
      </symbol>
      <symbol id="sm-37d">
         <name>strcat</name>
         <value>0x1ae1</value>
         <object_component_ref idref="oc-175"/>
      </symbol>
      <symbol id="sm-38b">
         <name>strlen</name>
         <value>0x1aff</value>
         <object_component_ref idref="oc-16c"/>
      </symbol>
      <symbol id="sm-39c">
         <name>strncat</name>
         <value>0x1a41</value>
         <object_component_ref idref="oc-181"/>
      </symbol>
      <symbol id="sm-3af">
         <name>strstr</name>
         <value>0x1a0d</value>
         <object_component_ref idref="oc-18f"/>
      </symbol>
      <symbol id="sm-3c7">
         <name>strtok</name>
         <value>0x1999</value>
         <object_component_ref idref="oc-197"/>
      </symbol>
      <symbol id="sm-3da">
         <name>__stack</name>
         <value>0x2000fe00</value>
         <object_component_ref idref="oc-29"/>
      </symbol>
      <symbol id="sm-3db">
         <name>_c_int00_noargs</name>
         <value>0x19d9</value>
         <object_component_ref idref="oc-55"/>
      </symbol>
      <symbol id="sm-3f6">
         <name>memcpy</name>
         <value>0x178b</value>
         <object_component_ref idref="oc-37"/>
      </symbol>
      <symbol id="sm-3f7">
         <name>__aeabi_memcpy</name>
         <value>0x178b</value>
         <object_component_ref idref="oc-37"/>
      </symbol>
      <symbol id="sm-3f8">
         <name>__aeabi_memcpy8</name>
         <value>0x178b</value>
         <object_component_ref idref="oc-37"/>
      </symbol>
      <symbol id="sm-3f9">
         <name>__aeabi_memcpy4</name>
         <value>0x178b</value>
         <object_component_ref idref="oc-37"/>
      </symbol>
      <symbol id="sm-421">
         <name>__TI_auto_init_nobinit_nopinit</name>
         <value>0x1955</value>
         <object_component_ref idref="oc-11c"/>
      </symbol>
      <symbol id="sm-42b">
         <name>_system_pre_init</name>
         <value>0x1b3b</value>
         <object_component_ref idref="oc-93"/>
      </symbol>
      <symbol id="sm-437">
         <name>C$$EXIT</name>
         <value>0x1b3f</value>
         <object_component_ref idref="oc-110"/>
      </symbol>
      <symbol id="sm-438">
         <name>abort</name>
         <value>0x1b3f</value>
         <object_component_ref idref="oc-110"/>
      </symbol>
      <symbol id="sm-44b">
         <name>strcspn</name>
         <value>0x1a99</value>
         <object_component_ref idref="oc-211"/>
      </symbol>
      <symbol id="sm-45d">
         <name>strspn</name>
         <value>0x1a6f</value>
         <object_component_ref idref="oc-20b"/>
      </symbol>
      <symbol id="sm-45e">
         <name>__TI_static_base__</name>
         <value>0x0</value>
      </symbol>
      <symbol id="sm-461">
         <name>__mpu_init</name>
         <value>0x0</value>
      </symbol>
      <symbol id="sm-462">
         <name>_system_post_cinit</name>
         <value>0x0</value>
      </symbol>
      <symbol id="sm-463">
         <name>NMI_Handler</name>
         <value>0x1b2d</value>
      </symbol>
      <symbol id="sm-464">
         <name>HardFault_Handler</name>
         <value>0x1b2d</value>
      </symbol>
      <symbol id="sm-465">
         <name>MemManage_Handler</name>
         <value>0x1b2d</value>
      </symbol>
      <symbol id="sm-466">
         <name>BusFault_Handler</name>
         <value>0x1b2d</value>
      </symbol>
      <symbol id="sm-467">
         <name>UsageFault_Handler</name>
         <value>0x1b2d</value>
      </symbol>
      <symbol id="sm-468">
         <name>SVC_Handler</name>
         <value>0x1b2d</value>
      </symbol>
      <symbol id="sm-469">
         <name>DebugMon_Handler</name>
         <value>0x1b2d</value>
      </symbol>
      <symbol id="sm-46a">
         <name>PendSV_Handler</name>
         <value>0x1b2d</value>
      </symbol>
      <symbol id="sm-46b">
         <name>SysTick_Handler</name>
         <value>0x1b2d</value>
      </symbol>
      <symbol id="sm-46c">
         <name>PSS_IRQHandler</name>
         <value>0x1b2d</value>
      </symbol>
      <symbol id="sm-46d">
         <name>CS_IRQHandler</name>
         <value>0x1b2d</value>
      </symbol>
      <symbol id="sm-46e">
         <name>PCM_IRQHandler</name>
         <value>0x1b2d</value>
      </symbol>
      <symbol id="sm-46f">
         <name>WDT_A_IRQHandler</name>
         <value>0x1b2d</value>
      </symbol>
      <symbol id="sm-470">
         <name>FPU_IRQHandler</name>
         <value>0x1b2d</value>
      </symbol>
      <symbol id="sm-471">
         <name>FLCTL_IRQHandler</name>
         <value>0x1b2d</value>
      </symbol>
      <symbol id="sm-472">
         <name>COMP_E0_IRQHandler</name>
         <value>0x1b2d</value>
      </symbol>
      <symbol id="sm-473">
         <name>COMP_E1_IRQHandler</name>
         <value>0x1b2d</value>
      </symbol>
      <symbol id="sm-474">
         <name>TA0_0_IRQHandler</name>
         <value>0x1b2d</value>
      </symbol>
      <symbol id="sm-475">
         <name>TA0_N_IRQHandler</name>
         <value>0x1b2d</value>
      </symbol>
      <symbol id="sm-476">
         <name>TA1_0_IRQHandler</name>
         <value>0x1b2d</value>
      </symbol>
      <symbol id="sm-477">
         <name>TA1_N_IRQHandler</name>
         <value>0x1b2d</value>
      </symbol>
      <symbol id="sm-478">
         <name>TA2_0_IRQHandler</name>
         <value>0x1b2d</value>
      </symbol>
      <symbol id="sm-479">
         <name>TA2_N_IRQHandler</name>
         <value>0x1b2d</value>
      </symbol>
      <symbol id="sm-47a">
         <name>TA3_0_IRQHandler</name>
         <value>0x1b2d</value>
      </symbol>
      <symbol id="sm-47b">
         <name>TA3_N_IRQHandler</name>
         <value>0x1b2d</value>
      </symbol>
      <symbol id="sm-47c">
         <name>EUSCIA0_IRQHandler</name>
         <value>0xd7d</value>
      </symbol>
      <symbol id="sm-47d">
         <name>EUSCIA1_IRQHandler</name>
         <value>0x1b2d</value>
      </symbol>
      <symbol id="sm-47e">
         <name>EUSCIA2_IRQHandler</name>
         <value>0xe0b</value>
      </symbol>
      <symbol id="sm-47f">
         <name>EUSCIA3_IRQHandler</name>
         <value>0xe99</value>
      </symbol>
      <symbol id="sm-480">
         <name>EUSCIB0_IRQHandler</name>
         <value>0x1b2d</value>
      </symbol>
      <symbol id="sm-481">
         <name>EUSCIB1_IRQHandler</name>
         <value>0x1b2d</value>
      </symbol>
      <symbol id="sm-482">
         <name>EUSCIB2_IRQHandler</name>
         <value>0x1b2d</value>
      </symbol>
      <symbol id="sm-483">
         <name>EUSCIB3_IRQHandler</name>
         <value>0xf27</value>
      </symbol>
      <symbol id="sm-484">
         <name>ADC14_IRQHandler</name>
         <value>0x1b2d</value>
      </symbol>
      <symbol id="sm-485">
         <name>T32_INT1_IRQHandler</name>
         <value>0x1b2d</value>
      </symbol>
      <symbol id="sm-486">
         <name>T32_INT2_IRQHandler</name>
         <value>0x1b2d</value>
      </symbol>
      <symbol id="sm-487">
         <name>T32_INTC_IRQHandler</name>
         <value>0x1b2d</value>
      </symbol>
      <symbol id="sm-488">
         <name>AES256_IRQHandler</name>
         <value>0x1b2d</value>
      </symbol>
      <symbol id="sm-489">
         <name>RTC_C_IRQHandler</name>
         <value>0x1b2d</value>
      </symbol>
      <symbol id="sm-48a">
         <name>DMA_ERR_IRQHandler</name>
         <value>0x1b2d</value>
      </symbol>
      <symbol id="sm-48b">
         <name>DMA_INT3_IRQHandler</name>
         <value>0x1b2d</value>
      </symbol>
      <symbol id="sm-48c">
         <name>DMA_INT2_IRQHandler</name>
         <value>0x1b2d</value>
      </symbol>
      <symbol id="sm-48d">
         <name>DMA_INT1_IRQHandler</name>
         <value>0x1b2d</value>
      </symbol>
      <symbol id="sm-48e">
         <name>DMA_INT0_IRQHandler</name>
         <value>0x1b2d</value>
      </symbol>
      <symbol id="sm-48f">
         <name>PORT1_IRQHandler</name>
         <value>0x1b2d</value>
      </symbol>
      <symbol id="sm-490">
         <name>PORT2_IRQHandler</name>
         <value>0x1b2d</value>
      </symbol>
      <symbol id="sm-491">
         <name>PORT3_IRQHandler</name>
         <value>0x1b2d</value>
      </symbol>
      <symbol id="sm-492">
         <name>PORT4_IRQHandler</name>
         <value>0x1b2d</value>
      </symbol>
      <symbol id="sm-493">
         <name>PORT5_IRQHandler</name>
         <value>0x1b2d</value>
      </symbol>
      <symbol id="sm-494">
         <name>PORT6_IRQHandler</name>
         <value>0x1b2d</value>
      </symbol>
   </symbol_table>
   <title>Link successful</title>
</link_info>
