<?xml version="1.0" encoding="ISO-8859-1" ?>
<link_info>
   <banner>TI ARM Linker PC v20.2.5.LTS</banner>
   <copyright>Copyright (c) 1996-2018 Texas Instruments Incorporated</copyright>
   <link_time>0x61948b25</link_time>
   <link_errors>0x0</link_errors>
   <output_file>ESD-Lab4.out</output_file>
   <entry_point>
      <name>_c_int00_noargs</name>
      <address>0x3a25</address>
   </entry_point>
   <input_file_list>
      <input_file id="fl-2">
         <path>.\</path>
         <kind>object</kind>
         <file>cbfifo.obj</file>
         <name>cbfifo.obj</name>
      </input_file>
      <input_file id="fl-3">
         <path>.\</path>
         <kind>object</kind>
         <file>cmd_processor.obj</file>
         <name>cmd_processor.obj</name>
      </input_file>
      <input_file id="fl-4">
         <path>.\</path>
         <kind>object</kind>
         <file>comparator.obj</file>
         <name>comparator.obj</name>
      </input_file>
      <input_file id="fl-5">
         <path>.\</path>
         <kind>object</kind>
         <file>dac.obj</file>
         <name>dac.obj</name>
      </input_file>
      <input_file id="fl-6">
         <path>.\</path>
         <kind>object</kind>
         <file>fp_trig.obj</file>
         <name>fp_trig.obj</name>
      </input_file>
      <input_file id="fl-7">
         <path>.\</path>
         <kind>object</kind>
         <file>gpio.obj</file>
         <name>gpio.obj</name>
      </input_file>
      <input_file id="fl-8">
         <path>.\</path>
         <kind>object</kind>
         <file>i2c.obj</file>
         <name>i2c.obj</name>
      </input_file>
      <input_file id="fl-9">
         <path>.\</path>
         <kind>object</kind>
         <file>irq.obj</file>
         <name>irq.obj</name>
      </input_file>
      <input_file id="fl-a">
         <path>.\</path>
         <kind>object</kind>
         <file>main.obj</file>
         <name>main.obj</name>
      </input_file>
      <input_file id="fl-b">
         <path>.\</path>
         <kind>object</kind>
         <file>spi.obj</file>
         <name>spi.obj</name>
      </input_file>
      <input_file id="fl-c">
         <path>.\</path>
         <kind>object</kind>
         <file>startup_msp432p401r_ccs.obj</file>
         <name>startup_msp432p401r_ccs.obj</name>
      </input_file>
      <input_file id="fl-d">
         <path>.\</path>
         <kind>object</kind>
         <file>system_msp432p401r.obj</file>
         <name>system_msp432p401r.obj</name>
      </input_file>
      <input_file id="fl-e">
         <path>.\</path>
         <kind>object</kind>
         <file>temp.obj</file>
         <name>temp.obj</name>
      </input_file>
      <input_file id="fl-f">
         <path>.\</path>
         <kind>object</kind>
         <file>timers.obj</file>
         <name>timers.obj</name>
      </input_file>
      <input_file id="fl-10">
         <path>.\</path>
         <kind>object</kind>
         <file>uart.obj</file>
         <name>uart.obj</name>
      </input_file>
      <input_file id="fl-14">
         <kind>object</kind>
         <file>&lt;internal&gt;</file>
         <name>&lt;internal&gt;</name>
      </input_file>
      <input_file id="fl-ca">
         <path>C:\ti\ccs1040\ccs\tools\compiler\ti-cgt-arm_20.2.5.LTS\lib\</path>
         <kind>archive</kind>
         <file>rtsv7M4_T_le_v4SPD16_eabi.lib</file>
         <name>sprintf.c.obj</name>
      </input_file>
      <input_file id="fl-cb">
         <path>C:\ti\ccs1040\ccs\tools\compiler\ti-cgt-arm_20.2.5.LTS\lib\</path>
         <kind>archive</kind>
         <file>rtsv7M4_T_le_v4SPD16_eabi.lib</file>
         <name>fs_tod_t2.asm.obj</name>
      </input_file>
      <input_file id="fl-cc">
         <path>C:\ti\ccs1040\ccs\tools\compiler\ti-cgt-arm_20.2.5.LTS\lib\</path>
         <kind>archive</kind>
         <file>rtsv7M4_T_le_v4SPD16_eabi.lib</file>
         <name>memcpy_t2.asm.obj</name>
      </input_file>
      <input_file id="fl-cd">
         <path>C:\ti\ccs1040\ccs\tools\compiler\ti-cgt-arm_20.2.5.LTS\lib\</path>
         <kind>archive</kind>
         <file>rtsv7M4_T_le_v4SPD16_eabi.lib</file>
         <name>memset_t2.asm.obj</name>
      </input_file>
      <input_file id="fl-ce">
         <path>C:\ti\ccs1040\ccs\tools\compiler\ti-cgt-arm_20.2.5.LTS\lib\</path>
         <kind>archive</kind>
         <file>rtsv7M4_T_le_v4SPD16_eabi.lib</file>
         <name>copy_zero_init.c.obj</name>
      </input_file>
      <input_file id="fl-cf">
         <path>C:\ti\ccs1040\ccs\tools\compiler\ti-cgt-arm_20.2.5.LTS\lib\</path>
         <kind>archive</kind>
         <file>rtsv7M4_T_le_v4SPD16_eabi.lib</file>
         <name>copy_decompress_none.c.obj</name>
      </input_file>
      <input_file id="fl-d0">
         <path>C:\ti\ccs1040\ccs\tools\compiler\ti-cgt-arm_20.2.5.LTS\lib\</path>
         <kind>archive</kind>
         <file>rtsv7M4_T_le_v4SPD16_eabi.lib</file>
         <name>copy_decompress_lzss.c.obj</name>
      </input_file>
      <input_file id="fl-d1">
         <path>C:\ti\ccs1040\ccs\tools\compiler\ti-cgt-arm_20.2.5.LTS\lib\</path>
         <kind>archive</kind>
         <file>rtsv7M4_T_le_v4SPD16_eabi.lib</file>
         <name>atoi.c.obj</name>
      </input_file>
      <input_file id="fl-d2">
         <path>C:\ti\ccs1040\ccs\tools\compiler\ti-cgt-arm_20.2.5.LTS\lib\</path>
         <kind>archive</kind>
         <file>rtsv7M4_T_le_v4SPD16_eabi.lib</file>
         <name>ctype.c.obj</name>
      </input_file>
      <input_file id="fl-d3">
         <path>C:\ti\ccs1040\ccs\tools\compiler\ti-cgt-arm_20.2.5.LTS\lib\</path>
         <kind>archive</kind>
         <file>rtsv7M4_T_le_v4SPD16_eabi.lib</file>
         <name>strcat.c.obj</name>
      </input_file>
      <input_file id="fl-d4">
         <path>C:\ti\ccs1040\ccs\tools\compiler\ti-cgt-arm_20.2.5.LTS\lib\</path>
         <kind>archive</kind>
         <file>rtsv7M4_T_le_v4SPD16_eabi.lib</file>
         <name>strlen.c.obj</name>
      </input_file>
      <input_file id="fl-d5">
         <path>C:\ti\ccs1040\ccs\tools\compiler\ti-cgt-arm_20.2.5.LTS\lib\</path>
         <kind>archive</kind>
         <file>rtsv7M4_T_le_v4SPD16_eabi.lib</file>
         <name>strncat.c.obj</name>
      </input_file>
      <input_file id="fl-d6">
         <path>C:\ti\ccs1040\ccs\tools\compiler\ti-cgt-arm_20.2.5.LTS\lib\</path>
         <kind>archive</kind>
         <file>rtsv7M4_T_le_v4SPD16_eabi.lib</file>
         <name>boot_cortex_m.c.obj</name>
      </input_file>
      <input_file id="fl-d7">
         <path>C:\ti\ccs1040\ccs\tools\compiler\ti-cgt-arm_20.2.5.LTS\lib\</path>
         <kind>archive</kind>
         <file>rtsv7M4_T_le_v4SPD16_eabi.lib</file>
         <name>_printfi.c.obj</name>
      </input_file>
      <input_file id="fl-d8">
         <path>C:\ti\ccs1040\ccs\tools\compiler\ti-cgt-arm_20.2.5.LTS\lib\</path>
         <kind>archive</kind>
         <file>rtsv7M4_T_le_v4SPD16_eabi.lib</file>
         <name>s_frexp.c.obj</name>
      </input_file>
      <input_file id="fl-d9">
         <path>C:\ti\ccs1040\ccs\tools\compiler\ti-cgt-arm_20.2.5.LTS\lib\</path>
         <kind>archive</kind>
         <file>rtsv7M4_T_le_v4SPD16_eabi.lib</file>
         <name>s_scalbn.c.obj</name>
      </input_file>
      <input_file id="fl-da">
         <path>C:\ti\ccs1040\ccs\tools\compiler\ti-cgt-arm_20.2.5.LTS\lib\</path>
         <kind>archive</kind>
         <file>rtsv7M4_T_le_v4SPD16_eabi.lib</file>
         <name>wcslen.c.obj</name>
      </input_file>
      <input_file id="fl-db">
         <path>C:\ti\ccs1040\ccs\tools\compiler\ti-cgt-arm_20.2.5.LTS\lib\</path>
         <kind>archive</kind>
         <file>rtsv7M4_T_le_v4SPD16_eabi.lib</file>
         <name>fd_add_t2.asm.obj</name>
      </input_file>
      <input_file id="fl-dc">
         <path>C:\ti\ccs1040\ccs\tools\compiler\ti-cgt-arm_20.2.5.LTS\lib\</path>
         <kind>archive</kind>
         <file>rtsv7M4_T_le_v4SPD16_eabi.lib</file>
         <name>fd_cmp_t2.asm.obj</name>
      </input_file>
      <input_file id="fl-dd">
         <path>C:\ti\ccs1040\ccs\tools\compiler\ti-cgt-arm_20.2.5.LTS\lib\</path>
         <kind>archive</kind>
         <file>rtsv7M4_T_le_v4SPD16_eabi.lib</file>
         <name>fd_div_t2.asm.obj</name>
      </input_file>
      <input_file id="fl-de">
         <path>C:\ti\ccs1040\ccs\tools\compiler\ti-cgt-arm_20.2.5.LTS\lib\</path>
         <kind>archive</kind>
         <file>rtsv7M4_T_le_v4SPD16_eabi.lib</file>
         <name>fd_mul_t2.asm.obj</name>
      </input_file>
      <input_file id="fl-df">
         <path>C:\ti\ccs1040\ccs\tools\compiler\ti-cgt-arm_20.2.5.LTS\lib\</path>
         <kind>archive</kind>
         <file>rtsv7M4_T_le_v4SPD16_eabi.lib</file>
         <name>fd_toi_t2.asm.obj</name>
      </input_file>
      <input_file id="fl-e0">
         <path>C:\ti\ccs1040\ccs\tools\compiler\ti-cgt-arm_20.2.5.LTS\lib\</path>
         <kind>archive</kind>
         <file>rtsv7M4_T_le_v4SPD16_eabi.lib</file>
         <name>i_tofd_t2.asm.obj</name>
      </input_file>
      <input_file id="fl-e1">
         <path>C:\ti\ccs1040\ccs\tools\compiler\ti-cgt-arm_20.2.5.LTS\lib\</path>
         <kind>archive</kind>
         <file>rtsv7M4_T_le_v4SPD16_eabi.lib</file>
         <name>ull_div_t2.asm.obj</name>
      </input_file>
      <input_file id="fl-e2">
         <path>C:\ti\ccs1040\ccs\tools\compiler\ti-cgt-arm_20.2.5.LTS\lib\</path>
         <kind>archive</kind>
         <file>rtsv7M4_T_le_v4SPD16_eabi.lib</file>
         <name>autoinit.c.obj</name>
      </input_file>
      <input_file id="fl-e3">
         <path>C:\ti\ccs1040\ccs\tools\compiler\ti-cgt-arm_20.2.5.LTS\lib\</path>
         <kind>archive</kind>
         <file>rtsv7M4_T_le_v4SPD16_eabi.lib</file>
         <name>pre_init.c.obj</name>
      </input_file>
      <input_file id="fl-e4">
         <path>C:\ti\ccs1040\ccs\tools\compiler\ti-cgt-arm_20.2.5.LTS\lib\</path>
         <kind>archive</kind>
         <file>rtsv7M4_T_le_v4SPD16_eabi.lib</file>
         <name>cpy_tbl.c.obj</name>
      </input_file>
      <input_file id="fl-e5">
         <path>C:\ti\ccs1040\ccs\tools\compiler\ti-cgt-arm_20.2.5.LTS\lib\</path>
         <kind>archive</kind>
         <file>rtsv7M4_T_le_v4SPD16_eabi.lib</file>
         <name>exit.c.obj</name>
      </input_file>
      <input_file id="fl-e6">
         <path>C:\ti\ccs1040\ccs\tools\compiler\ti-cgt-arm_20.2.5.LTS\lib\</path>
         <kind>archive</kind>
         <file>rtsv7M4_T_le_v4SPD16_eabi.lib</file>
         <name>_lock.c.obj</name>
      </input_file>
      <input_file id="fl-e7">
         <path>C:\ti\ccs1040\ccs\tools\compiler\ti-cgt-arm_20.2.5.LTS\lib\</path>
         <kind>archive</kind>
         <file>rtsv7M4_T_le_v4SPD16_eabi.lib</file>
         <name>_ltoa.c.obj</name>
      </input_file>
      <input_file id="fl-e8">
         <path>C:\ti\ccs1040\ccs\tools\compiler\ti-cgt-arm_20.2.5.LTS\lib\</path>
         <kind>archive</kind>
         <file>rtsv7M4_T_le_v4SPD16_eabi.lib</file>
         <name>args_main.c.obj</name>
      </input_file>
      <input_file id="fl-e9">
         <path>C:\ti\ccs1040\ccs\tools\compiler\ti-cgt-arm_20.2.5.LTS\lib\</path>
         <kind>archive</kind>
         <file>rtsv7M4_T_le_v4SPD16_eabi.lib</file>
         <name>memccpy.c.obj</name>
      </input_file>
      <input_file id="fl-ea">
         <path>C:\ti\ccs1040\ccs\tools\compiler\ti-cgt-arm_20.2.5.LTS\lib\</path>
         <kind>archive</kind>
         <file>rtsv7M4_T_le_v4SPD16_eabi.lib</file>
         <name>strchr.c.obj</name>
      </input_file>
      <input_file id="fl-eb">
         <path>C:\ti\ccs1040\ccs\tools\compiler\ti-cgt-arm_20.2.5.LTS\lib\</path>
         <kind>archive</kind>
         <file>rtsv7M4_T_le_v4SPD16_eabi.lib</file>
         <name>errno.c.obj</name>
      </input_file>
      <input_file id="fl-ec">
         <path>C:\ti\ccs1040\ccs\tools\compiler\ti-cgt-arm_20.2.5.LTS\lib\</path>
         <kind>archive</kind>
         <file>rtsv7M4_T_le_v4SPD16_eabi.lib</file>
         <name>s_copysign.c.obj</name>
      </input_file>
      <input_file id="fl-ed">
         <path>C:\ti\ccs1040\ccs\tools\compiler\ti-cgt-arm_20.2.5.LTS\lib\</path>
         <kind>archive</kind>
         <file>rtsv7M4_T_le_v4SPD16_eabi.lib</file>
         <name>div0.asm.obj</name>
      </input_file>
   </input_file_list>
   <object_component_list>
      <object_component id="oc-26">
         <name>.intvecs:retain</name>
         <load_address>0x0</load_address>
         <run_address>0x0</run_address>
         <size>0xe4</size>
         <input_file_ref idref="fl-c"/>
      </object_component>
      <object_component id="oc-203">
         <name>.text:__TI_printfi</name>
         <load_address>0xe4</load_address>
         <run_address>0xe4</run_address>
         <size>0xa4e</size>
         <input_file_ref idref="fl-d7"/>
      </object_component>
      <object_component id="oc-33d">
         <name>.text</name>
         <load_address>0xb32</load_address>
         <run_address>0xb32</run_address>
         <size>0x2</size>
         <input_file_ref idref="fl-ed"/>
      </object_component>
      <object_component id="oc-10f">
         <name>.text</name>
         <load_address>0xb34</load_address>
         <run_address>0xb34</run_address>
         <size>0x62c</size>
         <input_file_ref idref="fl-3"/>
      </object_component>
      <object_component id="oc-6d">
         <name>.text</name>
         <load_address>0x1160</load_address>
         <run_address>0x1160</run_address>
         <size>0x3f0</size>
         <input_file_ref idref="fl-9"/>
      </object_component>
      <object_component id="oc-ca">
         <name>.text</name>
         <load_address>0x1550</load_address>
         <run_address>0x1550</run_address>
         <size>0x364</size>
         <input_file_ref idref="fl-10"/>
      </object_component>
      <object_component id="oc-ab">
         <name>.text</name>
         <load_address>0x18b4</load_address>
         <run_address>0x18b4</run_address>
         <size>0x334</size>
         <input_file_ref idref="fl-d"/>
      </object_component>
      <object_component id="oc-99">
         <name>.text</name>
         <load_address>0x1be8</load_address>
         <run_address>0x1be8</run_address>
         <size>0x290</size>
         <input_file_ref idref="fl-a"/>
      </object_component>
      <object_component id="oc-27a">
         <name>.text:_pconv_a</name>
         <load_address>0x1e78</load_address>
         <run_address>0x1e78</run_address>
         <size>0x270</size>
         <input_file_ref idref="fl-d7"/>
      </object_component>
      <object_component id="oc-268">
         <name>.text:_pconv_g</name>
         <load_address>0x20e8</load_address>
         <run_address>0x20e8</run_address>
         <size>0x1d0</size>
         <input_file_ref idref="fl-d7"/>
      </object_component>
      <object_component id="oc-2e7">
         <name>.text</name>
         <load_address>0x22b8</load_address>
         <run_address>0x22b8</run_address>
         <size>0x1b6</size>
         <input_file_ref idref="fl-db"/>
      </object_component>
      <object_component id="oc-1c7">
         <name>.text</name>
         <load_address>0x2470</load_address>
         <run_address>0x2470</run_address>
         <size>0x190</size>
         <input_file_ref idref="fl-6"/>
      </object_component>
      <object_component id="oc-be">
         <name>.text</name>
         <load_address>0x2600</load_address>
         <run_address>0x2600</run_address>
         <size>0x18c</size>
         <input_file_ref idref="fl-7"/>
      </object_component>
      <object_component id="oc-c4">
         <name>.text</name>
         <load_address>0x278c</load_address>
         <run_address>0x278c</run_address>
         <size>0x18c</size>
         <input_file_ref idref="fl-f"/>
      </object_component>
      <object_component id="oc-b2">
         <name>.text</name>
         <load_address>0x2918</load_address>
         <run_address>0x2918</run_address>
         <size>0x156</size>
         <input_file_ref idref="fl-2"/>
      </object_component>
      <object_component id="oc-274">
         <name>.text:_pconv_e</name>
         <load_address>0x2a70</load_address>
         <run_address>0x2a70</run_address>
         <size>0x13c</size>
         <input_file_ref idref="fl-d7"/>
      </object_component>
      <object_component id="oc-2cd">
         <name>.text</name>
         <load_address>0x2bac</load_address>
         <run_address>0x2bac</run_address>
         <size>0x136</size>
         <input_file_ref idref="fl-dd"/>
      </object_component>
      <object_component id="oc-2f9">
         <name>.text:fcvt</name>
         <load_address>0x2ce4</load_address>
         <run_address>0x2ce4</run_address>
         <size>0x124</size>
         <input_file_ref idref="fl-d7"/>
      </object_component>
      <object_component id="oc-30d">
         <name>.text:scalbn</name>
         <load_address>0x2e08</load_address>
         <run_address>0x2e08</run_address>
         <size>0x110</size>
         <input_file_ref idref="fl-d9"/>
      </object_component>
      <object_component id="oc-2c8">
         <name>.text</name>
         <load_address>0x2f18</load_address>
         <run_address>0x2f18</run_address>
         <size>0xfc</size>
         <input_file_ref idref="fl-de"/>
      </object_component>
      <object_component id="oc-109">
         <name>.text</name>
         <load_address>0x3014</load_address>
         <run_address>0x3014</run_address>
         <size>0xc8</size>
         <input_file_ref idref="fl-8"/>
      </object_component>
      <object_component id="oc-25d">
         <name>.text:_ltostr</name>
         <load_address>0x30dc</load_address>
         <run_address>0x30dc</run_address>
         <size>0xb1</size>
         <input_file_ref idref="fl-d7"/>
      </object_component>
      <object_component id="oc-103">
         <name>.text</name>
         <load_address>0x3190</load_address>
         <run_address>0x3190</run_address>
         <size>0xa0</size>
         <input_file_ref idref="fl-5"/>
      </object_component>
      <object_component id="oc-37">
         <name>.text</name>
         <load_address>0x3230</load_address>
         <run_address>0x3230</run_address>
         <size>0x9c</size>
         <input_file_ref idref="fl-cc"/>
      </object_component>
      <object_component id="oc-2c1">
         <name>.text</name>
         <load_address>0x32cc</load_address>
         <run_address>0x32cc</run_address>
         <size>0x96</size>
         <input_file_ref idref="fl-e1"/>
      </object_component>
      <object_component id="oc-263">
         <name>.text:__aeabi_cdcmple</name>
         <load_address>0x3362</load_address>
         <run_address>0x3362</run_address>
         <size>0x86</size>
         <input_file_ref idref="fl-dc"/>
      </object_component>
      <object_component id="oc-2d2">
         <name>.text:__aeabi_cdrcmple</name>
         <load_address>0x33e8</load_address>
         <run_address>0x33e8</run_address>
         <size>0x86</size>
         <input_file_ref idref="fl-dc"/>
      </object_component>
      <object_component id="oc-b8">
         <name>.text</name>
         <load_address>0x3470</load_address>
         <run_address>0x3470</run_address>
         <size>0x84</size>
         <input_file_ref idref="fl-e"/>
      </object_component>
      <object_component id="oc-1c1">
         <name>.text</name>
         <load_address>0x34f4</load_address>
         <run_address>0x34f4</run_address>
         <size>0x7c</size>
         <input_file_ref idref="fl-b"/>
      </object_component>
      <object_component id="oc-8d">
         <name>.text</name>
         <load_address>0x3570</load_address>
         <run_address>0x3570</run_address>
         <size>0x7a</size>
         <input_file_ref idref="fl-cd"/>
      </object_component>
      <object_component id="oc-1d0">
         <name>.text</name>
         <load_address>0x35ec</load_address>
         <run_address>0x35ec</run_address>
         <size>0x70</size>
         <input_file_ref idref="fl-4"/>
      </object_component>
      <object_component id="oc-2f2">
         <name>.text:_mcpy</name>
         <load_address>0x365c</load_address>
         <run_address>0x365c</run_address>
         <size>0x6e</size>
         <input_file_ref idref="fl-d7"/>
      </object_component>
      <object_component id="oc-17">
         <name>.text:decompress:lzss:__TI_decompress_lzss</name>
         <load_address>0x36ca</load_address>
         <run_address>0x36ca</run_address>
         <size>0x68</size>
         <input_file_ref idref="fl-d0"/>
      </object_component>
      <object_component id="oc-307">
         <name>.text:frexp</name>
         <load_address>0x3734</load_address>
         <run_address>0x3734</run_address>
         <size>0x64</size>
         <input_file_ref idref="fl-d8"/>
      </object_component>
      <object_component id="oc-26e">
         <name>.text:_pconv_f</name>
         <load_address>0x3798</load_address>
         <run_address>0x3798</run_address>
         <size>0x56</size>
         <input_file_ref idref="fl-d7"/>
      </object_component>
      <object_component id="oc-2dc">
         <name>.text:__TI_ltoa</name>
         <load_address>0x37ee</load_address>
         <run_address>0x37ee</run_address>
         <size>0x54</size>
         <input_file_ref idref="fl-e7"/>
      </object_component>
      <object_component id="oc-2ec">
         <name>.text:_ecpy</name>
         <load_address>0x3842</load_address>
         <run_address>0x3842</run_address>
         <size>0x52</size>
         <input_file_ref idref="fl-d7"/>
      </object_component>
      <object_component id="oc-183">
         <name>.text:atoi</name>
         <load_address>0x3894</load_address>
         <run_address>0x3894</run_address>
         <size>0x4c</size>
         <input_file_ref idref="fl-d1"/>
      </object_component>
      <object_component id="oc-2d7">
         <name>.text</name>
         <load_address>0x38e0</load_address>
         <run_address>0x38e0</run_address>
         <size>0x48</size>
         <input_file_ref idref="fl-df"/>
      </object_component>
      <object_component id="oc-125">
         <name>.text:__TI_auto_init_nobinit_nopinit:__TI_auto_init_nobinit_nopinit</name>
         <load_address>0x3928</load_address>
         <run_address>0x3928</run_address>
         <size>0x44</size>
         <input_file_ref idref="fl-e2"/>
      </object_component>
      <object_component id="oc-171">
         <name>.text:sprintf</name>
         <load_address>0x396c</load_address>
         <run_address>0x396c</run_address>
         <size>0x40</size>
         <input_file_ref idref="fl-ca"/>
      </object_component>
      <object_component id="oc-2ff">
         <name>.text:_fcpy</name>
         <load_address>0x39ac</load_address>
         <run_address>0x39ac</run_address>
         <size>0x3e</size>
         <input_file_ref idref="fl-d7"/>
      </object_component>
      <object_component id="oc-16c">
         <name>.text</name>
         <load_address>0x39ea</load_address>
         <run_address>0x39ea</run_address>
         <size>0x38</size>
         <input_file_ref idref="fl-cb"/>
      </object_component>
      <object_component id="oc-55">
         <name>.text:_c_int00_noargs:_c_int00_noargs</name>
         <load_address>0x3a24</load_address>
         <run_address>0x3a24</run_address>
         <size>0x34</size>
         <input_file_ref idref="fl-d6"/>
      </object_component>
      <object_component id="oc-2e2">
         <name>.text</name>
         <load_address>0x3a58</load_address>
         <run_address>0x3a58</run_address>
         <size>0x2e</size>
         <input_file_ref idref="fl-e0"/>
      </object_component>
      <object_component id="oc-189">
         <name>.text:strncat</name>
         <load_address>0x3a86</load_address>
         <run_address>0x3a86</run_address>
         <size>0x2e</size>
         <input_file_ref idref="fl-d5"/>
      </object_component>
      <object_component id="oc-17d">
         <name>.text:strcat</name>
         <load_address>0x3ab4</load_address>
         <run_address>0x3ab4</run_address>
         <size>0x1e</size>
         <input_file_ref idref="fl-d3"/>
      </object_component>
      <object_component id="oc-280">
         <name>.text:memccpy</name>
         <load_address>0x3ad2</load_address>
         <run_address>0x3ad2</run_address>
         <size>0x1c</size>
         <input_file_ref idref="fl-e9"/>
      </object_component>
      <object_component id="oc-356">
         <name>.text:copysign</name>
         <load_address>0x3aee</load_address>
         <run_address>0x3aee</run_address>
         <size>0x1a</size>
         <input_file_ref idref="fl-ec"/>
      </object_component>
      <object_component id="oc-209">
         <name>.text:_outs</name>
         <load_address>0x3b08</load_address>
         <run_address>0x3b08</run_address>
         <size>0x18</size>
         <input_file_ref idref="fl-ca"/>
      </object_component>
      <object_component id="oc-313">
         <name>.text:strchr</name>
         <load_address>0x3b20</load_address>
         <run_address>0x3b20</run_address>
         <size>0x16</size>
         <input_file_ref idref="fl-ea"/>
      </object_component>
      <object_component id="oc-177">
         <name>.text:strlen</name>
         <load_address>0x3b36</load_address>
         <run_address>0x3b36</run_address>
         <size>0x14</size>
         <input_file_ref idref="fl-d4"/>
      </object_component>
      <object_component id="oc-286">
         <name>.text:wcslen</name>
         <load_address>0x3b4a</load_address>
         <run_address>0x3b4a</run_address>
         <size>0x12</size>
         <input_file_ref idref="fl-da"/>
      </object_component>
      <object_component id="oc-1d">
         <name>.text:decompress:none:__TI_decompress_none</name>
         <load_address>0x3b5c</load_address>
         <run_address>0x3b5c</run_address>
         <size>0xe</size>
         <input_file_ref idref="fl-cf"/>
      </object_component>
      <object_component id="oc-67">
         <name>.text</name>
         <load_address>0x3b6a</load_address>
         <run_address>0x3b6a</run_address>
         <size>0xe</size>
         <input_file_ref idref="fl-c"/>
      </object_component>
      <object_component id="oc-49">
         <name>.text:decompress:ZI:__TI_zero_init</name>
         <load_address>0x3b78</load_address>
         <run_address>0x3b78</run_address>
         <size>0xc</size>
         <input_file_ref idref="fl-ce"/>
      </object_component>
      <object_component id="oc-20f">
         <name>.text:_outc</name>
         <load_address>0x3b84</load_address>
         <run_address>0x3b84</run_address>
         <size>0xa</size>
         <input_file_ref idref="fl-ca"/>
      </object_component>
      <object_component id="oc-28c">
         <name>.text:__aeabi_errno_addr</name>
         <load_address>0x3b90</load_address>
         <run_address>0x3b90</run_address>
         <size>0x8</size>
         <input_file_ref idref="fl-eb"/>
      </object_component>
      <object_component id="oc-93">
         <name>.text:_system_pre_init</name>
         <load_address>0x3b98</load_address>
         <run_address>0x3b98</run_address>
         <size>0x4</size>
         <input_file_ref idref="fl-e3"/>
      </object_component>
      <object_component id="oc-119">
         <name>.text:abort:abort</name>
         <load_address>0x3b9c</load_address>
         <run_address>0x3b9c</run_address>
         <size>0x4</size>
         <input_file_ref idref="fl-e5"/>
      </object_component>
      <object_component id="oc-220">
         <name>.const:.string:_ctypes_</name>
         <load_address>0x3ba0</load_address>
         <run_address>0x3ba0</run_address>
         <size>0x101</size>
         <input_file_ref idref="fl-d2"/>
      </object_component>
      <object_component id="oc-234">
         <name>.const:sin_lookup</name>
         <load_address>0x3ca2</load_address>
         <run_address>0x3ca2</run_address>
         <size>0x42</size>
         <input_file_ref idref="fl-6"/>
      </object_component>
      <object_component id="oc-3b2">
         <name>.cinit..data.load</name>
         <load_address>0x3ce8</load_address>
         <run_address>0x3ce8</run_address>
         <size>0x1b</size>
      </object_component>
      <object_component id="oc-3b0">
         <name>__TI_handler_table</name>
         <load_address>0x3d04</load_address>
         <run_address>0x3d04</run_address>
         <size>0xc</size>
      </object_component>
      <object_component id="oc-3b3">
         <name>.cinit..bss.load</name>
         <load_address>0x3d10</load_address>
         <run_address>0x3d10</run_address>
         <size>0x8</size>
      </object_component>
      <object_component id="oc-3b1">
         <name>__TI_cinit_table</name>
         <load_address>0x3d18</load_address>
         <run_address>0x3d18</run_address>
         <size>0x10</size>
      </object_component>
      <object_component id="oc-384">
         <name>.binit</name>
         <load_address>0x0</load_address>
         <run_address>0x0</run_address>
         <size>0x0</size>
      </object_component>
      <object_component id="oc-de">
         <name>.data</name>
         <load_address>0x20000c3a</load_address>
         <run_address>0x20000c3a</run_address>
         <size>0x4</size>
         <input_file_ref idref="fl-8"/>
      </object_component>
      <object_component id="oc-d4">
         <name>.data</name>
         <load_address>0x20000c30</load_address>
         <run_address>0x20000c30</run_address>
         <size>0xa</size>
         <input_file_ref idref="fl-9"/>
      </object_component>
      <object_component id="oc-db">
         <name>.data</name>
         <load_address>0x20000c44</load_address>
         <run_address>0x20000c44</run_address>
         <size>0x4</size>
         <input_file_ref idref="fl-b"/>
      </object_component>
      <object_component id="oc-157">
         <name>.data</name>
         <load_address>0x20000c48</load_address>
         <run_address>0x20000c48</run_address>
         <size>0x4</size>
         <input_file_ref idref="fl-d"/>
      </object_component>
      <object_component id="oc-168">
         <name>.data</name>
         <load_address>0x20000c4c</load_address>
         <run_address>0x20000c4c</run_address>
         <size>0x4</size>
         <input_file_ref idref="fl-f"/>
      </object_component>
      <object_component id="oc-190">
         <name>.data:input_raw$1</name>
         <load_address>0x20000830</load_address>
         <run_address>0x20000830</run_address>
         <size>0x400</size>
         <input_file_ref idref="fl-10"/>
      </object_component>
      <object_component id="oc-18f">
         <name>.data</name>
         <load_address>0x20000c50</load_address>
         <run_address>0x20000c50</run_address>
         <size>0x4</size>
         <input_file_ref idref="fl-10"/>
      </object_component>
      <object_component id="oc-323">
         <name>.data</name>
         <load_address>0x20000c40</load_address>
         <run_address>0x20000c40</run_address>
         <size>0x4</size>
         <input_file_ref idref="fl-eb"/>
      </object_component>
      <object_component id="oc-191">
         <name>.bss</name>
         <uninitialized>true</uninitialized>
         <run_address>0x20000820</run_address>
         <size>0x4</size>
         <input_file_ref idref="fl-10"/>
      </object_component>
      <object_component id="oc-d3">
         <name>.common:cbfifo_transmit_uart0</name>
         <uninitialized>true</uninitialized>
         <run_address>0x20000410</run_address>
         <size>0x410</size>
      </object_component>
      <object_component id="oc-d0">
         <name>.common:cbfifo_receive_uart0</name>
         <uninitialized>true</uninitialized>
         <run_address>0x20000000</run_address>
         <size>0x410</size>
      </object_component>
      <object_component id="oc-115">
         <name>.common:generate_sine_wave_form</name>
         <uninitialized>true</uninitialized>
         <run_address>0x2000082c</run_address>
         <size>0x1</size>
      </object_component>
      <object_component id="oc-d7">
         <name>.common:temp</name>
         <uninitialized>true</uninitialized>
         <run_address>0x20000828</run_address>
         <size>0x4</size>
      </object_component>
      <object_component id="oc-da">
         <name>.common:IntDegF</name>
         <uninitialized>true</uninitialized>
         <run_address>0x20000824</run_address>
         <size>0x4</size>
      </object_component>
      <object_component id="oc-29">
         <name>.stack</name>
         <uninitialized>true</uninitialized>
         <run_address>0x2000fe00</run_address>
         <size>0x4</size>
         <input_file_ref idref="fl-d6"/>
      </object_component>
      <object_component id="oc-3b5">
         <name>.stack</name>
         <uninitialized>true</uninitialized>
         <run_address>0x2000fe00</run_address>
         <size>0x0</size>
      </object_component>
      <object_component id="oc-d1">
         <name>.debug_info</name>
         <load_address>0x0</load_address>
         <run_address>0x0</run_address>
         <size>0x2fe</size>
         <input_file_ref idref="fl-2"/>
      </object_component>
      <object_component id="oc-b4">
         <name>.debug_info</name>
         <load_address>0x2fe</load_address>
         <run_address>0x2fe</run_address>
         <size>0x3f0</size>
         <input_file_ref idref="fl-2"/>
      </object_component>
      <object_component id="oc-15c">
         <name>.debug_info</name>
         <load_address>0x6ee</load_address>
         <run_address>0x6ee</run_address>
         <size>0x110</size>
         <input_file_ref idref="fl-2"/>
      </object_component>
      <object_component id="oc-ee">
         <name>.debug_info</name>
         <load_address>0x7fe</load_address>
         <run_address>0x7fe</run_address>
         <size>0x26b</size>
         <input_file_ref idref="fl-2"/>
      </object_component>
      <object_component id="oc-e2">
         <name>.debug_info</name>
         <load_address>0xa69</load_address>
         <run_address>0xa69</run_address>
         <size>0x8b</size>
         <input_file_ref idref="fl-2"/>
      </object_component>
      <object_component id="oc-1bc">
         <name>.debug_info</name>
         <load_address>0xaf4</load_address>
         <run_address>0xaf4</run_address>
         <size>0x2a4</size>
         <input_file_ref idref="fl-2"/>
      </object_component>
      <object_component id="oc-e7">
         <name>.debug_info</name>
         <load_address>0xd98</load_address>
         <run_address>0xd98</run_address>
         <size>0xbb</size>
         <input_file_ref idref="fl-2"/>
      </object_component>
      <object_component id="oc-22e">
         <name>.debug_info</name>
         <load_address>0xe53</load_address>
         <run_address>0xe53</run_address>
         <size>0x96</size>
         <input_file_ref idref="fl-2"/>
      </object_component>
      <object_component id="oc-196">
         <name>.debug_info</name>
         <load_address>0xee9</load_address>
         <run_address>0xee9</run_address>
         <size>0x2c</size>
         <input_file_ref idref="fl-2"/>
      </object_component>
      <object_component id="oc-116">
         <name>.debug_info</name>
         <load_address>0xf15</load_address>
         <run_address>0xf15</run_address>
         <size>0x780</size>
         <input_file_ref idref="fl-3"/>
      </object_component>
      <object_component id="oc-110">
         <name>.debug_info</name>
         <load_address>0x1695</load_address>
         <run_address>0x1695</run_address>
         <size>0x5d1</size>
         <input_file_ref idref="fl-3"/>
      </object_component>
      <object_component id="oc-1ae">
         <name>.debug_info</name>
         <load_address>0x1c66</load_address>
         <run_address>0x1c66</run_address>
         <size>0x1055</size>
         <input_file_ref idref="fl-3"/>
      </object_component>
      <object_component id="oc-1a9">
         <name>.debug_info</name>
         <load_address>0x2cbb</load_address>
         <run_address>0x2cbb</run_address>
         <size>0x37e2</size>
         <input_file_ref idref="fl-3"/>
      </object_component>
      <object_component id="oc-229">
         <name>.debug_info</name>
         <load_address>0x649d</load_address>
         <run_address>0x649d</run_address>
         <size>0xcc</size>
         <input_file_ref idref="fl-3"/>
      </object_component>
      <object_component id="oc-217">
         <name>.debug_info</name>
         <load_address>0x6569</load_address>
         <run_address>0x6569</run_address>
         <size>0x2c</size>
         <input_file_ref idref="fl-3"/>
      </object_component>
      <object_component id="oc-1d9">
         <name>.debug_info</name>
         <load_address>0x6595</load_address>
         <run_address>0x6595</run_address>
         <size>0x35</size>
         <input_file_ref idref="fl-3"/>
      </object_component>
      <object_component id="oc-163">
         <name>.debug_info</name>
         <load_address>0x65ca</load_address>
         <run_address>0x65ca</run_address>
         <size>0x82</size>
         <input_file_ref idref="fl-3"/>
      </object_component>
      <object_component id="oc-1a2">
         <name>.debug_info</name>
         <load_address>0x664c</load_address>
         <run_address>0x664c</run_address>
         <size>0x4c</size>
         <input_file_ref idref="fl-3"/>
      </object_component>
      <object_component id="oc-23b">
         <name>.debug_info</name>
         <load_address>0x6698</load_address>
         <run_address>0x6698</run_address>
         <size>0x528</size>
         <input_file_ref idref="fl-4"/>
      </object_component>
      <object_component id="oc-1d3">
         <name>.debug_info</name>
         <load_address>0x6bc0</load_address>
         <run_address>0x6bc0</run_address>
         <size>0x123</size>
         <input_file_ref idref="fl-4"/>
      </object_component>
      <object_component id="oc-32">
         <name>.debug_info</name>
         <load_address>0x6ce3</load_address>
         <run_address>0x6ce3</run_address>
         <size>0x84</size>
         <input_file_ref idref="fl-4"/>
      </object_component>
      <object_component id="oc-104">
         <name>.debug_info</name>
         <load_address>0x6d67</load_address>
         <run_address>0x6d67</run_address>
         <size>0x1a9</size>
         <input_file_ref idref="fl-5"/>
      </object_component>
      <object_component id="oc-1b3">
         <name>.debug_info</name>
         <load_address>0x6f10</load_address>
         <run_address>0x6f10</run_address>
         <size>0x35</size>
         <input_file_ref idref="fl-5"/>
      </object_component>
      <object_component id="oc-2af">
         <name>.debug_info</name>
         <load_address>0x6f45</load_address>
         <run_address>0x6f45</run_address>
         <size>0x26c</size>
         <input_file_ref idref="fl-6"/>
      </object_component>
      <object_component id="oc-235">
         <name>.debug_info</name>
         <load_address>0x71b1</load_address>
         <run_address>0x71b1</run_address>
         <size>0xd1</size>
         <input_file_ref idref="fl-6"/>
      </object_component>
      <object_component id="oc-1c8">
         <name>.debug_info</name>
         <load_address>0x7282</load_address>
         <run_address>0x7282</run_address>
         <size>0x1f1</size>
         <input_file_ref idref="fl-6"/>
      </object_component>
      <object_component id="oc-c0">
         <name>.debug_info</name>
         <load_address>0x7473</load_address>
         <run_address>0x7473</run_address>
         <size>0x1d0</size>
         <input_file_ref idref="fl-7"/>
      </object_component>
      <object_component id="oc-1cf">
         <name>.debug_info</name>
         <load_address>0x7643</load_address>
         <run_address>0x7643</run_address>
         <size>0x561</size>
         <input_file_ref idref="fl-8"/>
      </object_component>
      <object_component id="oc-df">
         <name>.debug_info</name>
         <load_address>0x7ba4</load_address>
         <run_address>0x7ba4</run_address>
         <size>0xf7</size>
         <input_file_ref idref="fl-8"/>
      </object_component>
      <object_component id="oc-10a">
         <name>.debug_info</name>
         <load_address>0x7c9b</load_address>
         <run_address>0x7c9b</run_address>
         <size>0x1b2</size>
         <input_file_ref idref="fl-8"/>
      </object_component>
      <object_component id="oc-d8">
         <name>.debug_info</name>
         <load_address>0x7e4d</load_address>
         <run_address>0x7e4d</run_address>
         <size>0x859</size>
         <input_file_ref idref="fl-9"/>
      </object_component>
      <object_component id="oc-d5">
         <name>.debug_info</name>
         <load_address>0x86a6</load_address>
         <run_address>0x86a6</run_address>
         <size>0x1ed</size>
         <input_file_ref idref="fl-9"/>
      </object_component>
      <object_component id="oc-6f">
         <name>.debug_info</name>
         <load_address>0x8893</load_address>
         <run_address>0x8893</run_address>
         <size>0x600</size>
         <input_file_ref idref="fl-9"/>
      </object_component>
      <object_component id="oc-19d">
         <name>.debug_info</name>
         <load_address>0x8e93</load_address>
         <run_address>0x8e93</run_address>
         <size>0x55</size>
         <input_file_ref idref="fl-9"/>
      </object_component>
      <object_component id="oc-9b">
         <name>.debug_info</name>
         <load_address>0x8ee8</load_address>
         <run_address>0x8ee8</run_address>
         <size>0x2e7</size>
         <input_file_ref idref="fl-a"/>
      </object_component>
      <object_component id="oc-dc">
         <name>.debug_info</name>
         <load_address>0x91cf</load_address>
         <run_address>0x91cf</run_address>
         <size>0xf7</size>
         <input_file_ref idref="fl-b"/>
      </object_component>
      <object_component id="oc-1c2">
         <name>.debug_info</name>
         <load_address>0x92c6</load_address>
         <run_address>0x92c6</run_address>
         <size>0x152</size>
         <input_file_ref idref="fl-b"/>
      </object_component>
      <object_component id="oc-75">
         <name>.debug_info</name>
         <load_address>0x9418</load_address>
         <run_address>0x9418</run_address>
         <size>0x2c2</size>
         <input_file_ref idref="fl-c"/>
      </object_component>
      <object_component id="oc-27">
         <name>.debug_info</name>
         <load_address>0x96da</load_address>
         <run_address>0x96da</run_address>
         <size>0xee</size>
         <input_file_ref idref="fl-c"/>
      </object_component>
      <object_component id="oc-68">
         <name>.debug_info</name>
         <load_address>0x97c8</load_address>
         <run_address>0x97c8</run_address>
         <size>0x1b5</size>
         <input_file_ref idref="fl-c"/>
      </object_component>
      <object_component id="oc-158">
         <name>.debug_info</name>
         <load_address>0x997d</load_address>
         <run_address>0x997d</run_address>
         <size>0xe7</size>
         <input_file_ref idref="fl-d"/>
      </object_component>
      <object_component id="oc-af">
         <name>.debug_info</name>
         <load_address>0x9a64</load_address>
         <run_address>0x9a64</run_address>
         <size>0x259</size>
         <input_file_ref idref="fl-d"/>
      </object_component>
      <object_component id="oc-bb">
         <name>.debug_info</name>
         <load_address>0x9cbd</load_address>
         <run_address>0x9cbd</run_address>
         <size>0x156</size>
         <input_file_ref idref="fl-e"/>
      </object_component>
      <object_component id="oc-169">
         <name>.debug_info</name>
         <load_address>0x9e13</load_address>
         <run_address>0x9e13</run_address>
         <size>0xd8</size>
         <input_file_ref idref="fl-f"/>
      </object_component>
      <object_component id="oc-c8">
         <name>.debug_info</name>
         <load_address>0x9eeb</load_address>
         <run_address>0x9eeb</run_address>
         <size>0x378</size>
         <input_file_ref idref="fl-f"/>
      </object_component>
      <object_component id="oc-193">
         <name>.debug_info</name>
         <load_address>0xa263</load_address>
         <run_address>0xa263</run_address>
         <size>0x7d6</size>
         <input_file_ref idref="fl-10"/>
      </object_component>
      <object_component id="oc-cb">
         <name>.debug_info</name>
         <load_address>0xaa39</load_address>
         <run_address>0xaa39</run_address>
         <size>0x711</size>
         <input_file_ref idref="fl-10"/>
      </object_component>
      <object_component id="oc-216">
         <name>.debug_info</name>
         <load_address>0xb14a</load_address>
         <run_address>0xb14a</run_address>
         <size>0x333</size>
         <input_file_ref idref="fl-ca"/>
      </object_component>
      <object_component id="oc-173">
         <name>.debug_info</name>
         <load_address>0xb47d</load_address>
         <run_address>0xb47d</run_address>
         <size>0x1d1</size>
         <input_file_ref idref="fl-ca"/>
      </object_component>
      <object_component id="oc-20c">
         <name>.debug_info</name>
         <load_address>0xb64e</load_address>
         <run_address>0xb64e</run_address>
         <size>0x18d</size>
         <input_file_ref idref="fl-ca"/>
      </object_component>
      <object_component id="oc-212">
         <name>.debug_info</name>
         <load_address>0xb7db</load_address>
         <run_address>0xb7db</run_address>
         <size>0x16d</size>
         <input_file_ref idref="fl-ca"/>
      </object_component>
      <object_component id="oc-32a">
         <name>.debug_info</name>
         <load_address>0xb948</load_address>
         <run_address>0xb948</run_address>
         <size>0x2c</size>
         <input_file_ref idref="fl-ca"/>
      </object_component>
      <object_component id="oc-16e">
         <name>.debug_info</name>
         <load_address>0xb974</load_address>
         <run_address>0xb974</run_address>
         <size>0x12c</size>
         <input_file_ref idref="fl-cb"/>
      </object_component>
      <object_component id="oc-38">
         <name>.debug_info</name>
         <load_address>0xbaa0</load_address>
         <run_address>0xbaa0</run_address>
         <size>0x119</size>
         <input_file_ref idref="fl-cc"/>
      </object_component>
      <object_component id="oc-8e">
         <name>.debug_info</name>
         <load_address>0xbbb9</load_address>
         <run_address>0xbbb9</run_address>
         <size>0x147</size>
         <input_file_ref idref="fl-cd"/>
      </object_component>
      <object_component id="oc-8c">
         <name>.debug_info</name>
         <load_address>0xbd00</load_address>
         <run_address>0xbd00</run_address>
         <size>0x2d4</size>
         <input_file_ref idref="fl-ce"/>
      </object_component>
      <object_component id="oc-4a">
         <name>.debug_info</name>
         <load_address>0xbfd4</load_address>
         <run_address>0xbfd4</run_address>
         <size>0x1b5</size>
         <input_file_ref idref="fl-ce"/>
      </object_component>
      <object_component id="oc-87">
         <name>.debug_info</name>
         <load_address>0xc189</load_address>
         <run_address>0xc189</run_address>
         <size>0x46</size>
         <input_file_ref idref="fl-ce"/>
      </object_component>
      <object_component id="oc-fa">
         <name>.debug_info</name>
         <load_address>0xc1cf</load_address>
         <run_address>0xc1cf</run_address>
         <size>0x2c</size>
         <input_file_ref idref="fl-ce"/>
      </object_component>
      <object_component id="oc-42">
         <name>.debug_info</name>
         <load_address>0xc1fb</load_address>
         <run_address>0xc1fb</run_address>
         <size>0x2a8</size>
         <input_file_ref idref="fl-cf"/>
      </object_component>
      <object_component id="oc-21">
         <name>.debug_info</name>
         <load_address>0xc4a3</load_address>
         <run_address>0xc4a3</run_address>
         <size>0x1ea</size>
         <input_file_ref idref="fl-cf"/>
      </object_component>
      <object_component id="oc-3d">
         <name>.debug_info</name>
         <load_address>0xc68d</load_address>
         <run_address>0xc68d</run_address>
         <size>0x46</size>
         <input_file_ref idref="fl-cf"/>
      </object_component>
      <object_component id="oc-7f">
         <name>.debug_info</name>
         <load_address>0xc6d3</load_address>
         <run_address>0xc6d3</run_address>
         <size>0x2c</size>
         <input_file_ref idref="fl-cf"/>
      </object_component>
      <object_component id="oc-7d">
         <name>.debug_info</name>
         <load_address>0xc6ff</load_address>
         <run_address>0xc6ff</run_address>
         <size>0x29e</size>
         <input_file_ref idref="fl-d0"/>
      </object_component>
      <object_component id="oc-19">
         <name>.debug_info</name>
         <load_address>0xc99d</load_address>
         <run_address>0xc99d</run_address>
         <size>0x250</size>
         <input_file_ref idref="fl-d0"/>
      </object_component>
      <object_component id="oc-2d">
         <name>.debug_info</name>
         <load_address>0xcbed</load_address>
         <run_address>0xcbed</run_address>
         <size>0x60</size>
         <input_file_ref idref="fl-d0"/>
      </object_component>
      <object_component id="oc-f3">
         <name>.debug_info</name>
         <load_address>0xcc4d</load_address>
         <run_address>0xcc4d</run_address>
         <size>0x46</size>
         <input_file_ref idref="fl-d0"/>
      </object_component>
      <object_component id="oc-78">
         <name>.debug_info</name>
         <load_address>0xcc93</load_address>
         <run_address>0xcc93</run_address>
         <size>0x39</size>
         <input_file_ref idref="fl-d0"/>
      </object_component>
      <object_component id="oc-224">
         <name>.debug_info</name>
         <load_address>0xcccc</load_address>
         <run_address>0xcccc</run_address>
         <size>0x2b9</size>
         <input_file_ref idref="fl-d1"/>
      </object_component>
      <object_component id="oc-184">
         <name>.debug_info</name>
         <load_address>0xcf85</load_address>
         <run_address>0xcf85</run_address>
         <size>0x17c</size>
         <input_file_ref idref="fl-d1"/>
      </object_component>
      <object_component id="oc-2a8">
         <name>.debug_info</name>
         <load_address>0xd101</load_address>
         <run_address>0xd101</run_address>
         <size>0xf9</size>
         <input_file_ref idref="fl-d2"/>
      </object_component>
      <object_component id="oc-221">
         <name>.debug_info</name>
         <load_address>0xd1fa</load_address>
         <run_address>0xd1fa</run_address>
         <size>0x105</size>
         <input_file_ref idref="fl-d2"/>
      </object_component>
      <object_component id="oc-21f">
         <name>.debug_info</name>
         <load_address>0xd2ff</load_address>
         <run_address>0xd2ff</run_address>
         <size>0x2a4</size>
         <input_file_ref idref="fl-d3"/>
      </object_component>
      <object_component id="oc-17e">
         <name>.debug_info</name>
         <load_address>0xd5a3</load_address>
         <run_address>0xd5a3</run_address>
         <size>0x267</size>
         <input_file_ref idref="fl-d3"/>
      </object_component>
      <object_component id="oc-21d">
         <name>.debug_info</name>
         <load_address>0xd80a</load_address>
         <run_address>0xd80a</run_address>
         <size>0x28f</size>
         <input_file_ref idref="fl-d4"/>
      </object_component>
      <object_component id="oc-178">
         <name>.debug_info</name>
         <load_address>0xda99</load_address>
         <run_address>0xda99</run_address>
         <size>0x245</size>
         <input_file_ref idref="fl-d4"/>
      </object_component>
      <object_component id="oc-226">
         <name>.debug_info</name>
         <load_address>0xdcde</load_address>
         <run_address>0xdcde</run_address>
         <size>0x2af</size>
         <input_file_ref idref="fl-d5"/>
      </object_component>
      <object_component id="oc-18a">
         <name>.debug_info</name>
         <load_address>0xdf8d</load_address>
         <run_address>0xdf8d</run_address>
         <size>0x277</size>
         <input_file_ref idref="fl-d5"/>
      </object_component>
      <object_component id="oc-2a">
         <name>.debug_info</name>
         <load_address>0xe204</load_address>
         <run_address>0xe204</run_address>
         <size>0x10b</size>
         <input_file_ref idref="fl-d6"/>
      </object_component>
      <object_component id="oc-57">
         <name>.debug_info</name>
         <load_address>0xe30f</load_address>
         <run_address>0xe30f</run_address>
         <size>0x1a9</size>
         <input_file_ref idref="fl-d6"/>
      </object_component>
      <object_component id="oc-293">
         <name>.debug_info</name>
         <load_address>0xe4b8</load_address>
         <run_address>0xe4b8</run_address>
         <size>0x590</size>
         <input_file_ref idref="fl-d7"/>
      </object_component>
      <object_component id="oc-261">
         <name>.debug_info</name>
         <load_address>0xea48</load_address>
         <run_address>0xea48</run_address>
         <size>0x21e</size>
         <input_file_ref idref="fl-d7"/>
      </object_component>
      <object_component id="oc-2f0">
         <name>.debug_info</name>
         <load_address>0xec66</load_address>
         <run_address>0xec66</run_address>
         <size>0x1b3</size>
         <input_file_ref idref="fl-d7"/>
      </object_component>
      <object_component id="oc-2f6">
         <name>.debug_info</name>
         <load_address>0xee19</load_address>
         <run_address>0xee19</run_address>
         <size>0x21b</size>
         <input_file_ref idref="fl-d7"/>
      </object_component>
      <object_component id="oc-26c">
         <name>.debug_info</name>
         <load_address>0xf034</load_address>
         <run_address>0xf034</run_address>
         <size>0x3c0</size>
         <input_file_ref idref="fl-d7"/>
      </object_component>
      <object_component id="oc-2fd">
         <name>.debug_info</name>
         <load_address>0xf3f4</load_address>
         <run_address>0xf3f4</run_address>
         <size>0x30a</size>
         <input_file_ref idref="fl-d7"/>
      </object_component>
      <object_component id="oc-303">
         <name>.debug_info</name>
         <load_address>0xf6fe</load_address>
         <run_address>0xf6fe</run_address>
         <size>0x215</size>
         <input_file_ref idref="fl-d7"/>
      </object_component>
      <object_component id="oc-272">
         <name>.debug_info</name>
         <load_address>0xf913</load_address>
         <run_address>0xf913</run_address>
         <size>0x215</size>
         <input_file_ref idref="fl-d7"/>
      </object_component>
      <object_component id="oc-278">
         <name>.debug_info</name>
         <load_address>0xfb28</load_address>
         <run_address>0xfb28</run_address>
         <size>0x304</size>
         <input_file_ref idref="fl-d7"/>
      </object_component>
      <object_component id="oc-27e">
         <name>.debug_info</name>
         <load_address>0xfe2c</load_address>
         <run_address>0xfe2c</run_address>
         <size>0x4b5</size>
         <input_file_ref idref="fl-d7"/>
      </object_component>
      <object_component id="oc-207">
         <name>.debug_info</name>
         <load_address>0x102e1</load_address>
         <run_address>0x102e1</run_address>
         <size>0x5f4</size>
         <input_file_ref idref="fl-d7"/>
      </object_component>
      <object_component id="oc-294">
         <name>.debug_info</name>
         <load_address>0x108d5</load_address>
         <run_address>0x108d5</run_address>
         <size>0x86</size>
         <input_file_ref idref="fl-d7"/>
      </object_component>
      <object_component id="oc-32f">
         <name>.debug_info</name>
         <load_address>0x1095b</load_address>
         <run_address>0x1095b</run_address>
         <size>0x39</size>
         <input_file_ref idref="fl-d7"/>
      </object_component>
      <object_component id="oc-36d">
         <name>.debug_info</name>
         <load_address>0x10994</load_address>
         <run_address>0x10994</run_address>
         <size>0xb6</size>
         <input_file_ref idref="fl-d7"/>
      </object_component>
      <object_component id="oc-334">
         <name>.debug_info</name>
         <load_address>0x10a4a</load_address>
         <run_address>0x10a4a</run_address>
         <size>0x46</size>
         <input_file_ref idref="fl-d7"/>
      </object_component>
      <object_component id="oc-299">
         <name>.debug_info</name>
         <load_address>0x10a90</load_address>
         <run_address>0x10a90</run_address>
         <size>0x46</size>
         <input_file_ref idref="fl-d7"/>
      </object_component>
      <object_component id="oc-350">
         <name>.debug_info</name>
         <load_address>0x10ad6</load_address>
         <run_address>0x10ad6</run_address>
         <size>0x295</size>
         <input_file_ref idref="fl-d8"/>
      </object_component>
      <object_component id="oc-308">
         <name>.debug_info</name>
         <load_address>0x10d6b</load_address>
         <run_address>0x10d6b</run_address>
         <size>0x195</size>
         <input_file_ref idref="fl-d8"/>
      </object_component>
      <object_component id="oc-377">
         <name>.debug_info</name>
         <load_address>0x10f00</load_address>
         <run_address>0x10f00</run_address>
         <size>0x39</size>
         <input_file_ref idref="fl-d8"/>
      </object_component>
      <object_component id="oc-351">
         <name>.debug_info</name>
         <load_address>0x10f39</load_address>
         <run_address>0x10f39</run_address>
         <size>0x2c</size>
         <input_file_ref idref="fl-d8"/>
      </object_component>
      <object_component id="oc-35d">
         <name>.debug_info</name>
         <load_address>0x10f65</load_address>
         <run_address>0x10f65</run_address>
         <size>0x2f8</size>
         <input_file_ref idref="fl-d9"/>
      </object_component>
      <object_component id="oc-30f">
         <name>.debug_info</name>
         <load_address>0x1125d</load_address>
         <run_address>0x1125d</run_address>
         <size>0x225</size>
         <input_file_ref idref="fl-d9"/>
      </object_component>
      <object_component id="oc-322">
         <name>.debug_info</name>
         <load_address>0x11482</load_address>
         <run_address>0x11482</run_address>
         <size>0x28f</size>
         <input_file_ref idref="fl-da"/>
      </object_component>
      <object_component id="oc-287">
         <name>.debug_info</name>
         <load_address>0x11711</load_address>
         <run_address>0x11711</run_address>
         <size>0x15a</size>
         <input_file_ref idref="fl-da"/>
      </object_component>
      <object_component id="oc-362">
         <name>.debug_info</name>
         <load_address>0x1186b</load_address>
         <run_address>0x1186b</run_address>
         <size>0x46</size>
         <input_file_ref idref="fl-da"/>
      </object_component>
      <object_component id="oc-31d">
         <name>.debug_info</name>
         <load_address>0x118b1</load_address>
         <run_address>0x118b1</run_address>
         <size>0x39</size>
         <input_file_ref idref="fl-da"/>
      </object_component>
      <object_component id="oc-2e8">
         <name>.debug_info</name>
         <load_address>0x118ea</load_address>
         <run_address>0x118ea</run_address>
         <size>0x14c</size>
         <input_file_ref idref="fl-db"/>
      </object_component>
      <object_component id="oc-264">
         <name>.debug_info</name>
         <load_address>0x11a36</load_address>
         <run_address>0x11a36</run_address>
         <size>0x128</size>
         <input_file_ref idref="fl-dc"/>
      </object_component>
      <object_component id="oc-2d3">
         <name>.debug_info</name>
         <load_address>0x11b5e</load_address>
         <run_address>0x11b5e</run_address>
         <size>0x12a</size>
         <input_file_ref idref="fl-dc"/>
      </object_component>
      <object_component id="oc-2ce">
         <name>.debug_info</name>
         <load_address>0x11c88</load_address>
         <run_address>0x11c88</run_address>
         <size>0x13a</size>
         <input_file_ref idref="fl-dd"/>
      </object_component>
      <object_component id="oc-2c9">
         <name>.debug_info</name>
         <load_address>0x11dc2</load_address>
         <run_address>0x11dc2</run_address>
         <size>0x13a</size>
         <input_file_ref idref="fl-de"/>
      </object_component>
      <object_component id="oc-2d9">
         <name>.debug_info</name>
         <load_address>0x11efc</load_address>
         <run_address>0x11efc</run_address>
         <size>0x12e</size>
         <input_file_ref idref="fl-df"/>
      </object_component>
      <object_component id="oc-2e3">
         <name>.debug_info</name>
         <load_address>0x1202a</load_address>
         <run_address>0x1202a</run_address>
         <size>0x12c</size>
         <input_file_ref idref="fl-e0"/>
      </object_component>
      <object_component id="oc-2c3">
         <name>.debug_info</name>
         <load_address>0x12156</load_address>
         <run_address>0x12156</run_address>
         <size>0x134</size>
         <input_file_ref idref="fl-e1"/>
      </object_component>
      <object_component id="oc-1e9">
         <name>.debug_info</name>
         <load_address>0x1228a</load_address>
         <run_address>0x1228a</run_address>
         <size>0x4b3</size>
         <input_file_ref idref="fl-e2"/>
      </object_component>
      <object_component id="oc-126">
         <name>.debug_info</name>
         <load_address>0x1273d</load_address>
         <run_address>0x1273d</run_address>
         <size>0x1a6</size>
         <input_file_ref idref="fl-e2"/>
      </object_component>
      <object_component id="oc-24c">
         <name>.debug_info</name>
         <load_address>0x128e3</load_address>
         <run_address>0x128e3</run_address>
         <size>0x39</size>
         <input_file_ref idref="fl-e2"/>
      </object_component>
      <object_component id="oc-2b5">
         <name>.debug_info</name>
         <load_address>0x1291c</load_address>
         <run_address>0x1291c</run_address>
         <size>0x39</size>
         <input_file_ref idref="fl-e2"/>
      </object_component>
      <object_component id="oc-251">
         <name>.debug_info</name>
         <load_address>0x12955</load_address>
         <run_address>0x12955</run_address>
         <size>0x39</size>
         <input_file_ref idref="fl-e2"/>
      </object_component>
      <object_component id="oc-256">
         <name>.debug_info</name>
         <load_address>0x1298e</load_address>
         <run_address>0x1298e</run_address>
         <size>0xcd</size>
         <input_file_ref idref="fl-e2"/>
      </object_component>
      <object_component id="oc-94">
         <name>.debug_info</name>
         <load_address>0x12a5b</load_address>
         <run_address>0x12a5b</run_address>
         <size>0x153</size>
         <input_file_ref idref="fl-e3"/>
      </object_component>
      <object_component id="oc-11a">
         <name>.debug_info</name>
         <load_address>0x12bae</load_address>
         <run_address>0x12bae</run_address>
         <size>0x122</size>
         <input_file_ref idref="fl-e5"/>
      </object_component>
      <object_component id="oc-348">
         <name>.debug_info</name>
         <load_address>0x12cd0</load_address>
         <run_address>0x12cd0</run_address>
         <size>0x29c</size>
         <input_file_ref idref="fl-e7"/>
      </object_component>
      <object_component id="oc-2dd">
         <name>.debug_info</name>
         <load_address>0x12f6c</load_address>
         <run_address>0x12f6c</run_address>
         <size>0x1da</size>
         <input_file_ref idref="fl-e7"/>
      </object_component>
      <object_component id="oc-31b">
         <name>.debug_info</name>
         <load_address>0x13146</load_address>
         <run_address>0x13146</run_address>
         <size>0x2a7</size>
         <input_file_ref idref="fl-e9"/>
      </object_component>
      <object_component id="oc-281">
         <name>.debug_info</name>
         <load_address>0x133ed</load_address>
         <run_address>0x133ed</run_address>
         <size>0x1b8</size>
         <input_file_ref idref="fl-e9"/>
      </object_component>
      <object_component id="oc-35f">
         <name>.debug_info</name>
         <load_address>0x135a5</load_address>
         <run_address>0x135a5</run_address>
         <size>0x29a</size>
         <input_file_ref idref="fl-ea"/>
      </object_component>
      <object_component id="oc-315">
         <name>.debug_info</name>
         <load_address>0x1383f</load_address>
         <run_address>0x1383f</run_address>
         <size>0x262</size>
         <input_file_ref idref="fl-ea"/>
      </object_component>
      <object_component id="oc-327">
         <name>.debug_info</name>
         <load_address>0x13aa1</load_address>
         <run_address>0x13aa1</run_address>
         <size>0x289</size>
         <input_file_ref idref="fl-eb"/>
      </object_component>
      <object_component id="oc-324">
         <name>.debug_info</name>
         <load_address>0x13d2a</load_address>
         <run_address>0x13d2a</run_address>
         <size>0x10e</size>
         <input_file_ref idref="fl-eb"/>
      </object_component>
      <object_component id="oc-28e">
         <name>.debug_info</name>
         <load_address>0x13e38</load_address>
         <run_address>0x13e38</run_address>
         <size>0x14e</size>
         <input_file_ref idref="fl-eb"/>
      </object_component>
      <object_component id="oc-357">
         <name>.debug_info</name>
         <load_address>0x13f86</load_address>
         <run_address>0x13f86</run_address>
         <size>0x161</size>
         <input_file_ref idref="fl-ec"/>
      </object_component>
      <object_component id="oc-33e">
         <name>.debug_info</name>
         <load_address>0x140e7</load_address>
         <run_address>0x140e7</run_address>
         <size>0x115</size>
         <input_file_ref idref="fl-ed"/>
      </object_component>
      <object_component id="oc-3b6">
         <name>.debug_info</name>
         <load_address>0x141fc</load_address>
         <run_address>0x141fc</run_address>
         <size>0x9a</size>
      </object_component>
      <object_component id="oc-195">
         <name>.debug_line</name>
         <load_address>0x0</load_address>
         <run_address>0x0</run_address>
         <size>0x2f</size>
         <input_file_ref idref="fl-2"/>
      </object_component>
      <object_component id="oc-b7">
         <name>.debug_line</name>
         <load_address>0x2f</load_address>
         <run_address>0x2f</run_address>
         <size>0xe8</size>
         <input_file_ref idref="fl-2"/>
      </object_component>
      <object_component id="oc-15f">
         <name>.debug_line</name>
         <load_address>0x117</load_address>
         <run_address>0x117</run_address>
         <size>0x6b</size>
         <input_file_ref idref="fl-2"/>
      </object_component>
      <object_component id="oc-f1">
         <name>.debug_line</name>
         <load_address>0x182</load_address>
         <run_address>0x182</run_address>
         <size>0x6f</size>
         <input_file_ref idref="fl-2"/>
      </object_component>
      <object_component id="oc-e5">
         <name>.debug_line</name>
         <load_address>0x1f1</load_address>
         <run_address>0x1f1</run_address>
         <size>0x20</size>
         <input_file_ref idref="fl-2"/>
      </object_component>
      <object_component id="oc-1bf">
         <name>.debug_line</name>
         <load_address>0x211</load_address>
         <run_address>0x211</run_address>
         <size>0x73</size>
         <input_file_ref idref="fl-2"/>
      </object_component>
      <object_component id="oc-ea">
         <name>.debug_line</name>
         <load_address>0x284</load_address>
         <run_address>0x284</run_address>
         <size>0x70</size>
         <input_file_ref idref="fl-2"/>
      </object_component>
      <object_component id="oc-231">
         <name>.debug_line</name>
         <load_address>0x2f4</load_address>
         <run_address>0x2f4</run_address>
         <size>0x2f</size>
         <input_file_ref idref="fl-2"/>
      </object_component>
      <object_component id="oc-199">
         <name>.debug_line</name>
         <load_address>0x323</load_address>
         <run_address>0x323</run_address>
         <size>0x2f</size>
         <input_file_ref idref="fl-2"/>
      </object_component>
      <object_component id="oc-1d8">
         <name>.debug_line</name>
         <load_address>0x352</load_address>
         <run_address>0x352</run_address>
         <size>0x7f</size>
         <input_file_ref idref="fl-3"/>
      </object_component>
      <object_component id="oc-113">
         <name>.debug_line</name>
         <load_address>0x3d1</load_address>
         <run_address>0x3d1</run_address>
         <size>0x100</size>
         <input_file_ref idref="fl-3"/>
      </object_component>
      <object_component id="oc-1b1">
         <name>.debug_line</name>
         <load_address>0x4d1</load_address>
         <run_address>0x4d1</run_address>
         <size>0x5b</size>
         <input_file_ref idref="fl-3"/>
      </object_component>
      <object_component id="oc-1ac">
         <name>.debug_line</name>
         <load_address>0x52c</load_address>
         <run_address>0x52c</run_address>
         <size>0x58</size>
         <input_file_ref idref="fl-3"/>
      </object_component>
      <object_component id="oc-22c">
         <name>.debug_line</name>
         <load_address>0x584</load_address>
         <run_address>0x584</run_address>
         <size>0x6a</size>
         <input_file_ref idref="fl-3"/>
      </object_component>
      <object_component id="oc-21a">
         <name>.debug_line</name>
         <load_address>0x5ee</load_address>
         <run_address>0x5ee</run_address>
         <size>0x6b</size>
         <input_file_ref idref="fl-3"/>
      </object_component>
      <object_component id="oc-1dc">
         <name>.debug_line</name>
         <load_address>0x659</load_address>
         <run_address>0x659</run_address>
         <size>0x74</size>
         <input_file_ref idref="fl-3"/>
      </object_component>
      <object_component id="oc-166">
         <name>.debug_line</name>
         <load_address>0x6cd</load_address>
         <run_address>0x6cd</run_address>
         <size>0x2d</size>
         <input_file_ref idref="fl-3"/>
      </object_component>
      <object_component id="oc-1a5">
         <name>.debug_line</name>
         <load_address>0x6fa</load_address>
         <run_address>0x6fa</run_address>
         <size>0x2d</size>
         <input_file_ref idref="fl-3"/>
      </object_component>
      <object_component id="oc-2b1">
         <name>.debug_line</name>
         <load_address>0x727</load_address>
         <run_address>0x727</run_address>
         <size>0x20</size>
         <input_file_ref idref="fl-4"/>
      </object_component>
      <object_component id="oc-1d2">
         <name>.debug_line</name>
         <load_address>0x747</load_address>
         <run_address>0x747</run_address>
         <size>0x5a</size>
         <input_file_ref idref="fl-4"/>
      </object_component>
      <object_component id="oc-35">
         <name>.debug_line</name>
         <load_address>0x7a1</load_address>
         <run_address>0x7a1</run_address>
         <size>0x20</size>
         <input_file_ref idref="fl-4"/>
      </object_component>
      <object_component id="oc-107">
         <name>.debug_line</name>
         <load_address>0x7c1</load_address>
         <run_address>0x7c1</run_address>
         <size>0x88</size>
         <input_file_ref idref="fl-5"/>
      </object_component>
      <object_component id="oc-1b6">
         <name>.debug_line</name>
         <load_address>0x849</load_address>
         <run_address>0x849</run_address>
         <size>0x2f</size>
         <input_file_ref idref="fl-5"/>
      </object_component>
      <object_component id="oc-33c">
         <name>.debug_line</name>
         <load_address>0x878</load_address>
         <run_address>0x878</run_address>
         <size>0x20</size>
         <input_file_ref idref="fl-6"/>
      </object_component>
      <object_component id="oc-2ae">
         <name>.debug_line</name>
         <load_address>0x898</load_address>
         <run_address>0x898</run_address>
         <size>0x30</size>
         <input_file_ref idref="fl-6"/>
      </object_component>
      <object_component id="oc-1cb">
         <name>.debug_line</name>
         <load_address>0x8c8</load_address>
         <run_address>0x8c8</run_address>
         <size>0x7b</size>
         <input_file_ref idref="fl-6"/>
      </object_component>
      <object_component id="oc-c3">
         <name>.debug_line</name>
         <load_address>0x943</load_address>
         <run_address>0x943</run_address>
         <size>0xab</size>
         <input_file_ref idref="fl-7"/>
      </object_component>
      <object_component id="oc-239">
         <name>.debug_line</name>
         <load_address>0x9ee</load_address>
         <run_address>0x9ee</run_address>
         <size>0x20</size>
         <input_file_ref idref="fl-8"/>
      </object_component>
      <object_component id="oc-1bb">
         <name>.debug_line</name>
         <load_address>0xa0e</load_address>
         <run_address>0xa0e</run_address>
         <size>0x2c</size>
         <input_file_ref idref="fl-8"/>
      </object_component>
      <object_component id="oc-10e">
         <name>.debug_line</name>
         <load_address>0xa3a</load_address>
         <run_address>0xa3a</run_address>
         <size>0x86</size>
         <input_file_ref idref="fl-8"/>
      </object_component>
      <object_component id="oc-1a8">
         <name>.debug_line</name>
         <load_address>0xac0</load_address>
         <run_address>0xac0</run_address>
         <size>0x71</size>
         <input_file_ref idref="fl-9"/>
      </object_component>
      <object_component id="oc-19c">
         <name>.debug_line</name>
         <load_address>0xb31</load_address>
         <run_address>0xb31</run_address>
         <size>0x2c</size>
         <input_file_ref idref="fl-9"/>
      </object_component>
      <object_component id="oc-72">
         <name>.debug_line</name>
         <load_address>0xb5d</load_address>
         <run_address>0xb5d</run_address>
         <size>0x192</size>
         <input_file_ref idref="fl-9"/>
      </object_component>
      <object_component id="oc-1a0">
         <name>.debug_line</name>
         <load_address>0xcef</load_address>
         <run_address>0xcef</run_address>
         <size>0x2c</size>
         <input_file_ref idref="fl-9"/>
      </object_component>
      <object_component id="oc-9a">
         <name>.debug_line</name>
         <load_address>0xd1b</load_address>
         <run_address>0xd1b</run_address>
         <size>0x94</size>
         <input_file_ref idref="fl-a"/>
      </object_component>
      <object_component id="oc-1b9">
         <name>.debug_line</name>
         <load_address>0xdaf</load_address>
         <run_address>0xdaf</run_address>
         <size>0x2c</size>
         <input_file_ref idref="fl-b"/>
      </object_component>
      <object_component id="oc-1c6">
         <name>.debug_line</name>
         <load_address>0xddb</load_address>
         <run_address>0xddb</run_address>
         <size>0x63</size>
         <input_file_ref idref="fl-b"/>
      </object_component>
      <object_component id="oc-ed">
         <name>.debug_line</name>
         <load_address>0xe3e</load_address>
         <run_address>0xe3e</run_address>
         <size>0x40</size>
         <input_file_ref idref="fl-c"/>
      </object_component>
      <object_component id="oc-74">
         <name>.debug_line</name>
         <load_address>0xe7e</load_address>
         <run_address>0xe7e</run_address>
         <size>0x40</size>
         <input_file_ref idref="fl-c"/>
      </object_component>
      <object_component id="oc-6c">
         <name>.debug_line</name>
         <load_address>0xebe</load_address>
         <run_address>0xebe</run_address>
         <size>0x71</size>
         <input_file_ref idref="fl-c"/>
      </object_component>
      <object_component id="oc-1ff">
         <name>.debug_line</name>
         <load_address>0xf2f</load_address>
         <run_address>0xf2f</run_address>
         <size>0x3b</size>
         <input_file_ref idref="fl-d"/>
      </object_component>
      <object_component id="oc-ad">
         <name>.debug_line</name>
         <load_address>0xf6a</load_address>
         <run_address>0xf6a</run_address>
         <size>0x134</size>
         <input_file_ref idref="fl-d"/>
      </object_component>
      <object_component id="oc-b9">
         <name>.debug_line</name>
         <load_address>0x109e</load_address>
         <run_address>0x109e</run_address>
         <size>0x6a</size>
         <input_file_ref idref="fl-e"/>
      </object_component>
      <object_component id="oc-201">
         <name>.debug_line</name>
         <load_address>0x1108</load_address>
         <run_address>0x1108</run_address>
         <size>0x2f</size>
         <input_file_ref idref="fl-f"/>
      </object_component>
      <object_component id="oc-c5">
         <name>.debug_line</name>
         <load_address>0x1137</load_address>
         <run_address>0x1137</run_address>
         <size>0xf2</size>
         <input_file_ref idref="fl-f"/>
      </object_component>
      <object_component id="oc-228">
         <name>.debug_line</name>
         <load_address>0x1229</load_address>
         <run_address>0x1229</run_address>
         <size>0x11c</size>
         <input_file_ref idref="fl-10"/>
      </object_component>
      <object_component id="oc-ce">
         <name>.debug_line</name>
         <load_address>0x1345</load_address>
         <run_address>0x1345</run_address>
         <size>0x192</size>
         <input_file_ref idref="fl-10"/>
      </object_component>
      <object_component id="oc-2a1">
         <name>.debug_line</name>
         <load_address>0x14d7</load_address>
         <run_address>0x14d7</run_address>
         <size>0x2d</size>
         <input_file_ref idref="fl-ca"/>
      </object_component>
      <object_component id="oc-176">
         <name>.debug_line</name>
         <load_address>0x1504</load_address>
         <run_address>0x1504</run_address>
         <size>0x4b</size>
         <input_file_ref idref="fl-ca"/>
      </object_component>
      <object_component id="oc-20e">
         <name>.debug_line</name>
         <load_address>0x154f</load_address>
         <run_address>0x154f</run_address>
         <size>0x4b</size>
         <input_file_ref idref="fl-ca"/>
      </object_component>
      <object_component id="oc-211">
         <name>.debug_line</name>
         <load_address>0x159a</load_address>
         <run_address>0x159a</run_address>
         <size>0x3f</size>
         <input_file_ref idref="fl-ca"/>
      </object_component>
      <object_component id="oc-32d">
         <name>.debug_line</name>
         <load_address>0x15d9</load_address>
         <run_address>0x15d9</run_address>
         <size>0x91</size>
         <input_file_ref idref="fl-ca"/>
      </object_component>
      <object_component id="oc-16d">
[...]
         <name>temp_unit</name>
         <value>0x20000c39</value>
         <object_component_ref idref="oc-d4"/>
      </symbol>
      <symbol id="sm-1f1">
         <name>ADC14_IRQHandler</name>
         <value>0x12e3</value>
         <object_component_ref idref="oc-6d"/>
      </symbol>
      <symbol id="sm-1f2">
         <name>prev_led_status</name>
         <value>0x20000c31</value>
         <object_component_ref idref="oc-d4"/>
      </symbol>
      <symbol id="sm-1f3">
         <name>TA3_0_IRQHandler</name>
         <value>0x11ef</value>
         <object_component_ref idref="oc-6d"/>
      </symbol>
      <symbol id="sm-1f4">
         <name>EUSCIA0_IRQHandler</name>
         <value>0x1161</value>
         <object_component_ref idref="oc-6d"/>
      </symbol>
      <symbol id="sm-1f5">
         <name>get_temp</name>
         <value>0x1445</value>
         <object_component_ref idref="oc-6d"/>
      </symbol>
      <symbol id="sm-1f6">
         <name>EUSCIB3_IRQHandler</name>
         <value>0x1385</value>
         <object_component_ref idref="oc-6d"/>
      </symbol>
      <symbol id="sm-1f7">
         <name>led_status</name>
         <value>0x20000c30</value>
         <object_component_ref idref="oc-d4"/>
      </symbol>
      <symbol id="sm-1f8">
         <name>toggle_state_by_switch</name>
         <value>0x20000c32</value>
         <object_component_ref idref="oc-d4"/>
      </symbol>
      <symbol id="sm-215">
         <name>main</name>
         <value>0x1be9</value>
         <object_component_ref idref="oc-99"/>
      </symbol>
      <symbol id="sm-22f">
         <name>spi_rx_data</name>
         <value>0x20000c46</value>
         <object_component_ref idref="oc-db"/>
      </symbol>
      <symbol id="sm-230">
         <name>spi_tx</name>
         <value>0x352b</value>
         <object_component_ref idref="oc-1c1"/>
      </symbol>
      <symbol id="sm-231">
         <name>init_spi</name>
         <value>0x34f5</value>
         <object_component_ref idref="oc-1c1"/>
      </symbol>
      <symbol id="sm-232">
         <name>spi_tx_data</name>
         <value>0x20000c44</value>
         <object_component_ref idref="oc-db"/>
      </symbol>
      <symbol id="sm-247">
         <name>Reset_Handler</name>
         <value>0x3b6b</value>
         <object_component_ref idref="oc-67"/>
      </symbol>
      <symbol id="sm-248">
         <name>Default_Handler</name>
         <value>0x3b77</value>
         <object_component_ref idref="oc-67"/>
      </symbol>
      <symbol id="sm-249">
         <name>interruptVectors</name>
         <value>0x0</value>
         <object_component_ref idref="oc-26"/>
      </symbol>
      <symbol id="sm-291">
         <name>SystemInit</name>
         <value>0x1b2d</value>
         <object_component_ref idref="oc-ab"/>
      </symbol>
      <symbol id="sm-292">
         <name>SystemCoreClockUpdate</name>
         <value>0x18b5</value>
         <object_component_ref idref="oc-ab"/>
      </symbol>
      <symbol id="sm-293">
         <name>SystemCoreClock</name>
         <value>0x20000c48</value>
         <object_component_ref idref="oc-157"/>
      </symbol>
      <symbol id="sm-2a8">
         <name>init_temp</name>
         <value>0x3471</value>
         <object_component_ref idref="oc-b8"/>
      </symbol>
      <symbol id="sm-2a9">
         <name>start_temp_measurement</name>
         <value>0x34cb</value>
         <object_component_ref idref="oc-b8"/>
      </symbol>
      <symbol id="sm-2d7">
         <name>led_pattern</name>
         <value>0x2873</value>
         <object_component_ref idref="oc-c4"/>
      </symbol>
      <symbol id="sm-2d8">
         <name>set_pwm_period</name>
         <value>0x285d</value>
         <object_component_ref idref="oc-c4"/>
      </symbol>
      <symbol id="sm-2d9">
         <name>delay</name>
         <value>0x2899</value>
         <object_component_ref idref="oc-c4"/>
      </symbol>
      <symbol id="sm-2da">
         <name>get_pwm_duty_cycle</name>
         <value>0x2831</value>
         <object_component_ref idref="oc-c4"/>
      </symbol>
      <symbol id="sm-2db">
         <name>init_timer</name>
         <value>0x278d</value>
         <object_component_ref idref="oc-c4"/>
      </symbol>
      <symbol id="sm-2dc">
         <name>set_pwm_duty_cycle</name>
         <value>0x2837</value>
         <object_component_ref idref="oc-c4"/>
      </symbol>
      <symbol id="sm-321">
         <name>getchar</name>
         <value>0x16fd</value>
         <object_component_ref idref="oc-ca"/>
      </symbol>
      <symbol id="sm-322">
         <name>echo</name>
         <value>0x15a1</value>
         <object_component_ref idref="oc-ca"/>
      </symbol>
      <symbol id="sm-323">
         <name>num_to_str</name>
         <value>0x165d</value>
         <object_component_ref idref="oc-ca"/>
      </symbol>
      <symbol id="sm-324">
         <name>putstr</name>
         <value>0x1689</value>
         <object_component_ref idref="oc-ca"/>
      </symbol>
      <symbol id="sm-325">
         <name>uart_init</name>
         <value>0x1551</value>
         <object_component_ref idref="oc-ca"/>
      </symbol>
      <symbol id="sm-326">
         <name>get_line_of_command_raw</name>
         <value>0x15df</value>
         <object_component_ref idref="oc-ca"/>
      </symbol>
      <symbol id="sm-327">
         <name>accept_number_from_user</name>
         <value>0x1745</value>
         <object_component_ref idref="oc-ca"/>
      </symbol>
      <symbol id="sm-34e">
         <name>sprintf</name>
         <value>0x396d</value>
         <object_component_ref idref="oc-171"/>
      </symbol>
      <symbol id="sm-359">
         <name>__aeabi_f2d</name>
         <value>0x39eb</value>
         <object_component_ref idref="oc-16c"/>
      </symbol>
      <symbol id="sm-374">
         <name>memcpy</name>
         <value>0x3231</value>
         <object_component_ref idref="oc-37"/>
      </symbol>
      <symbol id="sm-375">
         <name>__aeabi_memcpy</name>
         <value>0x3231</value>
         <object_component_ref idref="oc-37"/>
      </symbol>
      <symbol id="sm-376">
         <name>__aeabi_memcpy8</name>
         <value>0x3231</value>
         <object_component_ref idref="oc-37"/>
      </symbol>
      <symbol id="sm-377">
         <name>__aeabi_memcpy4</name>
         <value>0x3231</value>
         <object_component_ref idref="oc-37"/>
      </symbol>
      <symbol id="sm-386">
         <name>__aeabi_memset</name>
         <value>0x3573</value>
         <object_component_ref idref="oc-8d"/>
      </symbol>
      <symbol id="sm-387">
         <name>memset</name>
         <value>0x3579</value>
         <object_component_ref idref="oc-8d"/>
      </symbol>
      <symbol id="sm-388">
         <name>__aeabi_memset8</name>
         <value>0x3573</value>
         <object_component_ref idref="oc-8d"/>
      </symbol>
      <symbol id="sm-389">
         <name>__aeabi_memset4</name>
         <value>0x3573</value>
         <object_component_ref idref="oc-8d"/>
      </symbol>
      <symbol id="sm-38a">
         <name>__aeabi_memclr8</name>
         <value>0x3571</value>
         <object_component_ref idref="oc-8d"/>
      </symbol>
      <symbol id="sm-38b">
         <name>__aeabi_memclr4</name>
         <value>0x3571</value>
         <object_component_ref idref="oc-8d"/>
      </symbol>
      <symbol id="sm-38c">
         <name>__aeabi_memclr</name>
         <value>0x3571</value>
         <object_component_ref idref="oc-8d"/>
      </symbol>
      <symbol id="sm-3a3">
         <name>__TI_zero_init</name>
         <value>0x3b79</value>
         <object_component_ref idref="oc-49"/>
      </symbol>
      <symbol id="sm-3ba">
         <name>__TI_decompress_none</name>
         <value>0x3b5d</value>
         <object_component_ref idref="oc-1d"/>
      </symbol>
      <symbol id="sm-3dd">
         <name>__TI_decompress_lzss</name>
         <value>0x36cb</value>
         <object_component_ref idref="oc-17"/>
      </symbol>
      <symbol id="sm-3f3">
         <name>atoi</name>
         <value>0x3895</value>
         <object_component_ref idref="oc-183"/>
      </symbol>
      <symbol id="sm-3fe">
         <name>_ctypes_</name>
         <value>0x3ba0</value>
         <object_component_ref idref="oc-220"/>
      </symbol>
      <symbol id="sm-40e">
         <name>strcat</name>
         <value>0x3ab5</value>
         <object_component_ref idref="oc-17d"/>
      </symbol>
      <symbol id="sm-41c">
         <name>strlen</name>
         <value>0x3b37</value>
         <object_component_ref idref="oc-177"/>
      </symbol>
      <symbol id="sm-42d">
         <name>strncat</name>
         <value>0x3a87</value>
         <object_component_ref idref="oc-189"/>
      </symbol>
      <symbol id="sm-440">
         <name>__stack</name>
         <value>0x2000fe00</value>
         <object_component_ref idref="oc-29"/>
      </symbol>
      <symbol id="sm-441">
         <name>_c_int00_noargs</name>
         <value>0x3a25</value>
         <object_component_ref idref="oc-55"/>
      </symbol>
      <symbol id="sm-5a6">
         <name>__TI_printfi</name>
         <value>0xe5</value>
         <object_component_ref idref="oc-203"/>
      </symbol>
      <symbol id="sm-5c6">
         <name>frexpl</name>
         <value>0x3735</value>
         <object_component_ref idref="oc-307"/>
      </symbol>
      <symbol id="sm-5c7">
         <name>frexp</name>
         <value>0x3735</value>
         <object_component_ref idref="oc-307"/>
      </symbol>
      <symbol id="sm-5e4">
         <name>scalbn</name>
         <value>0x2e09</value>
         <object_component_ref idref="oc-30d"/>
      </symbol>
      <symbol id="sm-5e5">
         <name>scalbnl</name>
         <value>0x2e09</value>
         <object_component_ref idref="oc-30d"/>
      </symbol>
      <symbol id="sm-5e6">
         <name>ldexpl</name>
         <value>0x2e09</value>
         <object_component_ref idref="oc-30d"/>
      </symbol>
      <symbol id="sm-5e7">
         <name>ldexp</name>
         <value>0x2e09</value>
         <object_component_ref idref="oc-30d"/>
      </symbol>
      <symbol id="sm-600">
         <name>wcslen</name>
         <value>0x3b4b</value>
         <object_component_ref idref="oc-286"/>
      </symbol>
      <symbol id="sm-617">
         <name>__aeabi_dsub</name>
         <value>0x22b9</value>
         <object_component_ref idref="oc-2e7"/>
      </symbol>
      <symbol id="sm-618">
         <name>__aeabi_dadd</name>
         <value>0x22c3</value>
         <object_component_ref idref="oc-2e7"/>
      </symbol>
      <symbol id="sm-63a">
         <name>__aeabi_cdcmpeq</name>
         <value>0x3363</value>
         <object_component_ref idref="oc-263"/>
      </symbol>
      <symbol id="sm-63b">
         <name>__aeabi_cdcmple</name>
         <value>0x3363</value>
         <object_component_ref idref="oc-263"/>
      </symbol>
      <symbol id="sm-63c">
         <name>__aeabi_cdrcmple</name>
         <value>0x33e9</value>
         <object_component_ref idref="oc-2d2"/>
      </symbol>
      <symbol id="sm-650">
         <name>__aeabi_ddiv</name>
         <value>0x2bad</value>
         <object_component_ref idref="oc-2cd"/>
      </symbol>
      <symbol id="sm-65b">
         <name>__aeabi_dmul</name>
         <value>0x2f19</value>
         <object_component_ref idref="oc-2c8"/>
      </symbol>
      <symbol id="sm-665">
         <name>__aeabi_d2iz</name>
         <value>0x38e1</value>
         <object_component_ref idref="oc-2d7"/>
      </symbol>
      <symbol id="sm-66f">
         <name>__aeabi_i2d</name>
         <value>0x3a59</value>
         <object_component_ref idref="oc-2e2"/>
      </symbol>
      <symbol id="sm-67c">
         <name>__aeabi_uldivmod</name>
         <value>0x32cd</value>
         <object_component_ref idref="oc-2c1"/>
      </symbol>
      <symbol id="sm-6a4">
         <name>__TI_auto_init_nobinit_nopinit</name>
         <value>0x3929</value>
         <object_component_ref idref="oc-125"/>
      </symbol>
      <symbol id="sm-6ae">
         <name>_system_pre_init</name>
         <value>0x3b99</value>
         <object_component_ref idref="oc-93"/>
      </symbol>
      <symbol id="sm-6ba">
         <name>C$$EXIT</name>
         <value>0x3b9d</value>
         <object_component_ref idref="oc-119"/>
      </symbol>
      <symbol id="sm-6bb">
         <name>abort</name>
         <value>0x3b9d</value>
         <object_component_ref idref="oc-119"/>
      </symbol>
      <symbol id="sm-6cb">
         <name>__TI_ltoa</name>
         <value>0x37ef</value>
         <object_component_ref idref="oc-2dc"/>
      </symbol>
      <symbol id="sm-6dc">
         <name>memccpy</name>
         <value>0x3ad3</value>
         <object_component_ref idref="oc-280"/>
      </symbol>
      <symbol id="sm-6ec">
         <name>strchr</name>
         <value>0x3b21</value>
         <object_component_ref idref="oc-313"/>
      </symbol>
      <symbol id="sm-702">
         <name>__aeabi_errno_addr</name>
         <value>0x3b91</value>
         <object_component_ref idref="oc-28c"/>
      </symbol>
      <symbol id="sm-703">
         <name>errno</name>
         <value>0x20000c40</value>
         <object_component_ref idref="oc-323"/>
      </symbol>
      <symbol id="sm-70d">
         <name>copysign</name>
         <value>0x3aef</value>
         <object_component_ref idref="oc-356"/>
      </symbol>
      <symbol id="sm-70e">
         <name>copysignl</name>
         <value>0x3aef</value>
         <object_component_ref idref="oc-356"/>
      </symbol>
      <symbol id="sm-718">
         <name>__aeabi_idiv0</name>
         <value>0xb33</value>
         <object_component_ref idref="oc-33d"/>
      </symbol>
      <symbol id="sm-719">
         <name>__aeabi_ldiv0</name>
         <value>0xb33</value>
         <object_component_ref idref="oc-33d"/>
      </symbol>
      <symbol id="sm-71a">
         <name>__TI_static_base__</name>
         <value>0x0</value>
      </symbol>
      <symbol id="sm-71d">
         <name>__mpu_init</name>
         <value>0x0</value>
      </symbol>
      <symbol id="sm-71e">
         <name>_system_post_cinit</name>
         <value>0x0</value>
      </symbol>
      <symbol id="sm-71f">
         <name>NMI_Handler</name>
         <value>0x3b77</value>
      </symbol>
      <symbol id="sm-720">
         <name>HardFault_Handler</name>
         <value>0x3b77</value>
      </symbol>
      <symbol id="sm-721">
         <name>MemManage_Handler</name>
         <value>0x3b77</value>
      </symbol>
      <symbol id="sm-722">
         <name>BusFault_Handler</name>
         <value>0x3b77</value>
      </symbol>
      <symbol id="sm-723">
         <name>UsageFault_Handler</name>
         <value>0x3b77</value>
      </symbol>
      <symbol id="sm-724">
         <name>SVC_Handler</name>
         <value>0x3b77</value>
      </symbol>
      <symbol id="sm-725">
         <name>DebugMon_Handler</name>
         <value>0x3b77</value>
      </symbol>
      <symbol id="sm-726">
         <name>PendSV_Handler</name>
         <value>0x3b77</value>
      </symbol>
      <symbol id="sm-727">
         <name>SysTick_Handler</name>
         <value>0x3b77</value>
      </symbol>
      <symbol id="sm-728">
         <name>PSS_IRQHandler</name>
         <value>0x3b77</value>
      </symbol>
      <symbol id="sm-729">
         <name>CS_IRQHandler</name>
         <value>0x3b77</value>
      </symbol>
      <symbol id="sm-72a">
         <name>PCM_IRQHandler</name>
         <value>0x3b77</value>
      </symbol>
      <symbol id="sm-72b">
         <name>WDT_A_IRQHandler</name>
         <value>0x3b77</value>
      </symbol>
      <symbol id="sm-72c">
         <name>FPU_IRQHandler</name>
         <value>0x3b77</value>
      </symbol>
      <symbol id="sm-72d">
         <name>FLCTL_IRQHandler</name>
         <value>0x3b77</value>
      </symbol>
      <symbol id="sm-72e">
         <name>COMP_E0_IRQHandler</name>
         <value>0x3b77</value>
      </symbol>
      <symbol id="sm-72f">
         <name>COMP_E1_IRQHandler</name>
         <value>0x3b77</value>
      </symbol>
      <symbol id="sm-730">
         <name>TA0_0_IRQHandler</name>
         <value>0x3b77</value>
      </symbol>
      <symbol id="sm-731">
         <name>TA0_N_IRQHandler</name>
         <value>0x3b77</value>
      </symbol>
      <symbol id="sm-732">
         <name>TA1_0_IRQHandler</name>
         <value>0x3b77</value>
      </symbol>
      <symbol id="sm-733">
         <name>TA1_N_IRQHandler</name>
         <value>0x3b77</value>
      </symbol>
      <symbol id="sm-734">
         <name>TA2_0_IRQHandler</name>
         <value>0x1207</value>
      </symbol>
      <symbol id="sm-735">
         <name>TA2_N_IRQHandler</name>
         <value>0x3b77</value>
      </symbol>
      <symbol id="sm-736">
         <name>TA3_0_IRQHandler</name>
         <value>0x11ef</value>
      </symbol>
      <symbol id="sm-737">
         <name>TA3_N_IRQHandler</name>
         <value>0x3b77</value>
      </symbol>
      <symbol id="sm-738">
         <name>EUSCIA0_IRQHandler</name>
         <value>0x1161</value>
      </symbol>
      <symbol id="sm-739">
         <name>EUSCIA1_IRQHandler</name>
         <value>0x3b77</value>
      </symbol>
      <symbol id="sm-73a">
         <name>EUSCIA2_IRQHandler</name>
         <value>0x3b77</value>
      </symbol>
      <symbol id="sm-73b">
         <name>EUSCIA3_IRQHandler</name>
         <value>0x3b77</value>
      </symbol>
      <symbol id="sm-73c">
         <name>EUSCIB0_IRQHandler</name>
         <value>0x13c3</value>
      </symbol>
      <symbol id="sm-73d">
         <name>EUSCIB1_IRQHandler</name>
         <value>0x3b77</value>
      </symbol>
      <symbol id="sm-73e">
         <name>EUSCIB2_IRQHandler</name>
         <value>0x3b77</value>
      </symbol>
      <symbol id="sm-73f">
         <name>EUSCIB3_IRQHandler</name>
         <value>0x1385</value>
      </symbol>
      <symbol id="sm-740">
         <name>ADC14_IRQHandler</name>
         <value>0x12e3</value>
      </symbol>
      <symbol id="sm-741">
         <name>T32_INT1_IRQHandler</name>
         <value>0x3b77</value>
      </symbol>
      <symbol id="sm-742">
         <name>T32_INT2_IRQHandler</name>
         <value>0x3b77</value>
      </symbol>
      <symbol id="sm-743">
         <name>T32_INTC_IRQHandler</name>
         <value>0x3b77</value>
      </symbol>
      <symbol id="sm-744">
         <name>AES256_IRQHandler</name>
         <value>0x3b77</value>
      </symbol>
      <symbol id="sm-745">
         <name>RTC_C_IRQHandler</name>
         <value>0x3b77</value>
      </symbol>
      <symbol id="sm-746">
         <name>DMA_ERR_IRQHandler</name>
         <value>0x3b77</value>
      </symbol>
      <symbol id="sm-747">
         <name>DMA_INT3_IRQHandler</name>
         <value>0x3b77</value>
      </symbol>
      <symbol id="sm-748">
         <name>DMA_INT2_IRQHandler</name>
         <value>0x3b77</value>
      </symbol>
      <symbol id="sm-749">
         <name>DMA_INT1_IRQHandler</name>
         <value>0x3b77</value>
      </symbol>
      <symbol id="sm-74a">
         <name>DMA_INT0_IRQHandler</name>
         <value>0x3b77</value>
      </symbol>
      <symbol id="sm-74b">
         <name>PORT1_IRQHandler</name>
         <value>0x1223</value>
      </symbol>
      <symbol id="sm-74c">
         <name>PORT2_IRQHandler</name>
         <value>0x3b77</value>
      </symbol>
      <symbol id="sm-74d">
         <name>PORT3_IRQHandler</name>
         <value>0x3b77</value>
      </symbol>
      <symbol id="sm-74e">
         <name>PORT4_IRQHandler</name>
         <value>0x3b77</value>
      </symbol>
      <symbol id="sm-74f">
         <name>PORT5_IRQHandler</name>
         <value>0x3b77</value>
      </symbol>
      <symbol id="sm-750">
         <name>PORT6_IRQHandler</name>
         <value>0x3b77</value>
      </symbol>
   </symbol_table>
   <title>Link successful</title>
</link_info>
