******************************************************************************
                  TI ARM Linker PC v20.2.5                     
******************************************************************************
>> Linked Sun Dec 12 04:22:00 2021

OUTPUT FILE NAME:   <ESD-Final-project.out>
ENTRY POINT SYMBOL: "_c_int00_noargs"  address: 000019d9


MEMORY CONFIGURATION

         name            origin    length      used     unused   attr    fill
----------------------  --------  ---------  --------  --------  ----  --------
  MAIN                  00000000   00040000  00001fef  0003e011  R  X
  INFO                  00200000   00004000  00000000  00004000  R  X
  SRAM_CODE             01000000   00010000  0000e295  00001d6b  RW X
  SRAM_DATA             20000000   00010000  0000e295  00001d6b  RW  


SEGMENT ALLOCATION MAP

run origin  load origin   length   init length attrs members
----------  ----------- ---------- ----------- ----- -------
00000000    00000000    00001ff8   00001ff8    r-x
  00000000    00000000    000000e4   000000e4    r-- .intvecs
  000000e4    000000e4    00001a5e   00001a5e    r-x .text
  00001b44    00001b44    000003f5   000003f5    r-- .const
  00001f40    00001f40    000000b8   000000b8    r-- .cinit
20000000    20000000    0000e097   00000000    rw-
  20000000    20000000    0000dbbe   00000000    rw- .bss
  2000dbc0    2000dbc0    000004d7   00000000    rw- .data
2000fe00    2000fe00    00000200   00000000    rw-
  2000fe00    2000fe00    00000200   00000000    rw- .stack


SECTION ALLOCATION MAP

 output                                  attributes/
section   page    origin      length       input sections
--------  ----  ----------  ----------   ----------------
.intvecs   0    00000000    000000e4     
                  00000000    000000e4     startup_msp432p401r_ccs.obj (.intvecs:retain)

.text      0    000000e4    00001a5e     
                  000000e4    0000062c     uart.obj (.text)
                  00000710    00000338     cmd_processor.obj (.text)
                  00000a48    00000334     system_msp432p401r.obj (.text)
                  00000d7c    00000248     irq.obj (.text)
                  00000fc4    00000218     lcd.obj (.text)
                  000011dc    000001f8     main.obj (.text)
                  000013d4    00000156     cbfifo.obj (.text)
                  0000152a    00000002     --HOLE-- [fill = 0]
                  0000152c    00000150     gpio.obj (.text)
                  0000167c    0000010e     esp32.obj (.text)
                  0000178a    0000009c     rtsv7M4_T_le_v4SPD16_eabi.lib : memcpy_t2.asm.obj (.text)
                  00001826    0000007a                                   : memset_t2.asm.obj (.text)
                  000018a0    00000068                                   : copy_decompress_lzss.c.obj (.text:decompress:lzss:__TI_decompress_lzss)
                  00001908    0000004c                                   : atoi.c.obj (.text:atoi)
                  00001954    00000044                                   : autoinit.c.obj (.text:__TI_auto_init_nobinit_nopinit:__TI_auto_init_nobinit_nopinit)
                  00001998    00000040                                   : strtok.c.obj (.text:strtok)
                  000019d8    00000034                                   : boot_cortex_m.c.obj (.text:_c_int00_noargs:_c_int00_noargs)
                  00001a0c    00000034                                   : strstr.c.obj (.text:strstr)
                  00001a40    0000002e                                   : strncat.c.obj (.text:strncat)
                  00001a6e    0000002a                                   : strspn.c.obj (.text:strspn)
                  00001a98    00000024                                   : strcspn.c.obj (.text:strcspn)
                  00001abc    00000024     timers.obj (.text)
                  00001ae0    0000001e     rtsv7M4_T_le_v4SPD16_eabi.lib : strcat.c.obj (.text:strcat)
                  00001afe    00000014                                   : strlen.c.obj (.text:strlen)
                  00001b12    0000000e                                   : copy_decompress_none.c.obj (.text:decompress:none:__TI_decompress_none)
                  00001b20    0000000e     startup_msp432p401r_ccs.obj (.text)
                  00001b2e    0000000c     rtsv7M4_T_le_v4SPD16_eabi.lib : copy_zero_init.c.obj (.text:decompress:ZI:__TI_zero_init)
                  00001b3a    00000004                                   : pre_init.c.obj (.text:_system_pre_init)
                  00001b3e    00000004                                   : exit.c.obj (.text:abort:abort)

.const     0    00001b44    000003f5     
                  00001b44    000002f4     esp32.obj (.const:.string)
                  00001e38    00000101     rtsv7M4_T_le_v4SPD16_eabi.lib : ctype.c.obj (.const:.string:_ctypes_)

.cinit     0    00001f40    000000b8     
                  00001f40    00000093     (.cinit..data.load) [load image, compression = lzss]
                  00001fd3    00000001     --HOLE-- [fill = 0]
                  00001fd4    0000000c     (__TI_handler_table)
                  00001fe0    00000008     (.cinit..bss.load) [load image, compression = zero_init]
                  00001fe8    00000010     (__TI_cinit_table)

.init_array 
*          0    00000000    00000000     UNINITIALIZED

.binit     0    00000000    00000000     

.bss       0    20000000    0000dbbe     UNINITIALIZED
                  20000000    0000c350     (.common:hex_file)
                  2000c350    00000410     (.common:cbfifo_receive_uart0)
                  2000c760    00000410     (.common:cbfifo_receive_uart2)
                  2000cb70    00000410     (.common:cbfifo_receive_uart3)
                  2000cf80    00000410     (.common:cbfifo_transmit_uart0)
                  2000d390    00000410     (.common:cbfifo_transmit_uart2)
                  2000d7a0    00000410     (.common:cbfifo_transmit_uart3)
                  2000dbb0    0000000c     uart.obj (.bss)
                  2000dbbc    00000002     cmd_processor.obj (.bss)

.data      0    2000dbc0    000004d7     UNINITIALIZED
                  2000dbc0    00000400     uart.obj (.data:input_raw$1)
                  2000dfc0    00000070     esp32.obj (.data:wifi_connect)
                  2000e030    00000050     esp32.obj (.data:start_server)
                  2000e080    00000004     lcd.obj (.data)
                  2000e084    00000004     rtsv7M4_T_le_v4SPD16_eabi.lib : strtok.c.obj (.data)
                  2000e088    00000004     spi.obj (.data)
                  2000e08c    00000004     system_msp432p401r.obj (.data)
                  2000e090    00000004     uart.obj (.data)
                  2000e094    00000003     cmd_processor.obj (.data)

.stack     0    2000fe00    00000200     UNINITIALIZED
                  2000fe00    00000004     rtsv7M4_T_le_v4SPD16_eabi.lib : boot_cortex_m.c.obj (.stack)
                  2000fe04    000001fc     --HOLE--

__llvm_prf_cnts 
*          0    20000000    00000000     UNINITIALIZED

MODULE SUMMARY

       Module                        code   ro data   rw data
       ------                        ----   -------   -------
    .\
       cmd_processor.obj             824    0         100010 
       cbfifo.obj                    342    0         12480  
       uart.obj                      1580   0         2080   
       esp32.obj                     270    756       384    
       system_msp432p401r.obj        820    0         8      
       irq.obj                       584    0         0      
       lcd.obj                       536    0         8      
       main.obj                      504    0         0      
       gpio.obj                      336    0         0      
       startup_msp432p401r_ccs.obj   14     228       0      
       timers.obj                    36     0         0      
       spi.obj                       0      0         8      
    +--+-----------------------------+------+---------+---------+
       Total:                        5846   984       114978 
                                                             
    C:\ti\ccs1040\ccs\tools\compiler\ti-cgt-arm_20.2.5.LTS\lib\rtsv7M4_T_le_v4SPD16_eabi.lib
       ctype.c.obj                   0      257       0      
       memcpy_t2.asm.obj             156    0         0      
       memset_t2.asm.obj             122    0         0      
       copy_decompress_lzss.c.obj    104    0         0      
       atoi.c.obj                    76     0         0      
       strtok.c.obj                  64     0         8      
       autoinit.c.obj                68     0         0      
       boot_cortex_m.c.obj           52     0         0      
       strstr.c.obj                  52     0         0      
       strncat.c.obj                 46     0         0      
       strspn.c.obj                  42     0         0      
       strcspn.c.obj                 36     0         0      
       strcat.c.obj                  30     0         0      
       strlen.c.obj                  20     0         0      
       copy_decompress_none.c.obj    14     0         0      
       copy_zero_init.c.obj          12     0         0      
       exit.c.obj                    4      0         0      
       pre_init.c.obj                4      0         0      
    +--+-----------------------------+------+---------+---------+
       Total:                        902    257       8      
                                                             
       Stack:                        0      0         1024   
       Linker Generated:             0      183       0      
    +--+-----------------------------+------+---------+---------+
       Grand Total:                  6748   1424      116010 


LINKER GENERATED COPY TABLES

__TI_cinit_table @ 00001fe8 records: 2, size/record: 8, table size: 16
	.data: load addr=00001f40, load size=00000093 bytes, run addr=2000dbc0, run size=000004d7 bytes, compression=lzss
	.bss: load addr=00001fe0, load size=00000008 bytes, run addr=20000000, run size=0000dbbe bytes, compression=zero_init


LINKER GENERATED HANDLER TABLE

__TI_handler_table @ 00001fd4 records: 3, size/record: 4, table size: 12
	index: 0, handler: __TI_decompress_lzss
	index: 1, handler: __TI_decompress_none
	index: 2, handler: __TI_zero_init


GLOBAL SYMBOLS: SORTED ALPHABETICALLY BY Name 

address   name                          
-------   ----                          
00001b2d  ADC14_IRQHandler              
00001b2d  AES256_IRQHandler             
00001b2d  BusFault_Handler              
00001b3f  C$$EXIT                       
00001b2d  COMP_E0_IRQHandler            
00001b2d  COMP_E1_IRQHandler            
00001b2d  CS_IRQHandler                 
00001b2d  DMA_ERR_IRQHandler            
00001b2d  DMA_INT0_IRQHandler           
00001b2d  DMA_INT1_IRQHandler           
00001b2d  DMA_INT2_IRQHandler           
00001b2d  DMA_INT3_IRQHandler           
00001b2d  DebugMon_Handler              
00001b2d  Default_Handler               
00000d7d  EUSCIA0_IRQHandler            
00000d7d  EUSCIA0_IRQHandler            
00001b2d  EUSCIA1_IRQHandler            
00000e0b  EUSCIA2_IRQHandler            
00000e0b  EUSCIA2_IRQHandler            
00000e99  EUSCIA3_IRQHandler            
00000e99  EUSCIA3_IRQHandler            
00001b2d  EUSCIB0_IRQHandler            
00001b2d  EUSCIB1_IRQHandler            
00001b2d  EUSCIB2_IRQHandler            
00000f27  EUSCIB3_IRQHandler            
00000f27  EUSCIB3_IRQHandler            
00001b2d  FLCTL_IRQHandler              
00001b2d  FPU_IRQHandler                
00001b2d  HardFault_Handler             
00001089  LCD_command                   
000010c3  LCD_data                      
00001031  LCD_nibble_write              
00001b2d  MemManage_Handler             
00001b2d  NMI_Handler                   
00001b2d  PCM_IRQHandler                
00001b2d  PORT1_IRQHandler              
00001b2d  PORT2_IRQHandler              
00001b2d  PORT3_IRQHandler              
00001b2d  PORT4_IRQHandler              
00001b2d  PORT5_IRQHandler              
00001b2d  PORT6_IRQHandler              
00001b2d  PSS_IRQHandler                
00001b2d  PendSV_Handler                
00001b2d  RTC_C_IRQHandler              
00001b21  Reset_Handler                 
00001b2d  SVC_Handler                   
00001b2d  SysTick_Handler               
2000e08c  SystemCoreClock               
00000a49  SystemCoreClockUpdate         
00000cc1  SystemInit                    
00001b2d  T32_INT1_IRQHandler           
00001b2d  T32_INT2_IRQHandler           
00001b2d  T32_INTC_IRQHandler           
00001b2d  TA0_0_IRQHandler              
00001b2d  TA0_N_IRQHandler              
00001b2d  TA1_0_IRQHandler              
00001b2d  TA1_N_IRQHandler              
00001b2d  TA2_0_IRQHandler              
00001b2d  TA2_N_IRQHandler              
00001b2d  TA3_0_IRQHandler              
00001b2d  TA3_N_IRQHandler              
00001b2d  UsageFault_Handler            
4000480c  WDTCTL_SYM                    
00001b2d  WDT_A_IRQHandler              
20010000  __STACK_END                   
00000200  __STACK_SIZE                  
00001fe8  __TI_CINIT_Base               
00001ff8  __TI_CINIT_Limit              
00001fd4  __TI_Handler_Table_Base       
00001fe0  __TI_Handler_Table_Limit      
00001955  __TI_auto_init_nobinit_nopinit
000018a1  __TI_decompress_lzss          
00001b13  __TI_decompress_none          
ffffffff  __TI_pprof_out_hndl           
ffffffff  __TI_prof_data_size           
ffffffff  __TI_prof_data_start          
00000000  __TI_static_base__            
00001b2f  __TI_zero_init                
00001827  __aeabi_memclr                
00001827  __aeabi_memclr4               
00001827  __aeabi_memclr8               
0000178b  __aeabi_memcpy                
0000178b  __aeabi_memcpy4               
0000178b  __aeabi_memcpy8               
00001829  __aeabi_memset                
00001829  __aeabi_memset4               
00001829  __aeabi_memset8               
ffffffff  __binit__                     
ffffffff  __c_args__                    
UNDEFED   __mpu_init                    
2000fe00  __stack                       
20000000  __start___llvm_prf_cnts       
20000000  __stop___llvm_prf_cnts        
000019d9  _c_int00_noargs               
00001e38  _ctypes_                      
UNDEFED   _system_post_cinit            
00001b3b  _system_pre_init              
00001b3f  abort                         
000005a9  accept_number_from_user       
00001909  atoi                          
ffffffff  binit                         
0000151d  cbfifo_capacity               
00001477  cbfifo_dequeue                
000013d5  cbfifo_enqueue                
0000150d  cbfifo_length                 
2000c350  cbfifo_receive_uart0          
2000c760  cbfifo_receive_uart2          
2000cb70  cbfifo_receive_uart3          
2000cf80  cbfifo_transmit_uart0         
2000d390  cbfifo_transmit_uart2         
2000d7a0  cbfifo_transmit_uart3         
00001abd  delay                         
000010f1  delayMs                       
000001db  echo                          
00000219  echo_uart2                    
00000559  echo_uart3                    
000015ef  enter_8051_into_bootloader    
0000167d  esp_32_command                
000002d5  get_esp32_response            
00000257  get_line_of_command_raw       
000004c1  getchar                       
000004f1  getchar_uart2                 
00000529  getchar_uart3                 
20000000  hex_file                      
2000e094  hex_file_dump_to_msp32_state  
0000152d  init_gpio                     
00000fc5  init_lcd                      
00000000  interruptVectors              
0000112d  lcd_print_str                 
000011dd  main                          
0000178b  memcpy                        
0000182f  memset                        
00000307  putstr                        
00000389  putstr_uart2                  
00000445  putstr_uart3                  
00000711  receive_hex_file              
00001639  reset_8051                    
0000081f  send_hex_file_to_8051         
00001589  set_led                       
2000e08a  spi_rx_data                   
2000e088  spi_tx_data                   
2000e030  start_server                  
00001ae1  strcat                        
00001a99  strcspn                       
00001aff  strlen                        
00001a41  strncat                       
00001a6f  strspn                        
00001a0d  strstr                        
00001999  strtok                        
000000e5  uart_init                     
00001185  updateCursorPointer           
2000dfc0  wifi_connect                  


GLOBAL SYMBOLS: SORTED BY Symbol Address 

address   name                          
-------   ----                          
00000000  __TI_static_base__            
00000000  interruptVectors              
000000e5  uart_init                     
000001db  echo                          
00000200  __STACK_SIZE                  
00000219  echo_uart2                    
00000257  get_line_of_command_raw       
000002d5  get_esp32_response            
00000307  putstr                        
00000389  putstr_uart2                  
00000445  putstr_uart3                  
000004c1  getchar                       
000004f1  getchar_uart2                 
00000529  getchar_uart3                 
00000559  echo_uart3                    
000005a9  accept_number_from_user       
00000711  receive_hex_file              
0000081f  send_hex_file_to_8051         
00000a49  SystemCoreClockUpdate         
00000cc1  SystemInit                    
00000d7d  EUSCIA0_IRQHandler            
00000d7d  EUSCIA0_IRQHandler            
00000e0b  EUSCIA2_IRQHandler            
00000e0b  EUSCIA2_IRQHandler            
00000e99  EUSCIA3_IRQHandler            
00000e99  EUSCIA3_IRQHandler            
00000f27  EUSCIB3_IRQHandler            
00000f27  EUSCIB3_IRQHandler            
00000fc5  init_lcd                      
00001031  LCD_nibble_write              
00001089  LCD_command                   
000010c3  LCD_data                      
000010f1  delayMs                       
0000112d  lcd_print_str                 
00001185  updateCursorPointer           
000011dd  main                          
000013d5  cbfifo_enqueue                
00001477  cbfifo_dequeue                
0000150d  cbfifo_length                 
0000151d  cbfifo_capacity               
0000152d  init_gpio                     
00001589  set_led                       
000015ef  enter_8051_into_bootloader    
00001639  reset_8051                    
0000167d  esp_32_command                
0000178b  __aeabi_memcpy                
0000178b  __aeabi_memcpy4               
0000178b  __aeabi_memcpy8               
0000178b  memcpy                        
00001827  __aeabi_memclr                
00001827  __aeabi_memclr4               
00001827  __aeabi_memclr8               
00001829  __aeabi_memset                
00001829  __aeabi_memset4               
00001829  __aeabi_memset8               
0000182f  memset                        
000018a1  __TI_decompress_lzss          
00001909  atoi                          
00001955  __TI_auto_init_nobinit_nopinit
00001999  strtok                        
000019d9  _c_int00_noargs               
00001a0d  strstr                        
00001a41  strncat                       
00001a6f  strspn                        
00001a99  strcspn                       
00001abd  delay                         
00001ae1  strcat                        
00001aff  strlen                        
00001b13  __TI_decompress_none          
00001b21  Reset_Handler                 
00001b2d  ADC14_IRQHandler              
00001b2d  AES256_IRQHandler             
00001b2d  BusFault_Handler              
00001b2d  COMP_E0_IRQHandler            
00001b2d  COMP_E1_IRQHandler            
00001b2d  CS_IRQHandler                 
00001b2d  DMA_ERR_IRQHandler            
00001b2d  DMA_INT0_IRQHandler           
00001b2d  DMA_INT1_IRQHandler           
00001b2d  DMA_INT2_IRQHandler           
00001b2d  DMA_INT3_IRQHandler           
00001b2d  DebugMon_Handler              
00001b2d  Default_Handler               
00001b2d  EUSCIA1_IRQHandler            
00001b2d  EUSCIB0_IRQHandler            
00001b2d  EUSCIB1_IRQHandler            
00001b2d  EUSCIB2_IRQHandler            
00001b2d  FLCTL_IRQHandler              
00001b2d  FPU_IRQHandler                
00001b2d  HardFault_Handler             
00001b2d  MemManage_Handler             
00001b2d  NMI_Handler                   
00001b2d  PCM_IRQHandler                
00001b2d  PORT1_IRQHandler              
00001b2d  PORT2_IRQHandler              
00001b2d  PORT3_IRQHandler              
00001b2d  PORT4_IRQHandler              
00001b2d  PORT5_IRQHandler              
00001b2d  PORT6_IRQHandler              
00001b2d  PSS_IRQHandler                
00001b2d  PendSV_Handler                
00001b2d  RTC_C_IRQHandler              
00001b2d  SVC_Handler                   
00001b2d  SysTick_Handler               
00001b2d  T32_INT1_IRQHandler           
00001b2d  T32_INT2_IRQHandler           
00001b2d  T32_INTC_IRQHandler           
00001b2d  TA0_0_IRQHandler              
00001b2d  TA0_N_IRQHandler              
00001b2d  TA1_0_IRQHandler              
00001b2d  TA1_N_IRQHandler              
00001b2d  TA2_0_IRQHandler              
00001b2d  TA2_N_IRQHandler              
00001b2d  TA3_0_IRQHandler              
00001b2d  TA3_N_IRQHandler              
00001b2d  UsageFault_Handler            
00001b2d  WDT_A_IRQHandler              
00001b2f  __TI_zero_init                
00001b3b  _system_pre_init              
00001b3f  C$$EXIT                       
00001b3f  abort                         
00001e38  _ctypes_                      
00001fd4  __TI_Handler_Table_Base       
00001fe0  __TI_Handler_Table_Limit      
00001fe8  __TI_CINIT_Base               
00001ff8  __TI_CINIT_Limit              
20000000  __start___llvm_prf_cnts       
20000000  __stop___llvm_prf_cnts        
20000000  hex_file                      
2000c350  cbfifo_receive_uart0          
2000c760  cbfifo_receive_uart2          
2000cb70  cbfifo_receive_uart3          
2000cf80  cbfifo_transmit_uart0         
2000d390  cbfifo_transmit_uart2         
2000d7a0  cbfifo_transmit_uart3         
2000dfc0  wifi_connect                  
2000e030  start_server                  
2000e088  spi_tx_data                   
2000e08a  spi_rx_data                   
2000e08c  SystemCoreClock               
2000e094  hex_file_dump_to_msp32_state  
2000fe00  __stack                       
20010000  __STACK_END                   
4000480c  WDTCTL_SYM                    
ffffffff  __TI_pprof_out_hndl           
ffffffff  __TI_prof_data_size           
ffffffff  __TI_prof_data_start          
ffffffff  __binit__                     
ffffffff  __c_args__                    
ffffffff  binit                         
UNDEFED   __mpu_init                    
UNDEFED   _system_post_cinit            

[152 symbols]
